OpenJDK 64-Bit Server VM (25.292-b10) for linux-amd64 JRE (1.8.0_292-8u292-b10-0ubuntu1~20.04-b10), built on Apr 21 2021 11:46:09 by "buildd" with gcc 9.3.0
Memory: 4k page, physical 32887520k(29224824k free), swap 0k(0k free)
CommandLine flags: -XX:+AlwaysPreTouch -XX:+ExplicitGCInvokesConcurrent -XX:GCLogFileSize=20971520 -XX:InitialHeapSize=536870912 -XX:MaxGCPauseMillis=250 -XX:MaxHeapSize=536870912 -XX:NumberOfGCLogFiles=9 -XX:-OmitStackTraceInFastThrow -XX:OnOutOfMemoryError=/home/ubuntu/solr-8.9.0/bin/oom_solr.sh 7574 /home/ubuntu/solr-8.9.0/example/cloud/node2/solr/../logs -XX:+ParallelRefProcEnabled -XX:+PerfDisableSharedMem -XX:+PrintGC -XX:+PrintGCApplicationStoppedTime -XX:+PrintGCDateStamps -XX:+PrintGCDetails -XX:+PrintGCTimeStamps -XX:+PrintHeapAtGC -XX:+PrintTenuringDistribution -XX:ThreadStackSize=256 -XX:+UseCompressedClassPointers -XX:+UseCompressedOops -XX:+UseG1GC -XX:+UseGCLogFileRotation -XX:+UseLargePages 
2021-08-12T12:20:28.467+0200: 0.658: Total time for which application threads were stopped: 0.0001922 seconds, Stopping threads took: 0.0000342 seconds
2021-08-12T12:20:28.568+0200: 0.758: Total time for which application threads were stopped: 0.0002389 seconds, Stopping threads took: 0.0000270 seconds
2021-08-12T12:20:28.583+0200: 0.774: Total time for which application threads were stopped: 0.0001650 seconds, Stopping threads took: 0.0000522 seconds
2021-08-12T12:20:28.688+0200: 0.879: Total time for which application threads were stopped: 0.0002892 seconds, Stopping threads took: 0.0000763 seconds
{Heap before GC invocations=0 (full 0):
 garbage-first heap   total 524288K, used 30720K [0x00000000e0000000, 0x00000000e0101000, 0x0000000100000000)
  region size 1024K, 30 young (30720K), 0 survivors (0K)
 Metaspace       used 10169K, capacity 10448K, committed 10624K, reserved 1058816K
  class space    used 1248K, capacity 1362K, committed 1408K, reserved 1048576K
2021-08-12T12:20:28.838+0200: 1.029: [GC pause (G1 Evacuation Pause) (young)
Desired survivor size 2097152 bytes, new threshold 15 (max 15)
, 0.0141034 secs]
   [Parallel Time: 5.5 ms, GC Workers: 8]
      [GC Worker Start (ms): Min: 1029.2, Avg: 1031.3, Max: 1034.5, Diff: 5.2]
      [Ext Root Scanning (ms): Min: 0.0, Avg: 0.4, Max: 1.2, Diff: 1.2, Sum: 3.5]
      [Update RS (ms): Min: 0.0, Avg: 0.0, Max: 0.0, Diff: 0.0, Sum: 0.0]
         [Processed Buffers: Min: 0, Avg: 0.0, Max: 0, Diff: 0, Sum: 0]
      [Scan RS (ms): Min: 0.0, Avg: 0.0, Max: 0.0, Diff: 0.0, Sum: 0.0]
      [Code Root Scanning (ms): Min: 0.0, Avg: 0.1, Max: 0.5, Diff: 0.5, Sum: 0.9]
      [Object Copy (ms): Min: 0.0, Avg: 2.5, Max: 4.2, Diff: 4.2, Sum: 19.7]
      [Termination (ms): Min: 0.0, Avg: 0.2, Max: 0.3, Diff: 0.3, Sum: 1.5]
         [Termination Attempts: Min: 1, Avg: 13.4, Max: 34, Diff: 33, Sum: 107]
      [GC Worker Other (ms): Min: 0.0, Avg: 0.0, Max: 0.1, Diff: 0.1, Sum: 0.3]
      [GC Worker Total (ms): Min: 0.0, Avg: 3.2, Max: 5.3, Diff: 5.3, Sum: 26.0]
      [GC Worker End (ms): Min: 1034.5, Avg: 1034.5, Max: 1034.6, Diff: 0.0]
   [Code Root Fixup: 0.0 ms]
   [Code Root Purge: 0.0 ms]
   [Clear CT: 0.3 ms]
   [Other: 8.3 ms]
      [Choose CSet: 0.0 ms]
      [Ref Proc: 7.6 ms]
      [Ref Enq: 0.2 ms]
      [Redirty Cards: 0.2 ms]
      [Humongous Register: 0.0 ms]
      [Humongous Reclaim: 0.0 ms]
      [Free CSet: 0.1 ms]
   [Eden: 30720.0K(30720.0K)->0.0B(49152.0K) Survivors: 0.0B->4096.0K Heap: 30720.0K(512.0M)->5368.0K(512.0M)]
Heap after GC invocations=1 (full 0):
 garbage-first heap   total 524288K, used 5368K [0x00000000e0000000, 0x00000000e0101000, 0x0000000100000000)
  region size 1024K, 4 young (4096K), 4 survivors (4096K)
 Metaspace       used 10169K, capacity 10448K, committed 10624K, reserved 1058816K
  class space    used 1248K, capacity 1362K, committed 1408K, reserved 1048576K
}
 [Times: user=0.04 sys=0.01, real=0.01 secs] 
2021-08-12T12:20:28.853+0200: 1.043: Total time for which application threads were stopped: 0.0144636 seconds, Stopping threads took: 0.0000422 seconds
2021-08-12T12:20:28.880+0200: 1.071: Total time for which application threads were stopped: 0.0002497 seconds, Stopping threads took: 0.0000316 seconds
2021-08-12T12:20:28.984+0200: 1.175: Total time for which application threads were stopped: 0.0002747 seconds, Stopping threads took: 0.0000495 seconds
2021-08-12T12:20:29.146+0200: 1.337: Total time for which application threads were stopped: 0.0003974 seconds, Stopping threads took: 0.0000358 seconds
2021-08-12T12:20:29.320+0200: 1.511: Total time for which application threads were stopped: 0.0003061 seconds, Stopping threads took: 0.0000260 seconds
2021-08-12T12:20:29.326+0200: 1.517: Total time for which application threads were stopped: 0.0001617 seconds, Stopping threads took: 0.0000480 seconds
2021-08-12T12:20:29.388+0200: 1.579: Total time for which application threads were stopped: 0.0003114 seconds, Stopping threads took: 0.0000383 seconds
2021-08-12T12:20:29.406+0200: 1.596: Total time for which application threads were stopped: 0.0002835 seconds, Stopping threads took: 0.0000756 seconds
{Heap before GC invocations=1 (full 0):
 garbage-first heap   total 524288K, used 55544K [0x00000000e0000000, 0x00000000e0101000, 0x0000000100000000)
  region size 1024K, 51 young (52224K), 4 survivors (4096K)
 Metaspace       used 18819K, capacity 19278K, committed 19328K, reserved 1067008K
  class space    used 2301K, capacity 2424K, committed 2432K, reserved 1048576K
2021-08-12T12:20:29.478+0200: 1.669: [GC pause (G1 Evacuation Pause) (young)
Desired survivor size 3670016 bytes, new threshold 15 (max 15)
- age   1:    2436864 bytes,    2436864 total
, 0.0290941 secs]
   [Parallel Time: 13.7 ms, GC Workers: 8]
      [GC Worker Start (ms): Min: 1668.8, Avg: 1672.4, Max: 1682.2, Diff: 13.4]
      [Ext Root Scanning (ms): Min: 0.0, Avg: 0.6, Max: 1.7, Diff: 1.7, Sum: 4.9]
      [Update RS (ms): Min: 0.0, Avg: 1.2, Max: 2.1, Diff: 2.1, Sum: 9.4]
         [Processed Buffers: Min: 0, Avg: 1.4, Max: 3, Diff: 3, Sum: 11]
      [Scan RS (ms): Min: 0.0, Avg: 0.0, Max: 0.2, Diff: 0.2, Sum: 0.3]
      [Code Root Scanning (ms): Min: 0.0, Avg: 0.2, Max: 1.4, Diff: 1.4, Sum: 1.9]
      [Object Copy (ms): Min: 0.0, Avg: 7.6, Max: 10.6, Diff: 10.6, Sum: 61.0]
      [Termination (ms): Min: 0.0, Avg: 0.1, Max: 0.2, Diff: 0.2, Sum: 1.1]
         [Termination Attempts: Min: 1, Avg: 5.6, Max: 15, Diff: 14, Sum: 45]
      [GC Worker Other (ms): Min: 0.0, Avg: 0.0, Max: 0.0, Diff: 0.0, Sum: 0.1]
      [GC Worker Total (ms): Min: 0.0, Avg: 9.8, Max: 13.4, Diff: 13.4, Sum: 78.8]
      [GC Worker End (ms): Min: 1682.2, Avg: 1682.2, Max: 1682.2, Diff: 0.0]
   [Code Root Fixup: 0.1 ms]
   [Code Root Purge: 0.0 ms]
   [Clear CT: 0.2 ms]
   [Other: 15.2 ms]
      [Choose CSet: 0.0 ms]
      [Ref Proc: 14.5 ms]
      [Ref Enq: 0.2 ms]
      [Redirty Cards: 0.2 ms]
      [Humongous Register: 0.0 ms]
      [Humongous Reclaim: 0.0 ms]
      [Free CSet: 0.1 ms]
   [Eden: 48128.0K(48128.0K)->0.0B(300.0M) Survivors: 4096.0K->7168.0K Heap: 55544.3K(512.0M)->20135.8K(512.0M)]
Heap after GC invocations=2 (full 0):
 garbage-first heap   total 524288K, used 20135K [0x00000000e0000000, 0x00000000e0101000, 0x0000000100000000)
  region size 1024K, 7 young (7168K), 7 survivors (7168K)
 Metaspace       used 18819K, capacity 19278K, committed 19328K, reserved 1067008K
  class space    used 2301K, capacity 2424K, committed 2432K, reserved 1048576K
}
 [Times: user=0.15 sys=0.01, real=0.03 secs] 
2021-08-12T12:20:29.507+0200: 1.698: Total time for which application threads were stopped: 0.0294305 seconds, Stopping threads took: 0.0000602 seconds
{Heap before GC invocations=2 (full 0):
 garbage-first heap   total 524288K, used 42663K [0x00000000e0000000, 0x00000000e0101000, 0x0000000100000000)
  region size 1024K, 29 young (29696K), 7 survivors (7168K)
 Metaspace       used 19017K, capacity 19454K, committed 19712K, reserved 1067008K
  class space    used 2316K, capacity 2460K, committed 2560K, reserved 1048576K
2021-08-12T12:20:29.624+0200: 1.815: [GC pause (G1 Evacuation Pause) (young)
Desired survivor size 2097152 bytes, new threshold 1 (max 15)
- age   1:    5093192 bytes,    5093192 total
- age   2:     986352 bytes,    6079544 total
, 0.0433754 secs]
   [Parallel Time: 38.5 ms, GC Workers: 8]
      [GC Worker Start (ms): Min: 1815.4, Avg: 1817.5, Max: 1819.7, Diff: 4.3]
      [Ext Root Scanning (ms): Min: 0.0, Avg: 0.4, Max: 1.6, Diff: 1.6, Sum: 3.3]
      [Update RS (ms): Min: 0.0, Avg: 0.2, Max: 0.5, Diff: 0.5, Sum: 1.5]
         [Processed Buffers: Min: 0, Avg: 1.8, Max: 5, Diff: 5, Sum: 14]
      [Scan RS (ms): Min: 0.1, Avg: 1.2, Max: 2.5, Diff: 2.3, Sum: 9.5]
      [Code Root Scanning (ms): Min: 0.0, Avg: 3.5, Max: 13.4, Diff: 13.4, Sum: 28.0]
      [Object Copy (ms): Min: 21.2, Avg: 30.5, Max: 33.9, Diff: 12.7, Sum: 243.8]
      [Termination (ms): Min: 0.0, Avg: 0.2, Max: 0.3, Diff: 0.3, Sum: 1.7]
         [Termination Attempts: Min: 1, Avg: 129.2, Max: 184, Diff: 183, Sum: 1034]
      [GC Worker Other (ms): Min: 0.0, Avg: 0.0, Max: 0.0, Diff: 0.0, Sum: 0.1]
      [GC Worker Total (ms): Min: 33.8, Avg: 36.0, Max: 38.1, Diff: 4.3, Sum: 288.0]
      [GC Worker End (ms): Min: 1853.5, Avg: 1853.5, Max: 1853.5, Diff: 0.0]
   [Code Root Fixup: 0.1 ms]
   [Code Root Purge: 0.0 ms]
   [Clear CT: 0.2 ms]
   [Other: 4.6 ms]
      [Choose CSet: 0.0 ms]
      [Ref Proc: 3.9 ms]
      [Ref Enq: 0.2 ms]
      [Redirty Cards: 0.2 ms]
      [Humongous Register: 0.0 ms]
      [Humongous Reclaim: 0.0 ms]
      [Free CSet: 0.1 ms]
   [Eden: 22528.0K(18432.0K)->0.0B(303.0M) Survivors: 7168.0K->4096.0K Heap: 42663.8K(512.0M)->29696.3K(512.0M)]
Heap after GC invocations=3 (full 0):
 garbage-first heap   total 524288K, used 29696K [0x00000000e0000000, 0x00000000e0101000, 0x0000000100000000)
  region size 1024K, 4 young (4096K), 4 survivors (4096K)
 Metaspace       used 19017K, capacity 19454K, committed 19712K, reserved 1067008K
  class space    used 2316K, capacity 2460K, committed 2560K, reserved 1048576K
}
 [Times: user=0.26 sys=0.00, real=0.04 secs] 
2021-08-12T12:20:29.668+0200: 1.859: Total time for which application threads were stopped: 0.0438117 seconds, Stopping threads took: 0.0000952 seconds
2021-08-12T12:20:29.679+0200: 1.870: Total time for which application threads were stopped: 0.0003160 seconds, Stopping threads took: 0.0000273 seconds
{Heap before GC invocations=3 (full 0):
 garbage-first heap   total 524288K, used 51200K [0x00000000e0000000, 0x00000000e0101000, 0x0000000100000000)
  region size 1024K, 26 young (26624K), 4 survivors (4096K)
 Metaspace       used 20694K, capacity 21178K, committed 21296K, reserved 1069056K
  class space    used 2515K, capacity 2644K, committed 2688K, reserved 1048576K
2021-08-12T12:20:29.835+0200: 2.025: [GC pause (Metadata GC Threshold) (young) (initial-mark)
Desired survivor size 20447232 bytes, new threshold 15 (max 15)
- age   1:     831960 bytes,     831960 total
, 0.0123425 secs]
   [Parallel Time: 4.3 ms, GC Workers: 8]
      [GC Worker Start (ms): Min: 2025.6, Avg: 2025.9, Max: 2026.6, Diff: 1.0]
      [Ext Root Scanning (ms): Min: 0.8, Avg: 1.2, Max: 2.8, Diff: 2.1, Sum: 10.0]
      [Update RS (ms): Min: 0.0, Avg: 0.4, Max: 2.0, Diff: 2.0, Sum: 3.6]
         [Processed Buffers: Min: 0, Avg: 2.0, Max: 4, Diff: 4, Sum: 16]
      [Scan RS (ms): Min: 0.0, Avg: 0.0, Max: 0.1, Diff: 0.1, Sum: 0.3]
      [Code Root Scanning (ms): Min: 0.0, Avg: 0.0, Max: 0.0, Diff: 0.0, Sum: 0.1]
      [Object Copy (ms): Min: 0.0, Avg: 1.6, Max: 2.1, Diff: 2.1, Sum: 12.9]
      [Termination (ms): Min: 0.0, Avg: 0.2, Max: 0.3, Diff: 0.3, Sum: 1.7]
         [Termination Attempts: Min: 1, Avg: 12.0, Max: 24, Diff: 23, Sum: 96]
      [GC Worker Other (ms): Min: 0.0, Avg: 0.0, Max: 0.1, Diff: 0.1, Sum: 0.2]
      [GC Worker Total (ms): Min: 2.8, Avg: 3.6, Max: 3.9, Diff: 1.0, Sum: 28.8]
      [GC Worker End (ms): Min: 2029.4, Avg: 2029.5, Max: 2029.5, Diff: 0.1]
   [Code Root Fixup: 0.0 ms]
   [Code Root Purge: 0.0 ms]
   [Clear CT: 0.3 ms]
   [Other: 7.7 ms]
      [Choose CSet: 0.0 ms]
      [Ref Proc: 6.8 ms]
      [Ref Enq: 0.3 ms]
      [Redirty Cards: 0.3 ms]
      [Humongous Register: 0.0 ms]
      [Humongous Reclaim: 0.0 ms]
      [Free CSet: 0.0 ms]
   [Eden: 22528.0K(303.0M)->0.0B(302.0M) Survivors: 4096.0K->5120.0K Heap: 52224.3K(512.0M)->30065.7K(512.0M)]
Heap after GC invocations=4 (full 0):
 garbage-first heap   total 524288K, used 30065K [0x00000000e0000000, 0x00000000e0101000, 0x0000000100000000)
  region size 1024K, 5 young (5120K), 5 survivors (5120K)
 Metaspace       used 20694K, capacity 21178K, committed 21296K, reserved 1069056K
  class space    used 2515K, capacity 2644K, committed 2688K, reserved 1048576K
}
 [Times: user=0.04 sys=0.01, real=0.01 secs] 
2021-08-12T12:20:29.847+0200: 2.038: Total time for which application threads were stopped: 0.0129388 seconds, Stopping threads took: 0.0000663 seconds
2021-08-12T12:20:29.847+0200: 2.038: [GC concurrent-root-region-scan-start]
2021-08-12T12:20:29.849+0200: 2.039: [GC concurrent-root-region-scan-end, 0.0011776 secs]
2021-08-12T12:20:29.849+0200: 2.039: [GC concurrent-mark-start]
2021-08-12T12:20:29.867+0200: 2.058: [GC concurrent-mark-end, 0.0182800 secs]
2021-08-12T12:20:29.867+0200: 2.058: [GC remark 2021-08-12T12:20:29.867+0200: 2.058: [Finalize Marking, 0.0008879 secs] 2021-08-12T12:20:29.868+0200: 2.059: [GC ref-proc, 0.0047307 secs] 2021-08-12T12:20:29.873+0200: 2.064: [Unloading, 0.0042468 secs], 0.0105587 secs]
 [Times: user=0.05 sys=0.00, real=0.01 secs] 
2021-08-12T12:20:29.878+0200: 2.068: Total time for which application threads were stopped: 0.0107795 seconds, Stopping threads took: 0.0001044 seconds
2021-08-12T12:20:29.878+0200: 2.069: [GC cleanup 34161K->25969K(512M), 0.0022856 secs]
 [Times: user=0.00 sys=0.00, real=0.00 secs] 
2021-08-12T12:20:29.880+0200: 2.071: Total time for which application threads were stopped: 0.0024412 seconds, Stopping threads took: 0.0000949 seconds
2021-08-12T12:20:29.880+0200: 2.071: [GC concurrent-cleanup-start]
2021-08-12T12:20:29.880+0200: 2.071: [GC concurrent-cleanup-end, 0.0000180 secs]
2021-08-12T12:20:30.675+0200: 2.866: Total time for which application threads were stopped: 0.0008234 seconds, Stopping threads took: 0.0000997 seconds
2021-08-12T12:20:30.682+0200: 2.872: Total time for which application threads were stopped: 0.0004135 seconds, Stopping threads took: 0.0000690 seconds
2021-08-12T12:20:30.683+0200: 2.874: Total time for which application threads were stopped: 0.0003721 seconds, Stopping threads took: 0.0000862 seconds
2021-08-12T12:20:30.711+0200: 2.902: Total time for which application threads were stopped: 0.0003942 seconds, Stopping threads took: 0.0000768 seconds
2021-08-12T12:20:30.764+0200: 2.954: Total time for which application threads were stopped: 0.0003515 seconds, Stopping threads took: 0.0000554 seconds
2021-08-12T12:20:30.849+0200: 3.040: Total time for which application threads were stopped: 0.0007240 seconds, Stopping threads took: 0.0000573 seconds
2021-08-12T12:20:30.941+0200: 3.131: Total time for which application threads were stopped: 0.0005956 seconds, Stopping threads took: 0.0000729 seconds
2021-08-12T12:20:30.987+0200: 3.178: Total time for which application threads were stopped: 0.0005420 seconds, Stopping threads took: 0.0000910 seconds
2021-08-12T12:20:31.363+0200: 3.553: Total time for which application threads were stopped: 0.0006517 seconds, Stopping threads took: 0.0000419 seconds
{Heap before GC invocations=5 (full 0):
 garbage-first heap   total 524288K, used 211313K [0x00000000e0000000, 0x00000000e0101000, 0x0000000100000000)
  region size 1024K, 191 young (195584K), 5 survivors (5120K)
 Metaspace       used 34991K, capacity 35993K, committed 36048K, reserved 1081344K
  class space    used 4214K, capacity 4501K, committed 4556K, reserved 1048576K
2021-08-12T12:20:31.680+0200: 3.871: [GC pause (Metadata GC Threshold) (young) (initial-mark)
Desired survivor size 20447232 bytes, new threshold 15 (max 15)
- age   1:     503584 bytes,     503584 total
- age   2:     757688 bytes,    1261272 total
, 0.0228752 secs]
   [Parallel Time: 13.9 ms, GC Workers: 8]
      [GC Worker Start (ms): Min: 3871.0, Avg: 3871.5, Max: 3873.0, Diff: 2.0]
      [Ext Root Scanning (ms): Min: 0.2, Avg: 2.6, Max: 9.4, Diff: 9.2, Sum: 20.4]
      [Update RS (ms): Min: 0.0, Avg: 0.3, Max: 1.0, Diff: 1.0, Sum: 2.5]
         [Processed Buffers: Min: 0, Avg: 2.0, Max: 4, Diff: 4, Sum: 16]
      [Scan RS (ms): Min: 0.0, Avg: 0.0, Max: 0.1, Diff: 0.1, Sum: 0.3]
      [Code Root Scanning (ms): Min: 0.0, Avg: 0.2, Max: 0.4, Diff: 0.4, Sum: 1.3]
      [Object Copy (ms): Min: 0.0, Avg: 5.9, Max: 7.0, Diff: 7.0, Sum: 47.5]
      [Termination (ms): Min: 0.0, Avg: 0.6, Max: 3.9, Diff: 3.9, Sum: 5.1]
         [Termination Attempts: Min: 1, Avg: 12.1, Max: 16, Diff: 15, Sum: 97]
      [GC Worker Other (ms): Min: 0.0, Avg: 0.0, Max: 0.1, Diff: 0.1, Sum: 0.2]
      [GC Worker Total (ms): Min: 7.6, Avg: 9.7, Max: 13.4, Diff: 5.7, Sum: 77.4]
      [GC Worker End (ms): Min: 3880.6, Avg: 3881.1, Max: 3884.4, Diff: 3.7]
   [Code Root Fixup: 0.0 ms]
   [Code Root Purge: 0.0 ms]
   [Clear CT: 0.2 ms]
   [Other: 8.7 ms]
      [Choose CSet: 0.0 ms]
      [Ref Proc: 7.6 ms]
      [Ref Enq: 0.2 ms]
      [Redirty Cards: 0.2 ms]
      [Humongous Register: 0.0 ms]
      [Humongous Reclaim: 0.0 ms]
      [Free CSet: 0.3 ms]
   [Eden: 186.0M(302.0M)->0.0B(287.0M) Survivors: 5120.0K->20480.0K Heap: 207.4M(512.0M)->37118.9K(512.0M)]
Heap after GC invocations=6 (full 0):
 garbage-first heap   total 524288K, used 37118K [0x00000000e0000000, 0x00000000e0101000, 0x0000000100000000)
  region size 1024K, 20 young (20480K), 20 survivors (20480K)
 Metaspace       used 34991K, capacity 35993K, committed 36048K, reserved 1081344K
  class space    used 4214K, capacity 4501K, committed 4556K, reserved 1048576K
}
 [Times: user=0.11 sys=0.00, real=0.03 secs] 
2021-08-12T12:20:31.703+0200: 3.894: Total time for which application threads were stopped: 0.0237817 seconds, Stopping threads took: 0.0000851 seconds
2021-08-12T12:20:31.703+0200: 3.894: [GC concurrent-root-region-scan-start]
2021-08-12T12:20:31.708+0200: 3.899: [GC concurrent-root-region-scan-end, 0.0046971 secs]
2021-08-12T12:20:31.708+0200: 3.899: [GC concurrent-mark-start]
2021-08-12T12:20:31.723+0200: 3.914: Total time for which application threads were stopped: 0.0005304 seconds, Stopping threads took: 0.0000637 seconds
2021-08-12T12:20:31.727+0200: 3.918: [GC concurrent-mark-end, 0.0192459 secs]
2021-08-12T12:20:31.728+0200: 3.918: [GC remark 2021-08-12T12:20:31.728+0200: 3.918: [Finalize Marking, 0.0008211 secs] 2021-08-12T12:20:31.728+0200: 3.919: [GC ref-proc, 0.0055886 secs] 2021-08-12T12:20:31.734+0200: 3.925: [Unloading, 0.0122285 secs], 0.0194007 secs]
 [Times: user=0.09 sys=0.00, real=0.02 secs] 
2021-08-12T12:20:31.747+0200: 3.938: Total time for which application threads were stopped: 0.0196483 seconds, Stopping threads took: 0.0001338 seconds
2021-08-12T12:20:31.747+0200: 3.938: [GC cleanup 40704K->40704K(512M), 0.0016414 secs]
 [Times: user=0.00 sys=0.00, real=0.00 secs] 
2021-08-12T12:20:31.749+0200: 3.940: Total time for which application threads were stopped: 0.0018017 seconds, Stopping threads took: 0.0000717 seconds
2021-08-12T12:20:32.163+0200: 4.354: Total time for which application threads were stopped: 0.0011236 seconds, Stopping threads took: 0.0000575 seconds
2021-08-12T12:20:32.272+0200: 4.462: Total time for which application threads were stopped: 0.0005383 seconds, Stopping threads took: 0.0000570 seconds
2021-08-12T12:20:32.360+0200: 4.551: Total time for which application threads were stopped: 0.0009062 seconds, Stopping threads took: 0.0000288 seconds
2021-08-12T12:20:33.361+0200: 5.551: Total time for which application threads were stopped: 0.0002449 seconds, Stopping threads took: 0.0000728 seconds
2021-08-12T12:20:50.364+0200: 22.555: Total time for which application threads were stopped: 0.0003729 seconds, Stopping threads took: 0.0001452 seconds
2021-08-12T12:20:53.365+0200: 25.556: Total time for which application threads were stopped: 0.0002609 seconds, Stopping threads took: 0.0000782 seconds
2021-08-12T12:21:12.369+0200: 44.559: Total time for which application threads were stopped: 0.0005230 seconds, Stopping threads took: 0.0002393 seconds
2021-08-12T12:21:21.066+0200: 53.257: Total time for which application threads were stopped: 0.0019818 seconds, Stopping threads took: 0.0000932 seconds
2021-08-12T12:21:21.068+0200: 53.258: Total time for which application threads were stopped: 0.0009325 seconds, Stopping threads took: 0.0007482 seconds
2021-08-12T12:21:21.069+0200: 53.260: Total time for which application threads were stopped: 0.0002103 seconds, Stopping threads took: 0.0000414 seconds
2021-08-12T12:21:22.069+0200: 54.260: Total time for which application threads were stopped: 0.0002395 seconds, Stopping threads took: 0.0000730 seconds
2021-08-12T12:21:25.302+0200: 57.492: Total time for which application threads were stopped: 0.0001999 seconds, Stopping threads took: 0.0000490 seconds
2021-08-12T12:21:25.305+0200: 57.496: Total time for which application threads were stopped: 0.0001684 seconds, Stopping threads took: 0.0001059 seconds
2021-08-12T12:21:26.306+0200: 58.496: Total time for which application threads were stopped: 0.0004073 seconds, Stopping threads took: 0.0000995 seconds
2021-08-12T12:21:32.307+0200: 64.498: Total time for which application threads were stopped: 0.0003009 seconds, Stopping threads took: 0.0000821 seconds
2021-08-12T12:21:42.309+0200: 74.500: Total time for which application threads were stopped: 0.0002331 seconds, Stopping threads took: 0.0000653 seconds
2021-08-12T12:21:52.311+0200: 84.502: Total time for which application threads were stopped: 0.0002388 seconds, Stopping threads took: 0.0000676 seconds
2021-08-12T12:22:25.412+0200: 117.603: Total time for which application threads were stopped: 0.0003172 seconds, Stopping threads took: 0.0000890 seconds
2021-08-12T12:22:25.413+0200: 117.604: Total time for which application threads were stopped: 0.0001478 seconds, Stopping threads took: 0.0000378 seconds
2021-08-12T12:22:25.419+0200: 117.610: Total time for which application threads were stopped: 0.0003084 seconds, Stopping threads took: 0.0002129 seconds
2021-08-12T12:22:26.420+0200: 118.611: Total time for which application threads were stopped: 0.0002886 seconds, Stopping threads took: 0.0000777 seconds
2021-08-12T12:22:44.984+0200: 137.175: Total time for which application threads were stopped: 0.0002742 seconds, Stopping threads took: 0.0000591 seconds
2021-08-12T12:22:45.437+0200: 137.627: Total time for which application threads were stopped: 0.0021247 seconds, Stopping threads took: 0.0019227 seconds
2021-08-12T12:22:45.439+0200: 137.629: Total time for which application threads were stopped: 0.0008760 seconds, Stopping threads took: 0.0007923 seconds
2021-08-12T12:22:45.441+0200: 137.632: Total time for which application threads were stopped: 0.0001905 seconds, Stopping threads took: 0.0000525 seconds
2021-08-12T12:22:45.445+0200: 137.636: Total time for which application threads were stopped: 0.0004711 seconds, Stopping threads took: 0.0002536 seconds
2021-08-12T12:22:45.448+0200: 137.639: Total time for which application threads were stopped: 0.0002079 seconds, Stopping threads took: 0.0000580 seconds
2021-08-12T12:22:45.452+0200: 137.642: Total time for which application threads were stopped: 0.0003068 seconds, Stopping threads took: 0.0000588 seconds
2021-08-12T12:22:45.610+0200: 137.801: Total time for which application threads were stopped: 0.0003045 seconds, Stopping threads took: 0.0000512 seconds
2021-08-12T12:22:45.612+0200: 137.803: Total time for which application threads were stopped: 0.0010056 seconds, Stopping threads took: 0.0008291 seconds
2021-08-12T12:22:45.615+0200: 137.806: Total time for which application threads were stopped: 0.0005054 seconds, Stopping threads took: 0.0003448 seconds
2021-08-12T12:22:45.616+0200: 137.806: Total time for which application threads were stopped: 0.0003573 seconds, Stopping threads took: 0.0002649 seconds
2021-08-12T12:22:45.616+0200: 137.807: Total time for which application threads were stopped: 0.0001636 seconds, Stopping threads took: 0.0000673 seconds
2021-08-12T12:22:45.657+0200: 137.847: Total time for which application threads were stopped: 0.0005933 seconds, Stopping threads took: 0.0000883 seconds
2021-08-12T12:22:45.692+0200: 137.883: Total time for which application threads were stopped: 0.0003022 seconds, Stopping threads took: 0.0000735 seconds
2021-08-12T12:22:45.695+0200: 137.885: Total time for which application threads were stopped: 0.0001972 seconds, Stopping threads took: 0.0000722 seconds
2021-08-12T12:22:45.697+0200: 137.887: Total time for which application threads were stopped: 0.0001513 seconds, Stopping threads took: 0.0000422 seconds
2021-08-12T12:22:45.701+0200: 137.892: Total time for which application threads were stopped: 0.0004601 seconds, Stopping threads took: 0.0001377 seconds
2021-08-12T12:22:45.729+0200: 137.919: Total time for which application threads were stopped: 0.0007753 seconds, Stopping threads took: 0.0006087 seconds
2021-08-12T12:22:45.741+0200: 137.932: Total time for which application threads were stopped: 0.0004514 seconds, Stopping threads took: 0.0002401 seconds
2021-08-12T12:22:45.752+0200: 137.943: Total time for which application threads were stopped: 0.0002560 seconds, Stopping threads took: 0.0001187 seconds
2021-08-12T12:22:45.753+0200: 137.944: Total time for which application threads were stopped: 0.0001874 seconds, Stopping threads took: 0.0000570 seconds
2021-08-12T12:22:45.760+0200: 137.950: Total time for which application threads were stopped: 0.0009654 seconds, Stopping threads took: 0.0001078 seconds
2021-08-12T12:22:45.767+0200: 137.958: Total time for which application threads were stopped: 0.0012063 seconds, Stopping threads took: 0.0006094 seconds
2021-08-12T12:22:45.803+0200: 137.993: Total time for which application threads were stopped: 0.0002799 seconds, Stopping threads took: 0.0000844 seconds
2021-08-12T12:22:45.803+0200: 137.994: Total time for which application threads were stopped: 0.0001731 seconds, Stopping threads took: 0.0000581 seconds
2021-08-12T12:22:45.803+0200: 137.994: Total time for which application threads were stopped: 0.0002115 seconds, Stopping threads took: 0.0001033 seconds
2021-08-12T12:22:45.804+0200: 137.994: Total time for which application threads were stopped: 0.0001669 seconds, Stopping threads took: 0.0000629 seconds
2021-08-12T12:22:45.804+0200: 137.995: Total time for which application threads were stopped: 0.0001548 seconds, Stopping threads took: 0.0000573 seconds
2021-08-12T12:22:45.805+0200: 137.995: Total time for which application threads were stopped: 0.0002004 seconds, Stopping threads took: 0.0000795 seconds
2021-08-12T12:22:45.805+0200: 137.995: Total time for which application threads were stopped: 0.0001856 seconds, Stopping threads took: 0.0000907 seconds
2021-08-12T12:22:45.805+0200: 137.996: Total time for which application threads were stopped: 0.0002211 seconds, Stopping threads took: 0.0001041 seconds
2021-08-12T12:22:45.805+0200: 137.996: Total time for which application threads were stopped: 0.0001393 seconds, Stopping threads took: 0.0000362 seconds
2021-08-12T12:22:45.806+0200: 137.996: Total time for which application threads were stopped: 0.0001596 seconds, Stopping threads took: 0.0000341 seconds
2021-08-12T12:22:45.806+0200: 137.997: Total time for which application threads were stopped: 0.0001704 seconds, Stopping threads took: 0.0000657 seconds
2021-08-12T12:22:45.806+0200: 137.997: Total time for which application threads were stopped: 0.0001721 seconds, Stopping threads took: 0.0000788 seconds
2021-08-12T12:22:45.807+0200: 137.997: Total time for which application threads were stopped: 0.0001574 seconds, Stopping threads took: 0.0000529 seconds
2021-08-12T12:22:45.807+0200: 137.997: Total time for which application threads were stopped: 0.0001358 seconds, Stopping threads took: 0.0000414 seconds
2021-08-12T12:22:45.807+0200: 137.998: Total time for which application threads were stopped: 0.0001179 seconds, Stopping threads took: 0.0000288 seconds
2021-08-12T12:22:45.807+0200: 137.998: Total time for which application threads were stopped: 0.0001385 seconds, Stopping threads took: 0.0000434 seconds
2021-08-12T12:22:45.807+0200: 137.998: Total time for which application threads were stopped: 0.0001270 seconds, Stopping threads took: 0.0000339 seconds
2021-08-12T12:22:45.807+0200: 137.998: Total time for which application threads were stopped: 0.0001206 seconds, Stopping threads took: 0.0000273 seconds
2021-08-12T12:22:45.808+0200: 137.998: Total time for which application threads were stopped: 0.0001403 seconds, Stopping threads took: 0.0000449 seconds
2021-08-12T12:22:45.808+0200: 137.999: Total time for which application threads were stopped: 0.0001216 seconds, Stopping threads took: 0.0000313 seconds
2021-08-12T12:22:45.808+0200: 137.999: Total time for which application threads were stopped: 0.0001453 seconds, Stopping threads took: 0.0000413 seconds
2021-08-12T12:22:45.809+0200: 137.999: Total time for which application threads were stopped: 0.0001327 seconds, Stopping threads took: 0.0000314 seconds
2021-08-12T12:22:45.809+0200: 138.000: Total time for which application threads were stopped: 0.0001311 seconds, Stopping threads took: 0.0000357 seconds
2021-08-12T12:22:45.809+0200: 138.000: Total time for which application threads were stopped: 0.0001294 seconds, Stopping threads took: 0.0000381 seconds
2021-08-12T12:22:45.809+0200: 138.000: Total time for which application threads were stopped: 0.0001303 seconds, Stopping threads took: 0.0000362 seconds
2021-08-12T12:22:45.810+0200: 138.001: Total time for which application threads were stopped: 0.0001180 seconds, Stopping threads took: 0.0000283 seconds
2021-08-12T12:22:45.810+0200: 138.001: Total time for which application threads were stopped: 0.0001405 seconds, Stopping threads took: 0.0000414 seconds
2021-08-12T12:22:45.810+0200: 138.001: Total time for which application threads were stopped: 0.0001273 seconds, Stopping threads took: 0.0000361 seconds
2021-08-12T12:22:45.811+0200: 138.001: Total time for which application threads were stopped: 0.0001295 seconds, Stopping threads took: 0.0000367 seconds
2021-08-12T12:22:45.811+0200: 138.002: Total time for which application threads were stopped: 0.0001602 seconds, Stopping threads took: 0.0000574 seconds
2021-08-12T12:22:45.812+0200: 138.002: Total time for which application threads were stopped: 0.0003925 seconds, Stopping threads took: 0.0000541 seconds
2021-08-12T12:22:45.842+0200: 138.033: Total time for which application threads were stopped: 0.0003763 seconds, Stopping threads took: 0.0001507 seconds
2021-08-12T12:22:45.892+0200: 138.082: Total time for which application threads were stopped: 0.0014981 seconds, Stopping threads took: 0.0001377 seconds
2021-08-12T12:22:45.893+0200: 138.084: Total time for which application threads were stopped: 0.0004750 seconds, Stopping threads took: 0.0001254 seconds
2021-08-12T12:22:45.894+0200: 138.084: Total time for which application threads were stopped: 0.0005763 seconds, Stopping threads took: 0.0002744 seconds
2021-08-12T12:22:45.894+0200: 138.085: Total time for which application threads were stopped: 0.0003759 seconds, Stopping threads took: 0.0001323 seconds
2021-08-12T12:22:45.895+0200: 138.086: Total time for which application threads were stopped: 0.0003398 seconds, Stopping threads took: 0.0001752 seconds
2021-08-12T12:22:45.895+0200: 138.086: Total time for which application threads were stopped: 0.0003076 seconds, Stopping threads took: 0.0001364 seconds
2021-08-12T12:22:45.896+0200: 138.086: Total time for which application threads were stopped: 0.0001641 seconds, Stopping threads took: 0.0000568 seconds
2021-08-12T12:22:45.896+0200: 138.086: Total time for which application threads were stopped: 0.0001535 seconds, Stopping threads took: 0.0000514 seconds
2021-08-12T12:22:45.910+0200: 138.101: Total time for which application threads were stopped: 0.0002962 seconds, Stopping threads took: 0.0000961 seconds
2021-08-12T12:22:45.917+0200: 138.108: Total time for which application threads were stopped: 0.0003096 seconds, Stopping threads took: 0.0001137 seconds
2021-08-12T12:22:45.917+0200: 138.108: Total time for which application threads were stopped: 0.0002494 seconds, Stopping threads took: 0.0000912 seconds
2021-08-12T12:22:45.918+0200: 138.109: Total time for which application threads were stopped: 0.0004340 seconds, Stopping threads took: 0.0000660 seconds
2021-08-12T12:22:45.920+0200: 138.111: Total time for which application threads were stopped: 0.0002387 seconds, Stopping threads took: 0.0000708 seconds
2021-08-12T12:22:45.922+0200: 138.113: Total time for which application threads were stopped: 0.0002843 seconds, Stopping threads took: 0.0000998 seconds
2021-08-12T12:22:45.923+0200: 138.113: Total time for which application threads were stopped: 0.0003474 seconds, Stopping threads took: 0.0001696 seconds
2021-08-12T12:22:45.923+0200: 138.114: Total time for which application threads were stopped: 0.0002614 seconds, Stopping threads took: 0.0001094 seconds
2021-08-12T12:22:45.924+0200: 138.115: Total time for which application threads were stopped: 0.0003606 seconds, Stopping threads took: 0.0001924 seconds
2021-08-12T12:22:45.924+0200: 138.115: Total time for which application threads were stopped: 0.0002508 seconds, Stopping threads took: 0.0000861 seconds
2021-08-12T12:22:46.007+0200: 138.198: Total time for which application threads were stopped: 0.0004544 seconds, Stopping threads took: 0.0002082 seconds
2021-08-12T12:22:46.009+0200: 138.200: Total time for which application threads were stopped: 0.0003520 seconds, Stopping threads took: 0.0001861 seconds
2021-08-12T12:22:46.010+0200: 138.201: Total time for which application threads were stopped: 0.0002638 seconds, Stopping threads took: 0.0001057 seconds
2021-08-12T12:22:46.010+0200: 138.201: Total time for which application threads were stopped: 0.0002468 seconds, Stopping threads took: 0.0001278 seconds
2021-08-12T12:22:46.011+0200: 138.201: Total time for which application threads were stopped: 0.0002178 seconds, Stopping threads took: 0.0000985 seconds
2021-08-12T12:22:46.011+0200: 138.202: Total time for which application threads were stopped: 0.0002339 seconds, Stopping threads took: 0.0001182 seconds
2021-08-12T12:22:46.011+0200: 138.202: Total time for which application threads were stopped: 0.0001591 seconds, Stopping threads took: 0.0000503 seconds
2021-08-12T12:22:46.018+0200: 138.208: Total time for which application threads were stopped: 0.0003560 seconds, Stopping threads took: 0.0001236 seconds
2021-08-12T12:22:46.018+0200: 138.209: Total time for which application threads were stopped: 0.0002371 seconds, Stopping threads took: 0.0000776 seconds
2021-08-12T12:22:46.019+0200: 138.209: Total time for which application threads were stopped: 0.0002430 seconds, Stopping threads took: 0.0000966 seconds
2021-08-12T12:22:46.019+0200: 138.210: Total time for which application threads were stopped: 0.0002861 seconds, Stopping threads took: 0.0001390 seconds
2021-08-12T12:22:46.019+0200: 138.210: Total time for which application threads were stopped: 0.0002178 seconds, Stopping threads took: 0.0000641 seconds
2021-08-12T12:22:46.020+0200: 138.211: Total time for which application threads were stopped: 0.0002124 seconds, Stopping threads took: 0.0000631 seconds
2021-08-12T12:22:46.020+0200: 138.211: Total time for which application threads were stopped: 0.0003057 seconds, Stopping threads took: 0.0001700 seconds
2021-08-12T12:22:46.021+0200: 138.212: Total time for which application threads were stopped: 0.0002681 seconds, Stopping threads took: 0.0001288 seconds
2021-08-12T12:22:46.021+0200: 138.212: Total time for which application threads were stopped: 0.0002129 seconds, Stopping threads took: 0.0000677 seconds
2021-08-12T12:22:46.022+0200: 138.212: Total time for which application threads were stopped: 0.0002497 seconds, Stopping threads took: 0.0000820 seconds
2021-08-12T12:22:46.022+0200: 138.213: Total time for which application threads were stopped: 0.0004928 seconds, Stopping threads took: 0.0001134 seconds
2021-08-12T12:22:46.026+0200: 138.217: Total time for which application threads were stopped: 0.0002868 seconds, Stopping threads took: 0.0000685 seconds
2021-08-12T12:22:46.027+0200: 138.218: Total time for which application threads were stopped: 0.0001907 seconds, Stopping threads took: 0.0001109 seconds
2021-08-12T12:22:46.034+0200: 138.225: Total time for which application threads were stopped: 0.0001959 seconds, Stopping threads took: 0.0000883 seconds
2021-08-12T12:22:46.274+0200: 138.464: Total time for which application threads were stopped: 0.0004369 seconds, Stopping threads took: 0.0001308 seconds
2021-08-12T12:22:46.301+0200: 138.492: Total time for which application threads were stopped: 0.0002365 seconds, Stopping threads took: 0.0000537 seconds
2021-08-12T12:22:46.314+0200: 138.505: Total time for which application threads were stopped: 0.0030763 seconds, Stopping threads took: 0.0028638 seconds
2021-08-12T12:22:46.333+0200: 138.523: Total time for which application threads were stopped: 0.0002115 seconds, Stopping threads took: 0.0000704 seconds
2021-08-12T12:22:46.333+0200: 138.524: Total time for which application threads were stopped: 0.0001276 seconds, Stopping threads took: 0.0000503 seconds
2021-08-12T12:22:46.334+0200: 138.525: Total time for which application threads were stopped: 0.0001665 seconds, Stopping threads took: 0.0000662 seconds
2021-08-12T12:22:46.424+0200: 138.615: Total time for which application threads were stopped: 0.0003737 seconds, Stopping threads took: 0.0001580 seconds
2021-08-12T12:22:46.737+0200: 138.928: Total time for which application threads were stopped: 0.0003408 seconds, Stopping threads took: 0.0001049 seconds
2021-08-12T12:22:46.937+0200: 139.127: Total time for which application threads were stopped: 0.0009919 seconds, Stopping threads took: 0.0000632 seconds
2021-08-12T12:22:46.951+0200: 139.142: Total time for which application threads were stopped: 0.0008915 seconds, Stopping threads took: 0.0007505 seconds
2021-08-12T12:22:46.958+0200: 139.148: Total time for which application threads were stopped: 0.0005762 seconds, Stopping threads took: 0.0004369 seconds
2021-08-12T12:22:46.981+0200: 139.171: Total time for which application threads were stopped: 0.0005558 seconds, Stopping threads took: 0.0003968 seconds
2021-08-12T12:22:46.990+0200: 139.180: Total time for which application threads were stopped: 0.0002226 seconds, Stopping threads took: 0.0000955 seconds
2021-08-12T12:22:46.990+0200: 139.181: Total time for which application threads were stopped: 0.0002548 seconds, Stopping threads took: 0.0001062 seconds
2021-08-12T12:22:46.991+0200: 139.182: Total time for which application threads were stopped: 0.0001595 seconds, Stopping threads took: 0.0000457 seconds
2021-08-12T12:22:47.451+0200: 139.642: Total time for which application threads were stopped: 0.0004741 seconds, Stopping threads took: 0.0001810 seconds
2021-08-12T12:22:47.452+0200: 139.643: Total time for which application threads were stopped: 0.0002322 seconds, Stopping threads took: 0.0001060 seconds
2021-08-12T12:22:47.454+0200: 139.645: Total time for which application threads were stopped: 0.0017003 seconds, Stopping threads took: 0.0015157 seconds
2021-08-12T12:22:47.455+0200: 139.645: Total time for which application threads were stopped: 0.0002126 seconds, Stopping threads took: 0.0001131 seconds
2021-08-12T12:22:47.458+0200: 139.649: Total time for which application threads were stopped: 0.0002976 seconds, Stopping threads took: 0.0001163 seconds
2021-08-12T12:22:47.459+0200: 139.649: Total time for which application threads were stopped: 0.0002786 seconds, Stopping threads took: 0.0001586 seconds
2021-08-12T12:22:47.679+0200: 139.869: Total time for which application threads were stopped: 0.0003033 seconds, Stopping threads took: 0.0000588 seconds
2021-08-12T12:22:47.716+0200: 139.907: Total time for which application threads were stopped: 0.0003645 seconds, Stopping threads took: 0.0001210 seconds
2021-08-12T12:22:47.725+0200: 139.916: Total time for which application threads were stopped: 0.0002918 seconds, Stopping threads took: 0.0001062 seconds
2021-08-12T12:22:47.742+0200: 139.933: Total time for which application threads were stopped: 0.0002624 seconds, Stopping threads took: 0.0000781 seconds
{Heap before GC invocations=7 (full 0):
 garbage-first heap   total 524288K, used 331904K [0x00000000e0000000, 0x00000000e0101000, 0x0000000100000000)
  region size 1024K, 307 young (314368K), 20 survivors (20480K)
 Metaspace       used 46718K, capacity 48552K, committed 48664K, reserved 1091584K
  class space    used 5741K, capacity 6145K, committed 6168K, reserved 1048576K
2021-08-12T12:22:47.763+0200: 139.954: [GC pause (G1 Evacuation Pause) (young) (initial-mark)
Desired survivor size 20447232 bytes, new threshold 15 (max 15)
- age   1:    5476080 bytes,    5476080 total
- age   2:     451584 bytes,    5927664 total
- age   3:     755640 bytes,    6683304 total
, 0.0575150 secs]
   [Parallel Time: 42.8 ms, GC Workers: 8]
      [GC Worker Start (ms): Min: 139954.1, Avg: 139956.4, Max: 139958.1, Diff: 4.1]
      [Ext Root Scanning (ms): Min: 0.3, Avg: 5.7, Max: 14.2, Diff: 13.9, Sum: 45.4]
      [Update RS (ms): Min: 0.0, Avg: 0.3, Max: 0.8, Diff: 0.8, Sum: 2.2]
         [Processed Buffers: Min: 0, Avg: 2.9, Max: 11, Diff: 11, Sum: 23]
      [Scan RS (ms): Min: 0.0, Avg: 0.1, Max: 0.1, Diff: 0.1, Sum: 0.4]
      [Code Root Scanning (ms): Min: 0.0, Avg: 0.2, Max: 0.7, Diff: 0.7, Sum: 1.8]
      [Object Copy (ms): Min: 3.2, Avg: 9.5, Max: 16.8, Diff: 13.6, Sum: 75.6]
      [Termination (ms): Min: 0.0, Avg: 4.2, Max: 8.3, Diff: 8.3, Sum: 33.6]
         [Termination Attempts: Min: 1, Avg: 5.9, Max: 18, Diff: 17, Sum: 47]
      [GC Worker Other (ms): Min: 0.0, Avg: 0.0, Max: 0.0, Diff: 0.0, Sum: 0.2]
      [GC Worker Total (ms): Min: 17.5, Avg: 19.9, Max: 23.5, Diff: 6.0, Sum: 159.2]
      [GC Worker End (ms): Min: 139975.7, Avg: 139976.3, Max: 139980.2, Diff: 4.5]
   [Code Root Fixup: 0.1 ms]
   [Code Root Purge: 0.0 ms]
   [Clear CT: 0.4 ms]
   [Other: 14.1 ms]
      [Choose CSet: 0.0 ms]
      [Ref Proc: 12.6 ms]
      [Ref Enq: 0.3 ms]
      [Redirty Cards: 0.2 ms]
      [Humongous Register: 0.0 ms]
      [Humongous Reclaim: 0.0 ms]
      [Free CSet: 0.5 ms]
   [Eden: 287.0M(287.0M)->0.0B(278.0M) Survivors: 20480.0K->29696.0K Heap: 324.1M(512.0M)->46592.3K(512.0M)]
Heap after GC invocations=8 (full 0):
 garbage-first heap   total 524288K, used 46592K [0x00000000e0000000, 0x00000000e0101000, 0x0000000100000000)
  region size 1024K, 29 young (29696K), 29 survivors (29696K)
 Metaspace       used 46718K, capacity 48552K, committed 48664K, reserved 1091584K
  class space    used 5741K, capacity 6145K, committed 6168K, reserved 1048576K
}
 [Times: user=0.20 sys=0.00, real=0.05 secs] 
2021-08-12T12:22:47.821+0200: 140.011: Total time for which application threads were stopped: 0.0586331 seconds, Stopping threads took: 0.0006532 seconds
2021-08-12T12:22:47.821+0200: 140.011: [GC concurrent-root-region-scan-start]
2021-08-12T12:22:47.832+0200: 140.023: [GC concurrent-root-region-scan-end, 0.0118209 secs]
2021-08-12T12:22:47.832+0200: 140.023: [GC concurrent-mark-start]
2021-08-12T12:22:47.835+0200: 140.026: Total time for which application threads were stopped: 0.0003259 seconds, Stopping threads took: 0.0001258 seconds
2021-08-12T12:22:47.835+0200: 140.026: Total time for which application threads were stopped: 0.0001171 seconds, Stopping threads took: 0.0000361 seconds
2021-08-12T12:22:47.871+0200: 140.062: [GC concurrent-mark-end, 0.0384495 secs]
2021-08-12T12:22:47.874+0200: 140.065: [GC remark 2021-08-12T12:22:47.874+0200: 140.065: [Finalize Marking, 0.0065200 secs] 2021-08-12T12:22:47.881+0200: 140.071: [GC ref-proc, 0.0055570 secs] 2021-08-12T12:22:47.886+0200: 140.077: [Unloading, 0.0140209 secs], 0.0266955 secs]
 [Times: user=0.06 sys=0.00, real=0.02 secs] 
2021-08-12T12:22:47.901+0200: 140.092: Total time for which application threads were stopped: 0.0299207 seconds, Stopping threads took: 0.0029916 seconds
2021-08-12T12:22:47.901+0200: 140.092: [GC cleanup 63490K->63490K(512M), 0.0011829 secs]
 [Times: user=0.01 sys=0.00, real=0.01 secs] 
2021-08-12T12:22:47.903+0200: 140.093: Total time for which application threads were stopped: 0.0014418 seconds, Stopping threads took: 0.0000595 seconds
2021-08-12T12:22:48.177+0200: 140.368: Total time for which application threads were stopped: 0.0007395 seconds, Stopping threads took: 0.0005274 seconds
2021-08-12T12:22:48.183+0200: 140.374: Total time for which application threads were stopped: 0.0002515 seconds, Stopping threads took: 0.0000951 seconds
2021-08-12T12:22:48.206+0200: 140.397: Total time for which application threads were stopped: 0.0008064 seconds, Stopping threads took: 0.0000744 seconds
2021-08-12T12:22:48.209+0200: 140.399: Total time for which application threads were stopped: 0.0003335 seconds, Stopping threads took: 0.0002177 seconds
2021-08-12T12:22:48.209+0200: 140.400: Total time for which application threads were stopped: 0.0003186 seconds, Stopping threads took: 0.0000406 seconds
2021-08-12T12:22:48.248+0200: 140.439: Total time for which application threads were stopped: 0.0004819 seconds, Stopping threads took: 0.0002569 seconds
2021-08-12T12:22:48.266+0200: 140.456: Total time for which application threads were stopped: 0.0017744 seconds, Stopping threads took: 0.0009878 seconds
2021-08-12T12:22:48.300+0200: 140.491: Total time for which application threads were stopped: 0.0002608 seconds, Stopping threads took: 0.0000479 seconds
2021-08-12T12:22:48.333+0200: 140.524: Total time for which application threads were stopped: 0.0003520 seconds, Stopping threads took: 0.0001659 seconds
2021-08-12T12:22:48.385+0200: 140.576: Total time for which application threads were stopped: 0.0004601 seconds, Stopping threads took: 0.0002687 seconds
2021-08-12T12:22:48.399+0200: 140.590: Total time for which application threads were stopped: 0.0002629 seconds, Stopping threads took: 0.0001197 seconds
2021-08-12T12:22:48.457+0200: 140.648: Total time for which application threads were stopped: 0.0004011 seconds, Stopping threads took: 0.0001505 seconds
2021-08-12T12:22:48.464+0200: 140.655: Total time for which application threads were stopped: 0.0002666 seconds, Stopping threads took: 0.0001046 seconds
2021-08-12T12:22:48.497+0200: 140.687: Total time for which application threads were stopped: 0.0002866 seconds, Stopping threads took: 0.0000740 seconds
2021-08-12T12:22:48.598+0200: 140.788: Total time for which application threads were stopped: 0.0002958 seconds, Stopping threads took: 0.0000661 seconds
2021-08-12T12:22:48.791+0200: 140.982: Total time for which application threads were stopped: 0.0014896 seconds, Stopping threads took: 0.0011918 seconds
2021-08-12T12:22:48.792+0200: 140.983: Total time for which application threads were stopped: 0.0003054 seconds, Stopping threads took: 0.0001504 seconds
2021-08-12T12:22:48.810+0200: 141.001: Total time for which application threads were stopped: 0.0009926 seconds, Stopping threads took: 0.0000407 seconds
2021-08-12T12:22:48.857+0200: 141.048: Total time for which application threads were stopped: 0.0004048 seconds, Stopping threads took: 0.0001794 seconds
2021-08-12T12:22:48.912+0200: 141.102: Total time for which application threads were stopped: 0.0002310 seconds, Stopping threads took: 0.0000668 seconds
2021-08-12T12:22:48.913+0200: 141.104: Total time for which application threads were stopped: 0.0002986 seconds, Stopping threads took: 0.0001854 seconds
2021-08-12T12:22:49.030+0200: 141.221: Total time for which application threads were stopped: 0.0021100 seconds, Stopping threads took: 0.0018796 seconds
2021-08-12T12:22:49.182+0200: 141.373: Total time for which application threads were stopped: 0.0003149 seconds, Stopping threads took: 0.0000911 seconds
2021-08-12T12:22:49.184+0200: 141.374: Total time for which application threads were stopped: 0.0003862 seconds, Stopping threads took: 0.0002506 seconds
2021-08-12T12:22:49.419+0200: 141.610: Total time for which application threads were stopped: 0.0004656 seconds, Stopping threads took: 0.0002172 seconds
2021-08-12T12:22:50.298+0200: 142.488: Total time for which application threads were stopped: 0.0004886 seconds, Stopping threads took: 0.0001731 seconds
2021-08-12T12:22:50.416+0200: 142.607: Total time for which application threads were stopped: 0.0003812 seconds, Stopping threads took: 0.0000921 seconds
2021-08-12T12:22:50.427+0200: 142.618: Total time for which application threads were stopped: 0.0002661 seconds, Stopping threads took: 0.0001013 seconds
2021-08-12T12:22:50.444+0200: 142.635: Total time for which application threads were stopped: 0.0003244 seconds, Stopping threads took: 0.0001085 seconds
2021-08-12T12:22:50.519+0200: 142.710: Total time for which application threads were stopped: 0.0003615 seconds, Stopping threads took: 0.0001122 seconds
2021-08-12T12:22:50.549+0200: 142.740: Total time for which application threads were stopped: 0.0001962 seconds, Stopping threads took: 0.0000632 seconds
2021-08-12T12:22:50.567+0200: 142.758: Total time for which application threads were stopped: 0.0004228 seconds, Stopping threads took: 0.0002162 seconds
2021-08-12T12:22:50.581+0200: 142.771: Total time for which application threads were stopped: 0.0002233 seconds, Stopping threads took: 0.0000572 seconds
2021-08-12T12:22:50.584+0200: 142.775: Total time for which application threads were stopped: 0.0011935 seconds, Stopping threads took: 0.0010757 seconds
2021-08-12T12:22:50.682+0200: 142.873: Total time for which application threads were stopped: 0.0003328 seconds, Stopping threads took: 0.0001054 seconds
2021-08-12T12:22:50.702+0200: 142.893: Total time for which application threads were stopped: 0.0001724 seconds, Stopping threads took: 0.0000371 seconds
2021-08-12T12:22:50.706+0200: 142.896: Total time for which application threads were stopped: 0.0001741 seconds, Stopping threads took: 0.0000721 seconds
2021-08-12T12:22:50.706+0200: 142.896: Total time for which application threads were stopped: 0.0001312 seconds, Stopping threads took: 0.0000411 seconds
2021-08-12T12:22:50.708+0200: 142.898: Total time for which application threads were stopped: 0.0001961 seconds, Stopping threads took: 0.0000832 seconds
2021-08-12T12:22:50.708+0200: 142.899: Total time for which application threads were stopped: 0.0001646 seconds, Stopping threads took: 0.0000615 seconds
2021-08-12T12:22:50.709+0200: 142.900: Total time for which application threads were stopped: 0.0002734 seconds, Stopping threads took: 0.0001566 seconds
2021-08-12T12:22:50.710+0200: 142.901: Total time for which application threads were stopped: 0.0001473 seconds, Stopping threads took: 0.0000619 seconds
2021-08-12T12:22:50.710+0200: 142.901: Total time for which application threads were stopped: 0.0001257 seconds, Stopping threads took: 0.0000458 seconds
2021-08-12T12:22:50.711+0200: 142.902: Total time for which application threads were stopped: 0.0001973 seconds, Stopping threads took: 0.0001014 seconds
2021-08-12T12:22:50.712+0200: 142.903: Total time for which application threads were stopped: 0.0001312 seconds, Stopping threads took: 0.0000449 seconds
2021-08-12T12:22:50.713+0200: 142.903: Total time for which application threads were stopped: 0.0001969 seconds, Stopping threads took: 0.0000910 seconds
2021-08-12T12:22:50.715+0200: 142.905: Total time for which application threads were stopped: 0.0001729 seconds, Stopping threads took: 0.0000707 seconds
2021-08-12T12:22:50.715+0200: 142.906: Total time for which application threads were stopped: 0.0001806 seconds, Stopping threads took: 0.0000843 seconds
2021-08-12T12:22:50.716+0200: 142.907: Total time for which application threads were stopped: 0.0001698 seconds, Stopping threads took: 0.0000714 seconds
2021-08-12T12:22:50.717+0200: 142.907: Total time for which application threads were stopped: 0.0001485 seconds, Stopping threads took: 0.0000588 seconds
2021-08-12T12:22:50.717+0200: 142.908: Total time for which application threads were stopped: 0.0001144 seconds, Stopping threads took: 0.0000393 seconds
2021-08-12T12:22:50.718+0200: 142.908: Total time for which application threads were stopped: 0.0001425 seconds, Stopping threads took: 0.0000583 seconds
2021-08-12T12:22:50.720+0200: 142.910: Total time for which application threads were stopped: 0.0002197 seconds, Stopping threads took: 0.0000902 seconds
2021-08-12T12:22:50.720+0200: 142.911: Total time for which application threads were stopped: 0.0001181 seconds, Stopping threads took: 0.0000416 seconds
2021-08-12T12:22:50.721+0200: 142.912: Total time for which application threads were stopped: 0.0001469 seconds, Stopping threads took: 0.0000537 seconds
2021-08-12T12:22:50.725+0200: 142.916: Total time for which application threads were stopped: 0.0038341 seconds, Stopping threads took: 0.0037382 seconds
2021-08-12T12:22:50.726+0200: 142.917: Total time for which application threads were stopped: 0.0007674 seconds, Stopping threads took: 0.0006755 seconds
2021-08-12T12:22:50.727+0200: 142.918: Total time for which application threads were stopped: 0.0003463 seconds, Stopping threads took: 0.0000799 seconds
2021-08-12T12:22:50.786+0200: 142.977: Total time for which application threads were stopped: 0.0004268 seconds, Stopping threads took: 0.0001459 seconds
2021-08-12T12:22:50.790+0200: 142.981: Total time for which application threads were stopped: 0.0001719 seconds, Stopping threads took: 0.0000525 seconds
2021-08-12T12:22:50.803+0200: 142.994: Total time for which application threads were stopped: 0.0002195 seconds, Stopping threads took: 0.0000872 seconds
2021-08-12T12:22:50.810+0200: 143.001: Total time for which application threads were stopped: 0.0003259 seconds, Stopping threads took: 0.0002084 seconds
2021-08-12T12:22:50.810+0200: 143.001: Total time for which application threads were stopped: 0.0001342 seconds, Stopping threads took: 0.0000392 seconds
2021-08-12T12:22:50.827+0200: 143.017: Total time for which application threads were stopped: 0.0023355 seconds, Stopping threads took: 0.0019046 seconds
2021-08-12T12:22:50.877+0200: 143.067: Total time for which application threads were stopped: 0.0003330 seconds, Stopping threads took: 0.0001753 seconds
2021-08-12T12:22:50.898+0200: 143.088: Total time for which application threads were stopped: 0.0014389 seconds, Stopping threads took: 0.0012773 seconds
2021-08-12T12:22:50.898+0200: 143.089: Total time for which application threads were stopped: 0.0002330 seconds, Stopping threads took: 0.0001466 seconds
2021-08-12T12:22:50.898+0200: 143.089: Total time for which application threads were stopped: 0.0001046 seconds, Stopping threads took: 0.0000370 seconds
2021-08-12T12:22:50.899+0200: 143.089: Total time for which application threads were stopped: 0.0001146 seconds, Stopping threads took: 0.0000363 seconds
2021-08-12T12:22:50.899+0200: 143.090: Total time for which application threads were stopped: 0.0001069 seconds, Stopping threads took: 0.0000354 seconds
2021-08-12T12:22:50.899+0200: 143.090: Total time for which application threads were stopped: 0.0000955 seconds, Stopping threads took: 0.0000221 seconds
2021-08-12T12:22:50.900+0200: 143.090: Total time for which application threads were stopped: 0.0001087 seconds, Stopping threads took: 0.0000407 seconds
2021-08-12T12:22:50.934+0200: 143.125: Total time for which application threads were stopped: 0.0046585 seconds, Stopping threads took: 0.0044939 seconds
2021-08-12T12:22:50.937+0200: 143.128: Total time for which application threads were stopped: 0.0022604 seconds, Stopping threads took: 0.0021247 seconds
2021-08-12T12:22:50.944+0200: 143.135: Total time for which application threads were stopped: 0.0002527 seconds, Stopping threads took: 0.0000920 seconds
2021-08-12T12:22:50.945+0200: 143.135: Total time for which application threads were stopped: 0.0001983 seconds, Stopping threads took: 0.0000724 seconds
2021-08-12T12:22:50.945+0200: 143.136: Total time for which application threads were stopped: 0.0001569 seconds, Stopping threads took: 0.0000497 seconds
2021-08-12T12:22:50.945+0200: 143.136: Total time for which application threads were stopped: 0.0001676 seconds, Stopping threads took: 0.0000471 seconds
2021-08-12T12:22:50.945+0200: 143.136: Total time for which application threads were stopped: 0.0001492 seconds, Stopping threads took: 0.0000492 seconds
2021-08-12T12:22:50.946+0200: 143.136: Total time for which application threads were stopped: 0.0001936 seconds, Stopping threads took: 0.0000614 seconds
2021-08-12T12:22:50.947+0200: 143.138: Total time for which application threads were stopped: 0.0006158 seconds, Stopping threads took: 0.0004902 seconds
2021-08-12T12:22:50.967+0200: 143.158: Total time for which application threads were stopped: 0.0002667 seconds, Stopping threads took: 0.0000851 seconds
2021-08-12T12:22:50.968+0200: 143.159: Total time for which application threads were stopped: 0.0003710 seconds, Stopping threads took: 0.0002310 seconds
2021-08-12T12:22:50.969+0200: 143.159: Total time for which application threads were stopped: 0.0002309 seconds, Stopping threads took: 0.0001428 seconds
2021-08-12T12:22:50.969+0200: 143.159: Total time for which application threads were stopped: 0.0001105 seconds, Stopping threads took: 0.0000413 seconds
2021-08-12T12:22:50.969+0200: 143.160: Total time for which application threads were stopped: 0.0001304 seconds, Stopping threads took: 0.0000496 seconds
2021-08-12T12:22:50.969+0200: 143.160: Total time for which application threads were stopped: 0.0001708 seconds, Stopping threads took: 0.0000683 seconds
2021-08-12T12:22:50.970+0200: 143.160: Total time for which application threads were stopped: 0.0001288 seconds, Stopping threads took: 0.0000446 seconds
2021-08-12T12:22:50.970+0200: 143.161: Total time for which application threads were stopped: 0.0001510 seconds, Stopping threads took: 0.0000655 seconds
2021-08-12T12:22:50.970+0200: 143.161: Total time for which application threads were stopped: 0.0001159 seconds, Stopping threads took: 0.0000411 seconds
2021-08-12T12:22:50.970+0200: 143.161: Total time for which application threads were stopped: 0.0001348 seconds, Stopping threads took: 0.0000327 seconds
2021-08-12T12:22:50.971+0200: 143.161: Total time for which application threads were stopped: 0.0001326 seconds, Stopping threads took: 0.0000505 seconds
2021-08-12T12:22:50.971+0200: 143.161: Total time for which application threads were stopped: 0.0001367 seconds, Stopping threads took: 0.0000559 seconds
2021-08-12T12:22:50.971+0200: 143.162: Total time for which application threads were stopped: 0.0001018 seconds, Stopping threads took: 0.0000330 seconds
2021-08-12T12:22:50.971+0200: 143.162: Total time for which application threads were stopped: 0.0001065 seconds, Stopping threads took: 0.0000300 seconds
2021-08-12T12:22:50.972+0200: 143.163: Total time for which application threads were stopped: 0.0001647 seconds, Stopping threads took: 0.0000506 seconds
2021-08-12T12:22:50.972+0200: 143.163: Total time for which application threads were stopped: 0.0001253 seconds, Stopping threads took: 0.0000489 seconds
2021-08-12T12:22:50.972+0200: 143.163: Total time for which application threads were stopped: 0.0001172 seconds, Stopping threads took: 0.0000478 seconds
2021-08-12T12:22:50.972+0200: 143.163: Total time for which application threads were stopped: 0.0001225 seconds, Stopping threads took: 0.0000485 seconds
2021-08-12T12:22:50.973+0200: 143.163: Total time for which application threads were stopped: 0.0001605 seconds, Stopping threads took: 0.0000634 seconds
2021-08-12T12:22:50.973+0200: 143.163: Total time for which application threads were stopped: 0.0001110 seconds, Stopping threads took: 0.0000445 seconds
2021-08-12T12:22:50.973+0200: 143.164: Total time for which application threads were stopped: 0.0003508 seconds, Stopping threads took: 0.0000659 seconds
2021-08-12T12:22:50.976+0200: 143.166: Total time for which application threads were stopped: 0.0003533 seconds, Stopping threads took: 0.0002578 seconds
2021-08-12T12:22:50.977+0200: 143.167: Total time for which application threads were stopped: 0.0002173 seconds, Stopping threads took: 0.0001165 seconds
2021-08-12T12:22:50.977+0200: 143.168: Total time for which application threads were stopped: 0.0004417 seconds, Stopping threads took: 0.0003397 seconds
2021-08-12T12:22:50.983+0200: 143.174: Total time for which application threads were stopped: 0.0001830 seconds, Stopping threads took: 0.0000758 seconds
2021-08-12T12:22:50.983+0200: 143.174: Total time for which application threads were stopped: 0.0001105 seconds, Stopping threads took: 0.0000391 seconds
2021-08-12T12:22:50.983+0200: 143.174: Total time for which application threads were stopped: 0.0001042 seconds, Stopping threads took: 0.0000398 seconds
2021-08-12T12:22:51.001+0200: 143.192: Total time for which application threads were stopped: 0.0010612 seconds, Stopping threads took: 0.0008608 seconds
2021-08-12T12:22:51.003+0200: 143.194: Total time for which application threads were stopped: 0.0001730 seconds, Stopping threads took: 0.0000623 seconds
2021-08-12T12:22:51.004+0200: 143.195: Total time for which application threads were stopped: 0.0001804 seconds, Stopping threads took: 0.0000818 seconds
2021-08-12T12:22:51.004+0200: 143.195: Total time for which application threads were stopped: 0.0001136 seconds, Stopping threads took: 0.0000361 seconds
2021-08-12T12:22:51.011+0200: 143.202: Total time for which application threads were stopped: 0.0001652 seconds, Stopping threads took: 0.0000615 seconds
2021-08-12T12:22:51.011+0200: 143.202: Total time for which application threads were stopped: 0.0001898 seconds, Stopping threads took: 0.0001132 seconds
2021-08-12T12:22:51.011+0200: 143.202: Total time for which application threads were stopped: 0.0001387 seconds, Stopping threads took: 0.0000615 seconds
2021-08-12T12:22:51.034+0200: 143.225: Total time for which application threads were stopped: 0.0002646 seconds, Stopping threads took: 0.0001229 seconds
2021-08-12T12:22:51.037+0200: 143.227: Total time for which application threads were stopped: 0.0001175 seconds, Stopping threads took: 0.0000452 seconds
2021-08-12T12:22:51.041+0200: 143.231: Total time for which application threads were stopped: 0.0001333 seconds, Stopping threads took: 0.0000552 seconds
2021-08-12T12:22:51.050+0200: 143.240: Total time for which application threads were stopped: 0.0001800 seconds, Stopping threads took: 0.0000830 seconds
2021-08-12T12:23:26.056+0200: 178.247: Total time for which application threads were stopped: 0.0003856 seconds, Stopping threads took: 0.0000777 seconds
2021-08-12T12:23:32.057+0200: 184.248: Total time for which application threads were stopped: 0.0003342 seconds, Stopping threads took: 0.0000776 seconds
2021-08-12T12:23:40.711+0200: 192.902: Total time for which application threads were stopped: 0.0004467 seconds, Stopping threads took: 0.0000922 seconds
2021-08-12T12:23:51.072+0200: 203.263: Total time for which application threads were stopped: 0.0002693 seconds, Stopping threads took: 0.0000690 seconds
2021-08-12T12:23:51.073+0200: 203.263: Total time for which application threads were stopped: 0.0001691 seconds, Stopping threads took: 0.0000450 seconds
2021-08-12T12:24:26.081+0200: 238.272: Total time for which application threads were stopped: 0.0003272 seconds, Stopping threads took: 0.0000783 seconds
2021-08-12T12:25:25.517+0200: 297.708: Total time for which application threads were stopped: 0.0006923 seconds, Stopping threads took: 0.0001895 seconds
2021-08-12T12:25:26.518+0200: 298.709: Total time for which application threads were stopped: 0.0003518 seconds, Stopping threads took: 0.0000680 seconds
2021-08-12T12:26:26.528+0200: 358.719: Total time for which application threads were stopped: 0.0003165 seconds, Stopping threads took: 0.0000691 seconds
2021-08-12T12:26:32.529+0200: 364.720: Total time for which application threads were stopped: 0.0003202 seconds, Stopping threads took: 0.0000835 seconds
2021-08-12T12:27:26.538+0200: 418.729: Total time for which application threads were stopped: 0.0004436 seconds, Stopping threads took: 0.0001220 seconds
2021-08-12T12:27:42.541+0200: 434.732: Total time for which application threads were stopped: 0.0003096 seconds, Stopping threads took: 0.0000796 seconds
2021-08-12T12:28:22.548+0200: 474.738: Total time for which application threads were stopped: 0.0002344 seconds, Stopping threads took: 0.0000528 seconds
2021-08-12T12:28:26.549+0200: 478.739: Total time for which application threads were stopped: 0.0003186 seconds, Stopping threads took: 0.0000907 seconds
2021-08-12T12:28:32.550+0200: 484.741: Total time for which application threads were stopped: 0.0002471 seconds, Stopping threads took: 0.0000621 seconds
2021-08-12T12:31:25.706+0200: 657.897: Total time for which application threads were stopped: 0.0008468 seconds, Stopping threads took: 0.0002658 seconds
2021-08-12T12:34:26.738+0200: 838.929: Total time for which application threads were stopped: 0.0003458 seconds, Stopping threads took: 0.0000864 seconds
2021-08-12T12:35:25.841+0200: 898.031: Total time for which application threads were stopped: 0.0006839 seconds, Stopping threads took: 0.0001775 seconds
2021-08-12T12:35:26.841+0200: 899.032: Total time for which application threads were stopped: 0.0003058 seconds, Stopping threads took: 0.0000743 seconds
2021-08-12T12:38:26.871+0200: 1079.062: Total time for which application threads were stopped: 0.0003652 seconds, Stopping threads took: 0.0001047 seconds
2021-08-12T12:40:25.979+0200: 1198.170: Total time for which application threads were stopped: 0.0007575 seconds, Stopping threads took: 0.0001955 seconds
2021-08-12T12:42:27.000+0200: 1319.191: Total time for which application threads were stopped: 0.0004086 seconds, Stopping threads took: 0.0001165 seconds
2021-08-12T12:43:27.011+0200: 1379.201: Total time for which application threads were stopped: 0.0003244 seconds, Stopping threads took: 0.0000723 seconds
2021-08-12T12:44:27.021+0200: 1439.211: Total time for which application threads were stopped: 0.0003177 seconds, Stopping threads took: 0.0000733 seconds
2021-08-12T12:45:26.125+0200: 1498.315: Total time for which application threads were stopped: 0.0007244 seconds, Stopping threads took: 0.0001588 seconds
2021-08-12T12:46:27.134+0200: 1559.325: Total time for which application threads were stopped: 0.0003409 seconds, Stopping threads took: 0.0000889 seconds
2021-08-12T12:48:27.153+0200: 1679.343: Total time for which application threads were stopped: 0.0002715 seconds, Stopping threads took: 0.0000613 seconds
2021-08-12T12:50:26.248+0200: 1798.438: Total time for which application threads were stopped: 0.0007265 seconds, Stopping threads took: 0.0001759 seconds
2021-08-12T12:51:27.258+0200: 1859.449: Total time for which application threads were stopped: 0.0003880 seconds, Stopping threads took: 0.0001179 seconds
2021-08-12T12:52:27.275+0200: 1919.466: Total time for which application threads were stopped: 0.0003968 seconds, Stopping threads took: 0.0000999 seconds
2021-08-12T12:55:27.304+0200: 2099.495: Total time for which application threads were stopped: 0.0007239 seconds, Stopping threads took: 0.0001822 seconds
2021-08-12T12:56:26.399+0200: 2158.589: Total time for which application threads were stopped: 0.0004570 seconds, Stopping threads took: 0.0001352 seconds
2021-08-12T12:57:27.409+0200: 2219.599: Total time for which application threads were stopped: 0.0002983 seconds, Stopping threads took: 0.0000896 seconds
2021-08-12T12:58:27.419+0200: 2279.610: Total time for which application threads were stopped: 0.0004647 seconds, Stopping threads took: 0.0001163 seconds
2021-08-12T13:00:26.503+0200: 2398.694: Total time for which application threads were stopped: 0.0007031 seconds, Stopping threads took: 0.0001826 seconds
2021-08-12T13:00:27.504+0200: 2399.695: Total time for which application threads were stopped: 0.0007354 seconds, Stopping threads took: 0.0002422 seconds
2021-08-12T13:02:27.523+0200: 2519.714: Total time for which application threads were stopped: 0.0003728 seconds, Stopping threads took: 0.0000880 seconds
2021-08-12T13:04:32.543+0200: 2644.733: Total time for which application threads were stopped: 0.0003609 seconds, Stopping threads took: 0.0000984 seconds
2021-08-12T13:05:26.632+0200: 2698.823: Total time for which application threads were stopped: 0.0004158 seconds, Stopping threads took: 0.0001317 seconds
2021-08-12T13:06:27.643+0200: 2759.834: Total time for which application threads were stopped: 0.0009570 seconds, Stopping threads took: 0.0002380 seconds
2021-08-12T13:08:27.665+0200: 2879.856: Total time for which application threads were stopped: 0.0004867 seconds, Stopping threads took: 0.0001443 seconds
2021-08-12T13:10:26.770+0200: 2998.961: Total time for which application threads were stopped: 0.0004741 seconds, Stopping threads took: 0.0002008 seconds
2021-08-12T13:10:27.771+0200: 2999.962: Total time for which application threads were stopped: 0.0003042 seconds, Stopping threads took: 0.0000725 seconds
2021-08-12T13:11:27.781+0200: 3059.972: Total time for which application threads were stopped: 0.0007982 seconds, Stopping threads took: 0.0001429 seconds
2021-08-12T13:12:11.789+0200: 3103.980: Total time for which application threads were stopped: 0.0007363 seconds, Stopping threads took: 0.0001900 seconds
2021-08-12T13:12:27.793+0200: 3119.983: Total time for which application threads were stopped: 0.0003484 seconds, Stopping threads took: 0.0000750 seconds
2021-08-12T13:14:33.751+0200: 3245.941: Total time for which application threads were stopped: 0.0024238 seconds, Stopping threads took: 0.0000925 seconds
2021-08-12T13:14:33.802+0200: 3245.993: Total time for which application threads were stopped: 0.0002331 seconds, Stopping threads took: 0.0000513 seconds
2021-08-12T13:14:33.803+0200: 3245.993: Total time for which application threads were stopped: 0.0002249 seconds, Stopping threads took: 0.0001105 seconds
2021-08-12T13:14:33.835+0200: 3246.026: Total time for which application threads were stopped: 0.0003682 seconds, Stopping threads took: 0.0000738 seconds
2021-08-12T13:14:33.844+0200: 3246.035: Total time for which application threads were stopped: 0.0010878 seconds, Stopping threads took: 0.0000703 seconds
2021-08-12T13:14:33.851+0200: 3246.042: Total time for which application threads were stopped: 0.0002748 seconds, Stopping threads took: 0.0000731 seconds
2021-08-12T13:14:33.853+0200: 3246.043: Total time for which application threads were stopped: 0.0002353 seconds, Stopping threads took: 0.0000666 seconds
2021-08-12T13:14:33.853+0200: 3246.044: Total time for which application threads were stopped: 0.0002801 seconds, Stopping threads took: 0.0001537 seconds
2021-08-12T13:14:33.854+0200: 3246.045: Total time for which application threads were stopped: 0.0002569 seconds, Stopping threads took: 0.0001438 seconds
2021-08-12T13:14:33.855+0200: 3246.045: Total time for which application threads were stopped: 0.0001470 seconds, Stopping threads took: 0.0000369 seconds
2021-08-12T13:14:33.899+0200: 3246.089: Total time for which application threads were stopped: 0.0002500 seconds, Stopping threads took: 0.0000572 seconds
{Heap before GC invocations=9 (full 0):
 garbage-first heap   total 524288K, used 333440K [0x00000000e0000000, 0x00000000e0101000, 0x0000000100000000)
  region size 1024K, 307 young (314368K), 29 survivors (29696K)
 Metaspace       used 53558K, capacity 55926K, committed 56088K, reserved 1097728K
  class space    used 6640K, capacity 7095K, committed 7192K, reserved 1048576K
2021-08-12T13:14:33.927+0200: 3246.118: [GC pause (G1 Evacuation Pause) (young)
Desired survivor size 20447232 bytes, new threshold 15 (max 15)
- age   1:    7819320 bytes,    7819320 total
- age   2:    5151320 bytes,   12970640 total
- age   3:     445824 bytes,   13416464 total
- age   4:     742728 bytes,   14159192 total
, 0.0413720 secs]
   [Parallel Time: 23.9 ms, GC Workers: 8]
      [GC Worker Start (ms): Min: 3246118.3, Avg: 3246122.1, Max: 3246125.0, Diff: 6.7]
      [Ext Root Scanning (ms): Min: 0.0, Avg: 1.8, Max: 7.9, Diff: 7.8, Sum: 14.2]
      [Update RS (ms): Min: 0.0, Avg: 0.5, Max: 1.0, Diff: 1.0, Sum: 4.1]
         [Processed Buffers: Min: 0, Avg: 3.4, Max: 10, Diff: 10, Sum: 27]
      [Scan RS (ms): Min: 0.0, Avg: 0.1, Max: 0.1, Diff: 0.1, Sum: 0.5]
      [Code Root Scanning (ms): Min: 0.0, Avg: 5.7, Max: 16.9, Diff: 16.9, Sum: 45.3]
      [Object Copy (ms): Min: 0.6, Avg: 10.8, Max: 16.3, Diff: 15.7, Sum: 86.5]
      [Termination (ms): Min: 0.0, Avg: 0.7, Max: 0.9, Diff: 0.9, Sum: 5.6]
         [Termination Attempts: Min: 1, Avg: 9.1, Max: 15, Diff: 14, Sum: 73]
      [GC Worker Other (ms): Min: 0.0, Avg: 0.0, Max: 0.0, Diff: 0.0, Sum: 0.2]
      [GC Worker Total (ms): Min: 16.7, Avg: 19.6, Max: 23.4, Diff: 6.7, Sum: 156.4]
      [GC Worker End (ms): Min: 3246141.7, Avg: 3246141.7, Max: 3246141.7, Diff: 0.1]
   [Code Root Fixup: 0.1 ms]
   [Code Root Purge: 0.1 ms]
   [Clear CT: 0.3 ms]
   [Other: 17.0 ms]
      [Choose CSet: 0.0 ms]
      [Ref Proc: 15.5 ms]
      [Ref Enq: 0.3 ms]
      [Redirty Cards: 0.3 ms]
      [Humongous Register: 0.1 ms]
      [Humongous Reclaim: 0.0 ms]
      [Free CSet: 0.5 ms]
   [Eden: 278.0M(278.0M)->0.0B(273.0M) Survivors: 29696.0K->34816.0K Heap: 325.6M(512.0M)->54400.3K(512.0M)]
Heap after GC invocations=10 (full 0):
 garbage-first heap   total 524288K, used 54400K [0x00000000e0000000, 0x00000000e0101000, 0x0000000100000000)
  region size 1024K, 34 young (34816K), 34 survivors (34816K)
 Metaspace       used 53558K, capacity 55926K, committed 56088K, reserved 1097728K
  class space    used 6640K, capacity 7095K, committed 7192K, reserved 1048576K
}
 [Times: user=0.17 sys=0.00, real=0.04 secs] 
2021-08-12T13:14:33.970+0200: 3246.160: Total time for which application threads were stopped: 0.0427361 seconds, Stopping threads took: 0.0000448 seconds
2021-08-12T13:14:33.971+0200: 3246.162: Total time for which application threads were stopped: 0.0006245 seconds, Stopping threads took: 0.0001191 seconds
2021-08-12T13:14:33.973+0200: 3246.163: Total time for which application threads were stopped: 0.0002592 seconds, Stopping threads took: 0.0001796 seconds
2021-08-12T13:14:33.974+0200: 3246.164: Total time for which application threads were stopped: 0.0002303 seconds, Stopping threads took: 0.0001559 seconds
2021-08-12T13:14:33.980+0200: 3246.171: Total time for which application threads were stopped: 0.0001201 seconds, Stopping threads took: 0.0000416 seconds
2021-08-12T13:14:33.985+0200: 3246.176: Total time for which application threads were stopped: 0.0006785 seconds, Stopping threads took: 0.0000416 seconds
2021-08-12T13:14:33.987+0200: 3246.177: Total time for which application threads were stopped: 0.0003680 seconds, Stopping threads took: 0.0000406 seconds
2021-08-12T13:14:33.988+0200: 3246.179: Total time for which application threads were stopped: 0.0003942 seconds, Stopping threads took: 0.0000574 seconds
2021-08-12T13:14:34.001+0200: 3246.191: Total time for which application threads were stopped: 0.0003253 seconds, Stopping threads took: 0.0001430 seconds
2021-08-12T13:14:34.001+0200: 3246.192: Total time for which application threads were stopped: 0.0002002 seconds, Stopping threads took: 0.0001122 seconds
2021-08-12T13:14:34.003+0200: 3246.194: Total time for which application threads were stopped: 0.0010648 seconds, Stopping threads took: 0.0009859 seconds
2021-08-12T13:14:34.005+0200: 3246.196: Total time for which application threads were stopped: 0.0001974 seconds, Stopping threads took: 0.0001138 seconds
2021-08-12T13:14:34.008+0200: 3246.198: Total time for which application threads were stopped: 0.0002469 seconds, Stopping threads took: 0.0001519 seconds
2021-08-12T13:14:34.008+0200: 3246.199: Total time for which application threads were stopped: 0.0001883 seconds, Stopping threads took: 0.0001106 seconds
2021-08-12T13:14:34.010+0200: 3246.201: Total time for which application threads were stopped: 0.0002134 seconds, Stopping threads took: 0.0001267 seconds
2021-08-12T13:14:34.011+0200: 3246.202: Total time for which application threads were stopped: 0.0002103 seconds, Stopping threads took: 0.0001173 seconds
2021-08-12T13:14:34.026+0200: 3246.217: Total time for which application threads were stopped: 0.0003149 seconds, Stopping threads took: 0.0002268 seconds
2021-08-12T13:14:34.043+0200: 3246.234: Total time for which application threads were stopped: 0.0003187 seconds, Stopping threads took: 0.0001473 seconds
2021-08-12T13:14:34.112+0200: 3246.303: Total time for which application threads were stopped: 0.0002699 seconds, Stopping threads took: 0.0000867 seconds
2021-08-12T13:14:34.113+0200: 3246.303: Total time for which application threads were stopped: 0.0001161 seconds, Stopping threads took: 0.0000460 seconds
2021-08-12T13:14:34.153+0200: 3246.344: Total time for which application threads were stopped: 0.0002445 seconds, Stopping threads took: 0.0000642 seconds
2021-08-12T13:14:34.154+0200: 3246.344: Total time for which application threads were stopped: 0.0001526 seconds, Stopping threads took: 0.0000407 seconds
2021-08-12T13:14:34.188+0200: 3246.379: Total time for which application threads were stopped: 0.0003131 seconds, Stopping threads took: 0.0000813 seconds
2021-08-12T13:14:34.199+0200: 3246.390: Total time for which application threads were stopped: 0.0002152 seconds, Stopping threads took: 0.0000526 seconds
2021-08-12T13:14:34.201+0200: 3246.392: Total time for which application threads were stopped: 0.0001975 seconds, Stopping threads took: 0.0000612 seconds
2021-08-12T13:14:34.316+0200: 3246.507: Total time for which application threads were stopped: 0.0002635 seconds, Stopping threads took: 0.0000479 seconds
2021-08-12T13:14:34.319+0200: 3246.509: Total time for which application threads were stopped: 0.0001782 seconds, Stopping threads took: 0.0000342 seconds
2021-08-12T13:14:34.378+0200: 3246.569: Total time for which application threads were stopped: 0.0002808 seconds, Stopping threads took: 0.0000631 seconds
2021-08-12T13:14:34.388+0200: 3246.579: Total time for which application threads were stopped: 0.0002148 seconds, Stopping threads took: 0.0000435 seconds
2021-08-12T13:14:34.388+0200: 3246.579: Total time for which application threads were stopped: 0.0000945 seconds, Stopping threads took: 0.0000190 seconds
2021-08-12T13:14:34.393+0200: 3246.584: Total time for which application threads were stopped: 0.0001269 seconds, Stopping threads took: 0.0000267 seconds
2021-08-12T13:14:34.429+0200: 3246.619: Total time for which application threads were stopped: 0.0004000 seconds, Stopping threads took: 0.0001370 seconds
2021-08-12T13:14:34.431+0200: 3246.622: Total time for which application threads were stopped: 0.0002528 seconds, Stopping threads took: 0.0001446 seconds
2021-08-12T13:14:34.431+0200: 3246.622: Total time for which application threads were stopped: 0.0001085 seconds, Stopping threads took: 0.0000331 seconds
2021-08-12T13:14:34.461+0200: 3246.651: Total time for which application threads were stopped: 0.0002770 seconds, Stopping threads took: 0.0000791 seconds
2021-08-12T13:14:34.461+0200: 3246.652: Total time for which application threads were stopped: 0.0003583 seconds, Stopping threads took: 0.0001235 seconds
2021-08-12T13:14:34.463+0200: 3246.654: Total time for which application threads were stopped: 0.0001976 seconds, Stopping threads took: 0.0000985 seconds
2021-08-12T13:14:34.464+0200: 3246.655: Total time for which application threads were stopped: 0.0001939 seconds, Stopping threads took: 0.0000617 seconds
2021-08-12T13:14:34.465+0200: 3246.655: Total time for which application threads were stopped: 0.0002750 seconds, Stopping threads took: 0.0001436 seconds
2021-08-12T13:14:34.466+0200: 3246.656: Total time for which application threads were stopped: 0.0004492 seconds, Stopping threads took: 0.0003150 seconds
2021-08-12T13:14:34.466+0200: 3246.657: Total time for which application threads were stopped: 0.0001513 seconds, Stopping threads took: 0.0000545 seconds
2021-08-12T13:14:34.466+0200: 3246.657: Total time for which application threads were stopped: 0.0002493 seconds, Stopping threads took: 0.0001505 seconds
2021-08-12T13:14:34.467+0200: 3246.657: Total time for which application threads were stopped: 0.0001655 seconds, Stopping threads took: 0.0000532 seconds
2021-08-12T13:14:34.468+0200: 3246.659: Total time for which application threads were stopped: 0.0001720 seconds, Stopping threads took: 0.0000551 seconds
2021-08-12T13:14:34.469+0200: 3246.660: Total time for which application threads were stopped: 0.0001897 seconds, Stopping threads took: 0.0000637 seconds
2021-08-12T13:14:34.472+0200: 3246.663: Total time for which application threads were stopped: 0.0001934 seconds, Stopping threads took: 0.0000961 seconds
2021-08-12T13:14:34.475+0200: 3246.666: Total time for which application threads were stopped: 0.0001904 seconds, Stopping threads took: 0.0001095 seconds
2021-08-12T13:14:34.476+0200: 3246.667: Total time for which application threads were stopped: 0.0002186 seconds, Stopping threads took: 0.0001209 seconds
2021-08-12T13:14:34.477+0200: 3246.668: Total time for which application threads were stopped: 0.0004348 seconds, Stopping threads took: 0.0003419 seconds
2021-08-12T13:14:34.486+0200: 3246.676: Total time for which application threads were stopped: 0.0001194 seconds, Stopping threads took: 0.0000428 seconds
2021-08-12T13:14:34.487+0200: 3246.678: Total time for which application threads were stopped: 0.0001611 seconds, Stopping threads took: 0.0000346 seconds
2021-08-12T13:14:34.492+0200: 3246.683: Total time for which application threads were stopped: 0.0001352 seconds, Stopping threads took: 0.0000344 seconds
2021-08-12T13:14:34.492+0200: 3246.683: Total time for which application threads were stopped: 0.0001545 seconds, Stopping threads took: 0.0000258 seconds
2021-08-12T13:14:34.493+0200: 3246.684: Total time for which application threads were stopped: 0.0001343 seconds, Stopping threads took: 0.0000352 seconds
2021-08-12T13:14:34.562+0200: 3246.753: Total time for which application threads were stopped: 0.0003333 seconds, Stopping threads took: 0.0001696 seconds
2021-08-12T13:14:34.572+0200: 3246.762: Total time for which application threads were stopped: 0.0003022 seconds, Stopping threads took: 0.0001467 seconds
2021-08-12T13:14:34.598+0200: 3246.789: Total time for which application threads were stopped: 0.0002387 seconds, Stopping threads took: 0.0000695 seconds
2021-08-12T13:14:34.629+0200: 3246.820: Total time for which application threads were stopped: 0.0002403 seconds, Stopping threads took: 0.0000490 seconds
2021-08-12T13:14:34.630+0200: 3246.820: Total time for which application threads were stopped: 0.0001918 seconds, Stopping threads took: 0.0000628 seconds
2021-08-12T13:14:34.630+0200: 3246.821: Total time for which application threads were stopped: 0.0002046 seconds, Stopping threads took: 0.0001012 seconds
2021-08-12T13:14:34.633+0200: 3246.824: Total time for which application threads were stopped: 0.0002000 seconds, Stopping threads took: 0.0000663 seconds
2021-08-12T13:14:34.634+0200: 3246.824: Total time for which application threads were stopped: 0.0001949 seconds, Stopping threads took: 0.0000709 seconds
2021-08-12T13:14:34.634+0200: 3246.825: Total time for which application threads were stopped: 0.0001569 seconds, Stopping threads took: 0.0000408 seconds
2021-08-12T13:14:34.634+0200: 3246.825: Total time for which application threads were stopped: 0.0002089 seconds, Stopping threads took: 0.0001022 seconds
2021-08-12T13:14:34.637+0200: 3246.828: Total time for which application threads were stopped: 0.0002961 seconds, Stopping threads took: 0.0001530 seconds
2021-08-12T13:14:34.644+0200: 3246.835: Total time for which application threads were stopped: 0.0067070 seconds, Stopping threads took: 0.0064577 seconds
2021-08-12T13:14:34.674+0200: 3246.864: Total time for which application threads were stopped: 0.0002524 seconds, Stopping threads took: 0.0000419 seconds
2021-08-12T13:14:34.674+0200: 3246.865: Total time for which application threads were stopped: 0.0001356 seconds, Stopping threads took: 0.0000300 seconds
2021-08-12T13:14:34.688+0200: 3246.878: Total time for which application threads were stopped: 0.0001332 seconds, Stopping threads took: 0.0000483 seconds
2021-08-12T13:14:34.691+0200: 3246.882: Total time for which application threads were stopped: 0.0001708 seconds, Stopping threads took: 0.0000907 seconds
2021-08-12T13:14:34.693+0200: 3246.884: Total time for which application threads were stopped: 0.0001997 seconds, Stopping threads took: 0.0000908 seconds
2021-08-12T13:14:34.693+0200: 3246.884: Total time for which application threads were stopped: 0.0001239 seconds, Stopping threads took: 0.0000457 seconds
2021-08-12T13:14:34.697+0200: 3246.888: Total time for which application threads were stopped: 0.0001319 seconds, Stopping threads took: 0.0000242 seconds
2021-08-12T13:14:34.713+0200: 3246.904: Total time for which application threads were stopped: 0.0001650 seconds, Stopping threads took: 0.0000551 seconds
2021-08-12T13:14:34.726+0200: 3246.916: Total time for which application threads were stopped: 0.0004235 seconds, Stopping threads took: 0.0000751 seconds
2021-08-12T13:14:34.734+0200: 3246.925: Total time for which application threads were stopped: 0.0001157 seconds, Stopping threads took: 0.0000269 seconds
2021-08-12T13:14:34.757+0200: 3246.948: Total time for which application threads were stopped: 0.0002656 seconds, Stopping threads took: 0.0001336 seconds
2021-08-12T13:14:34.774+0200: 3246.965: Total time for which application threads were stopped: 0.0003043 seconds, Stopping threads took: 0.0001042 seconds
2021-08-12T13:14:34.778+0200: 3246.969: Total time for which application threads were stopped: 0.0003493 seconds, Stopping threads took: 0.0001598 seconds
2021-08-12T13:14:34.788+0200: 3246.978: Total time for which application threads were stopped: 0.0002056 seconds, Stopping threads took: 0.0000836 seconds
2021-08-12T13:14:34.793+0200: 3246.983: Total time for which application threads were stopped: 0.0001776 seconds, Stopping threads took: 0.0000764 seconds
2021-08-12T13:14:34.809+0200: 3247.000: Total time for which application threads were stopped: 0.0003021 seconds, Stopping threads took: 0.0000659 seconds
2021-08-12T13:14:34.824+0200: 3247.015: Total time for which application threads were stopped: 0.0001449 seconds, Stopping threads took: 0.0000441 seconds
2021-08-12T13:14:34.838+0200: 3247.029: Total time for which application threads were stopped: 0.0002101 seconds, Stopping threads took: 0.0000585 seconds
2021-08-12T13:14:34.838+0200: 3247.029: Total time for which application threads were stopped: 0.0002212 seconds, Stopping threads took: 0.0001221 seconds
2021-08-12T13:14:34.846+0200: 3247.037: Total time for which application threads were stopped: 0.0001807 seconds, Stopping threads took: 0.0000865 seconds
2021-08-12T13:14:34.852+0200: 3247.042: Total time for which application threads were stopped: 0.0001504 seconds, Stopping threads took: 0.0000501 seconds
2021-08-12T13:14:34.862+0200: 3247.053: Total time for which application threads were stopped: 0.0005088 seconds, Stopping threads took: 0.0001135 seconds
2021-08-12T13:14:34.866+0200: 3247.057: Total time for which application threads were stopped: 0.0001723 seconds, Stopping threads took: 0.0000485 seconds
2021-08-12T13:14:34.870+0200: 3247.061: Total time for which application threads were stopped: 0.0002140 seconds, Stopping threads took: 0.0001209 seconds
2021-08-12T13:14:34.885+0200: 3247.075: Total time for which application threads were stopped: 0.0002019 seconds, Stopping threads took: 0.0000509 seconds
2021-08-12T13:14:34.889+0200: 3247.080: Total time for which application threads were stopped: 0.0002176 seconds, Stopping threads took: 0.0000553 seconds
2021-08-12T13:14:34.901+0200: 3247.091: Total time for which application threads were stopped: 0.0003142 seconds, Stopping threads took: 0.0001360 seconds
2021-08-12T13:14:34.901+0200: 3247.092: Total time for which application threads were stopped: 0.0001607 seconds, Stopping threads took: 0.0000509 seconds
2021-08-12T13:14:34.902+0200: 3247.092: Total time for which application threads were stopped: 0.0001824 seconds, Stopping threads took: 0.0000715 seconds
2021-08-12T13:14:34.903+0200: 3247.094: Total time for which application threads were stopped: 0.0012038 seconds, Stopping threads took: 0.0010824 seconds
2021-08-12T13:14:34.907+0200: 3247.097: Total time for which application threads were stopped: 0.0002217 seconds, Stopping threads took: 0.0000734 seconds
2021-08-12T13:14:34.910+0200: 3247.101: Total time for which application threads were stopped: 0.0003173 seconds, Stopping threads took: 0.0001733 seconds
2021-08-12T13:14:34.911+0200: 3247.102: Total time for which application threads were stopped: 0.0004497 seconds, Stopping threads took: 0.0000781 seconds
2021-08-12T13:14:34.912+0200: 3247.102: Total time for which application threads were stopped: 0.0001691 seconds, Stopping threads took: 0.0000711 seconds
2021-08-12T13:14:34.928+0200: 3247.119: Total time for which application threads were stopped: 0.0004915 seconds, Stopping threads took: 0.0000840 seconds
2021-08-12T13:14:34.932+0200: 3247.122: Total time for which application threads were stopped: 0.0002322 seconds, Stopping threads took: 0.0001344 seconds
2021-08-12T13:14:35.946+0200: 3248.136: Total time for which application threads were stopped: 0.0004535 seconds, Stopping threads took: 0.0001025 seconds
2021-08-12T13:14:35.948+0200: 3248.139: Total time for which application threads were stopped: 0.0004772 seconds, Stopping threads took: 0.0000289 seconds
2021-08-12T13:14:35.949+0200: 3248.140: Total time for which application threads were stopped: 0.0001866 seconds, Stopping threads took: 0.0000627 seconds
2021-08-12T13:14:35.964+0200: 3248.154: Total time for which application threads were stopped: 0.0003688 seconds, Stopping threads took: 0.0001046 seconds
2021-08-12T13:14:36.265+0200: 3248.456: Total time for which application threads were stopped: 0.0004426 seconds, Stopping threads took: 0.0001545 seconds
2021-08-12T13:14:36.271+0200: 3248.462: Total time for which application threads were stopped: 0.0003416 seconds, Stopping threads took: 0.0001394 seconds
2021-08-12T13:14:36.287+0200: 3248.478: Total time for which application threads were stopped: 0.0003285 seconds, Stopping threads took: 0.0001359 seconds
2021-08-12T13:14:36.292+0200: 3248.483: Total time for which application threads were stopped: 0.0003565 seconds, Stopping threads took: 0.0001308 seconds
2021-08-12T13:14:36.993+0200: 3249.184: Total time for which application threads were stopped: 0.0002910 seconds, Stopping threads took: 0.0000925 seconds
2021-08-12T13:14:36.994+0200: 3249.185: Total time for which application threads were stopped: 0.0003175 seconds, Stopping threads took: 0.0001904 seconds
2021-08-12T13:14:37.008+0200: 3249.198: Total time for which application threads were stopped: 0.0002715 seconds, Stopping threads took: 0.0001155 seconds
2021-08-12T13:14:37.051+0200: 3249.242: Total time for which application threads were stopped: 0.0003383 seconds, Stopping threads took: 0.0001130 seconds
2021-08-12T13:14:37.061+0200: 3249.252: Total time for which application threads were stopped: 0.0003011 seconds, Stopping threads took: 0.0001266 seconds
2021-08-12T13:14:37.062+0200: 3249.253: Total time for which application threads were stopped: 0.0001716 seconds, Stopping threads took: 0.0000684 seconds
2021-08-12T13:14:37.062+0200: 3249.253: Total time for which application threads were stopped: 0.0001687 seconds, Stopping threads took: 0.0000722 seconds
2021-08-12T13:14:37.063+0200: 3249.253: Total time for which application threads were stopped: 0.0002111 seconds, Stopping threads took: 0.0001052 seconds
2021-08-12T13:14:37.068+0200: 3249.258: Total time for which application threads were stopped: 0.0003314 seconds, Stopping threads took: 0.0001992 seconds
2021-08-12T13:14:37.069+0200: 3249.260: Total time for which application threads were stopped: 0.0002464 seconds, Stopping threads took: 0.0001384 seconds
2021-08-12T13:14:37.069+0200: 3249.260: Total time for which application threads were stopped: 0.0003196 seconds, Stopping threads took: 0.0002240 seconds
2021-08-12T13:14:37.070+0200: 3249.261: Total time for which application threads were stopped: 0.0002560 seconds, Stopping threads took: 0.0001523 seconds
2021-08-12T13:14:37.071+0200: 3249.261: Total time for which application threads were stopped: 0.0002994 seconds, Stopping threads took: 0.0001757 seconds
2021-08-12T13:14:37.072+0200: 3249.263: Total time for which application threads were stopped: 0.0003407 seconds, Stopping threads took: 0.0001512 seconds
2021-08-12T13:14:37.077+0200: 3249.268: Total time for which application threads were stopped: 0.0002339 seconds, Stopping threads took: 0.0000792 seconds
2021-08-12T13:14:37.078+0200: 3249.268: Total time for which application threads were stopped: 0.0001754 seconds, Stopping threads took: 0.0000897 seconds
2021-08-12T13:14:37.078+0200: 3249.269: Total time for which application threads were stopped: 0.0001373 seconds, Stopping threads took: 0.0000487 seconds
2021-08-12T13:14:37.078+0200: 3249.269: Total time for which application threads were stopped: 0.0001337 seconds, Stopping threads took: 0.0000459 seconds
2021-08-12T13:14:37.079+0200: 3249.269: Total time for which application threads were stopped: 0.0002108 seconds, Stopping threads took: 0.0001174 seconds
2021-08-12T13:14:37.139+0200: 3249.330: Total time for which application threads were stopped: 0.0003294 seconds, Stopping threads took: 0.0001287 seconds
2021-08-12T13:14:37.142+0200: 3249.332: Total time for which application threads were stopped: 0.0015616 seconds, Stopping threads took: 0.0014761 seconds
2021-08-12T13:14:37.148+0200: 3249.339: Total time for which application threads were stopped: 0.0009414 seconds, Stopping threads took: 0.0000314 seconds
2021-08-12T13:14:37.514+0200: 3249.704: Total time for which application threads were stopped: 0.0004947 seconds, Stopping threads took: 0.0001498 seconds
2021-08-12T13:14:37.524+0200: 3249.715: Total time for which application threads were stopped: 0.0002037 seconds, Stopping threads took: 0.0000995 seconds
2021-08-12T13:14:37.531+0200: 3249.722: Total time for which application threads were stopped: 0.0002172 seconds, Stopping threads took: 0.0001021 seconds
2021-08-12T13:14:37.546+0200: 3249.737: Total time for which application threads were stopped: 0.0003931 seconds, Stopping threads took: 0.0001568 seconds
2021-08-12T13:14:37.551+0200: 3249.742: Total time for which application threads were stopped: 0.0004172 seconds, Stopping threads took: 0.0002253 seconds
2021-08-12T13:14:37.558+0200: 3249.749: Total time for which application threads were stopped: 0.0002450 seconds, Stopping threads took: 0.0000835 seconds
2021-08-12T13:14:37.627+0200: 3249.818: Total time for which application threads were stopped: 0.0003248 seconds, Stopping threads took: 0.0000879 seconds
2021-08-12T13:14:37.635+0200: 3249.825: Total time for which application threads were stopped: 0.0020931 seconds, Stopping threads took: 0.0018473 seconds
2021-08-12T13:14:37.640+0200: 3249.831: Total time for which application threads were stopped: 0.0003491 seconds, Stopping threads took: 0.0001640 seconds
2021-08-12T13:14:37.656+0200: 3249.847: Total time for which application threads were stopped: 0.0003807 seconds, Stopping threads took: 0.0000890 seconds
2021-08-12T13:14:37.660+0200: 3249.851: Total time for which application threads were stopped: 0.0002880 seconds, Stopping threads took: 0.0001394 seconds
2021-08-12T13:14:37.681+0200: 3249.871: Total time for which application threads were stopped: 0.0002771 seconds, Stopping threads took: 0.0001460 seconds
2021-08-12T13:14:37.681+0200: 3249.871: Total time for which application threads were stopped: 0.0001589 seconds, Stopping threads took: 0.0000496 seconds
2021-08-12T13:14:37.685+0200: 3249.876: Total time for which application threads were stopped: 0.0001831 seconds, Stopping threads took: 0.0000572 seconds
2021-08-12T13:14:37.690+0200: 3249.881: Total time for which application threads were stopped: 0.0002155 seconds, Stopping threads took: 0.0000818 seconds
2021-08-12T13:14:37.704+0200: 3249.895: Total time for which application threads were stopped: 0.0003740 seconds, Stopping threads took: 0.0001624 seconds
2021-08-12T13:14:37.710+0200: 3249.901: Total time for which application threads were stopped: 0.0002445 seconds, Stopping threads took: 0.0000581 seconds
2021-08-12T13:14:37.712+0200: 3249.903: Total time for which application threads were stopped: 0.0002052 seconds, Stopping threads took: 0.0000749 seconds
2021-08-12T13:14:37.714+0200: 3249.905: Total time for which application threads were stopped: 0.0002532 seconds, Stopping threads took: 0.0001003 seconds
2021-08-12T13:14:37.715+0200: 3249.905: Total time for which application threads were stopped: 0.0003010 seconds, Stopping threads took: 0.0001589 seconds
2021-08-12T13:14:37.715+0200: 3249.906: Total time for which application threads were stopped: 0.0002982 seconds, Stopping threads took: 0.0001835 seconds
2021-08-12T13:14:37.718+0200: 3249.909: Total time for which application threads were stopped: 0.0005944 seconds, Stopping threads took: 0.0004554 seconds
2021-08-12T13:14:37.721+0200: 3249.911: Total time for which application threads were stopped: 0.0002020 seconds, Stopping threads took: 0.0001011 seconds
2021-08-12T13:14:37.721+0200: 3249.912: Total time for which application threads were stopped: 0.0002478 seconds, Stopping threads took: 0.0001405 seconds
2021-08-12T13:14:37.721+0200: 3249.912: Total time for which application threads were stopped: 0.0002170 seconds, Stopping threads took: 0.0001090 seconds
2021-08-12T13:14:37.725+0200: 3249.916: Total time for which application threads were stopped: 0.0021946 seconds, Stopping threads took: 0.0020536 seconds
2021-08-12T13:14:37.730+0200: 3249.920: Total time for which application threads were stopped: 0.0002716 seconds, Stopping threads took: 0.0001507 seconds
2021-08-12T13:14:37.731+0200: 3249.921: Total time for which application threads were stopped: 0.0002090 seconds, Stopping threads took: 0.0001120 seconds
2021-08-12T13:14:37.741+0200: 3249.932: Total time for which application threads were stopped: 0.0032620 seconds, Stopping threads took: 0.0031647 seconds
2021-08-12T13:14:37.745+0200: 3249.935: Total time for which application threads were stopped: 0.0001915 seconds, Stopping threads took: 0.0000650 seconds
2021-08-12T13:14:37.746+0200: 3249.937: Total time for which application threads were stopped: 0.0001812 seconds, Stopping threads took: 0.0000933 seconds
2021-08-12T13:14:37.747+0200: 3249.938: Total time for which application threads were stopped: 0.0001923 seconds, Stopping threads took: 0.0001129 seconds
2021-08-12T13:14:37.748+0200: 3249.939: Total time for which application threads were stopped: 0.0002880 seconds, Stopping threads took: 0.0001735 seconds
2021-08-12T13:14:37.749+0200: 3249.939: Total time for which application threads were stopped: 0.0001267 seconds, Stopping threads took: 0.0000487 seconds
2021-08-12T13:14:37.793+0200: 3249.983: Total time for which application threads were stopped: 0.0001772 seconds, Stopping threads took: 0.0000416 seconds
2021-08-12T13:14:37.794+0200: 3249.984: Total time for which application threads were stopped: 0.0002133 seconds, Stopping threads took: 0.0000699 seconds
2021-08-12T13:14:37.795+0200: 3249.986: Total time for which application threads were stopped: 0.0001792 seconds, Stopping threads took: 0.0000423 seconds
2021-08-12T13:14:37.796+0200: 3249.987: Total time for which application threads were stopped: 0.0003053 seconds, Stopping threads took: 0.0001451 seconds
2021-08-12T13:14:37.797+0200: 3249.987: Total time for which application threads were stopped: 0.0001480 seconds, Stopping threads took: 0.0000332 seconds
2021-08-12T13:14:37.797+0200: 3249.988: Total time for which application threads were stopped: 0.0001682 seconds, Stopping threads took: 0.0000404 seconds
2021-08-12T13:14:37.798+0200: 3249.988: Total time for which application threads were stopped: 0.0001586 seconds, Stopping threads took: 0.0000372 seconds
2021-08-12T13:14:37.799+0200: 3249.989: Total time for which application threads were stopped: 0.0004906 seconds, Stopping threads took: 0.0000426 seconds
2021-08-12T13:14:38.799+0200: 3250.990: Total time for which application threads were stopped: 0.0004558 seconds, Stopping threads took: 0.0001023 seconds
2021-08-12T13:14:40.800+0200: 3252.991: Total time for which application threads were stopped: 0.0004657 seconds, Stopping threads took: 0.0000999 seconds
2021-08-12T13:14:41.801+0200: 3253.992: Total time for which application threads were stopped: 0.0004249 seconds, Stopping threads took: 0.0000923 seconds
2021-08-12T13:14:43.481+0200: 3255.671: Total time for which application threads were stopped: 0.0004432 seconds, Stopping threads took: 0.0000876 seconds
2021-08-12T13:14:43.483+0200: 3255.673: Total time for which application threads were stopped: 0.0002385 seconds, Stopping threads took: 0.0000846 seconds
2021-08-12T13:14:43.490+0200: 3255.681: Total time for which application threads were stopped: 0.0003296 seconds, Stopping threads took: 0.0001240 seconds
2021-08-12T13:14:43.501+0200: 3255.691: Total time for which application threads were stopped: 0.0002897 seconds, Stopping threads took: 0.0000968 seconds
2021-08-12T13:14:43.501+0200: 3255.692: Total time for which application threads were stopped: 0.0002915 seconds, Stopping threads took: 0.0001474 seconds
2021-08-12T13:14:43.856+0200: 3256.047: Total time for which application threads were stopped: 0.0006145 seconds, Stopping threads took: 0.0002204 seconds
2021-08-12T13:14:43.857+0200: 3256.048: Total time for which application threads were stopped: 0.0002089 seconds, Stopping threads took: 0.0000772 seconds
2021-08-12T13:14:43.858+0200: 3256.049: Total time for which application threads were stopped: 0.0002363 seconds, Stopping threads took: 0.0001419 seconds
2021-08-12T13:14:43.871+0200: 3256.061: Total time for which application threads were stopped: 0.0001758 seconds, Stopping threads took: 0.0000388 seconds
2021-08-12T13:14:43.880+0200: 3256.071: Total time for which application threads were stopped: 0.0002157 seconds, Stopping threads took: 0.0000888 seconds
2021-08-12T13:14:43.881+0200: 3256.072: Total time for which application threads were stopped: 0.0002346 seconds, Stopping threads took: 0.0000716 seconds
2021-08-12T13:14:43.882+0200: 3256.072: Total time for which application threads were stopped: 0.0001983 seconds, Stopping threads took: 0.0000536 seconds
2021-08-12T13:15:20.888+0200: 3293.079: Total time for which application threads were stopped: 0.0004428 seconds, Stopping threads took: 0.0001001 seconds
2021-08-12T13:15:26.906+0200: 3299.097: Total time for which application threads were stopped: 0.0007912 seconds, Stopping threads took: 0.0001525 seconds
2021-08-12T13:15:29.908+0200: 3302.098: Total time for which application threads were stopped: 0.0009211 seconds, Stopping threads took: 0.0003087 seconds
2021-08-12T13:15:47.380+0200: 3319.571: Total time for which application threads were stopped: 0.0004124 seconds, Stopping threads took: 0.0000765 seconds
2021-08-12T13:15:47.380+0200: 3319.571: Total time for which application threads were stopped: 0.0001207 seconds, Stopping threads took: 0.0000276 seconds
2021-08-12T13:15:47.421+0200: 3319.611: Total time for which application threads were stopped: 0.0036722 seconds, Stopping threads took: 0.0000822 seconds
2021-08-12T13:15:47.449+0200: 3319.639: Total time for which application threads were stopped: 0.0005239 seconds, Stopping threads took: 0.0001744 seconds
2021-08-12T13:15:47.465+0200: 3319.656: Total time for which application threads were stopped: 0.0003135 seconds, Stopping threads took: 0.0001662 seconds
2021-08-12T13:15:47.485+0200: 3319.676: Total time for which application threads were stopped: 0.0002928 seconds, Stopping threads took: 0.0000865 seconds
2021-08-12T13:15:47.486+0200: 3319.676: Total time for which application threads were stopped: 0.0002092 seconds, Stopping threads took: 0.0000752 seconds
2021-08-12T13:15:47.487+0200: 3319.678: Total time for which application threads were stopped: 0.0003703 seconds, Stopping threads took: 0.0001857 seconds
2021-08-12T13:15:47.488+0200: 3319.679: Total time for which application threads were stopped: 0.0002358 seconds, Stopping threads took: 0.0000888 seconds
2021-08-12T13:15:47.489+0200: 3319.680: Total time for which application threads were stopped: 0.0002780 seconds, Stopping threads took: 0.0001223 seconds
2021-08-12T13:15:47.490+0200: 3319.680: Total time for which application threads were stopped: 0.0002371 seconds, Stopping threads took: 0.0000860 seconds
2021-08-12T13:15:47.491+0200: 3319.681: Total time for which application threads were stopped: 0.0003716 seconds, Stopping threads took: 0.0001747 seconds
2021-08-12T13:15:47.491+0200: 3319.682: Total time for which application threads were stopped: 0.0002320 seconds, Stopping threads took: 0.0000893 seconds
2021-08-12T13:15:47.492+0200: 3319.683: Total time for which application threads were stopped: 0.0002479 seconds, Stopping threads took: 0.0000671 seconds
2021-08-12T13:15:47.493+0200: 3319.684: Total time for which application threads were stopped: 0.0002855 seconds, Stopping threads took: 0.0000909 seconds
2021-08-12T13:15:47.494+0200: 3319.684: Total time for which application threads were stopped: 0.0002594 seconds, Stopping threads took: 0.0000755 seconds
2021-08-12T13:15:47.495+0200: 3319.685: Total time for which application threads were stopped: 0.0002397 seconds, Stopping threads took: 0.0000879 seconds
2021-08-12T13:16:43.144+0200: 3375.335: Total time for which application threads were stopped: 0.0011314 seconds, Stopping threads took: 0.0007474 seconds
2021-08-12T13:16:43.173+0200: 3375.364: Total time for which application threads were stopped: 0.0003531 seconds, Stopping threads took: 0.0001726 seconds
2021-08-12T13:16:43.174+0200: 3375.364: Total time for which application threads were stopped: 0.0002010 seconds, Stopping threads took: 0.0000913 seconds
2021-08-12T13:16:43.900+0200: 3376.090: Total time for which application threads were stopped: 0.0003866 seconds, Stopping threads took: 0.0000607 seconds
2021-08-12T13:16:44.900+0200: 3377.091: Total time for which application threads were stopped: 0.0004595 seconds, Stopping threads took: 0.0001099 seconds
2021-08-12T13:17:21.907+0200: 3414.098: Total time for which application threads were stopped: 0.0005464 seconds, Stopping threads took: 0.0001116 seconds
2021-08-12T13:17:27.909+0200: 3420.100: Total time for which application threads were stopped: 0.0004066 seconds, Stopping threads took: 0.0000874 seconds
2021-08-12T13:18:24.858+0200: 3477.049: Total time for which application threads were stopped: 0.0006298 seconds, Stopping threads took: 0.0002578 seconds
2021-08-12T13:18:24.860+0200: 3477.051: Total time for which application threads were stopped: 0.0002609 seconds, Stopping threads took: 0.0000977 seconds
2021-08-12T13:18:24.863+0200: 3477.054: Total time for which application threads were stopped: 0.0005154 seconds, Stopping threads took: 0.0002218 seconds
2021-08-12T13:18:25.863+0200: 3478.054: Total time for which application threads were stopped: 0.0003661 seconds, Stopping threads took: 0.0000821 seconds
2021-08-12T13:18:27.864+0200: 3480.055: Total time for which application threads were stopped: 0.0003575 seconds, Stopping threads took: 0.0000831 seconds
2021-08-12T13:19:16.191+0200: 3528.382: Total time for which application threads were stopped: 0.0004060 seconds, Stopping threads took: 0.0000838 seconds
2021-08-12T13:19:17.192+0200: 3529.382: Total time for which application threads were stopped: 0.0004338 seconds, Stopping threads took: 0.0000959 seconds
2021-08-12T13:19:50.198+0200: 3562.389: Total time for which application threads were stopped: 0.0003479 seconds, Stopping threads took: 0.0000733 seconds
2021-08-12T13:20:07.201+0200: 3579.392: Total time for which application threads were stopped: 0.0005476 seconds, Stopping threads took: 0.0001513 seconds
2021-08-12T13:20:21.204+0200: 3593.395: Total time for which application threads were stopped: 0.0003639 seconds, Stopping threads took: 0.0000859 seconds
2021-08-12T13:20:27.054+0200: 3599.245: Total time for which application threads were stopped: 0.0020311 seconds, Stopping threads took: 0.0002943 seconds
2021-08-12T13:20:27.061+0200: 3599.252: Total time for which application threads were stopped: 0.0004821 seconds, Stopping threads took: 0.0000966 seconds
2021-08-12T13:20:28.062+0200: 3600.253: Total time for which application threads were stopped: 0.0003709 seconds, Stopping threads took: 0.0000860 seconds
2021-08-12T13:21:27.090+0200: 3659.281: Total time for which application threads were stopped: 0.0010105 seconds, Stopping threads took: 0.0003146 seconds
2021-08-12T13:21:28.091+0200: 3660.282: Total time for which application threads were stopped: 0.0004383 seconds, Stopping threads took: 0.0000807 seconds
2021-08-12T13:23:28.114+0200: 3780.305: Total time for which application threads were stopped: 0.0005347 seconds, Stopping threads took: 0.0001802 seconds
2021-08-12T13:24:28.126+0200: 3840.317: Total time for which application threads were stopped: 0.0003396 seconds, Stopping threads took: 0.0000876 seconds
2021-08-12T13:25:27.205+0200: 3899.395: Total time for which application threads were stopped: 0.0004883 seconds, Stopping threads took: 0.0002104 seconds
2021-08-12T13:26:28.216+0200: 3960.406: Total time for which application threads were stopped: 0.0007937 seconds, Stopping threads took: 0.0001673 seconds
2021-08-12T13:28:28.237+0200: 4080.427: Total time for which application threads were stopped: 0.0005570 seconds, Stopping threads took: 0.0001282 seconds
2021-08-12T13:29:28.247+0200: 4140.438: Total time for which application threads were stopped: 0.0003540 seconds, Stopping threads took: 0.0000839 seconds
2021-08-12T13:30:27.374+0200: 4199.565: Total time for which application threads were stopped: 0.0004535 seconds, Stopping threads took: 0.0000732 seconds
2021-08-12T13:31:28.386+0200: 4260.576: Total time for which application threads were stopped: 0.0010579 seconds, Stopping threads took: 0.0002516 seconds
2021-08-12T13:35:27.506+0200: 4499.697: Total time for which application threads were stopped: 0.0005866 seconds, Stopping threads took: 0.0002210 seconds
2021-08-12T13:36:28.518+0200: 4560.709: Total time for which application threads were stopped: 0.0011833 seconds, Stopping threads took: 0.0002501 seconds
2021-08-12T13:37:28.528+0200: 4620.719: Total time for which application threads were stopped: 0.0004844 seconds, Stopping threads took: 0.0000969 seconds
2021-08-12T13:38:28.538+0200: 4680.729: Total time for which application threads were stopped: 0.0004335 seconds, Stopping threads took: 0.0001193 seconds
2021-08-12T13:39:28.549+0200: 4740.739: Total time for which application threads were stopped: 0.0004038 seconds, Stopping threads took: 0.0001148 seconds
2021-08-12T13:39:32.550+0200: 4744.740: Total time for which application threads were stopped: 0.0004039 seconds, Stopping threads took: 0.0000851 seconds
2021-08-12T13:40:27.658+0200: 4799.848: Total time for which application threads were stopped: 0.0008823 seconds, Stopping threads took: 0.0003036 seconds
2021-08-12T13:40:31.659+0200: 4803.849: Total time for which application threads were stopped: 0.0003825 seconds, Stopping threads took: 0.0000921 seconds
2021-08-12T13:41:28.673+0200: 4860.863: Total time for which application threads were stopped: 0.0049159 seconds, Stopping threads took: 0.0001931 seconds
2021-08-12T13:42:28.683+0200: 4920.874: Total time for which application threads were stopped: 0.0004582 seconds, Stopping threads took: 0.0000909 seconds
2021-08-12T13:43:28.693+0200: 4980.884: Total time for which application threads were stopped: 0.0004664 seconds, Stopping threads took: 0.0001180 seconds
2021-08-12T13:45:27.803+0200: 5099.994: Total time for which application threads were stopped: 0.0008006 seconds, Stopping threads took: 0.0001819 seconds
2021-08-12T13:46:28.813+0200: 5161.004: Total time for which application threads were stopped: 0.0005099 seconds, Stopping threads took: 0.0001406 seconds
2021-08-12T13:49:28.853+0200: 5341.043: Total time for which application threads were stopped: 0.0005182 seconds, Stopping threads took: 0.0001158 seconds
2021-08-12T13:50:27.935+0200: 5400.125: Total time for which application threads were stopped: 0.0009522 seconds, Stopping threads took: 0.0002272 seconds
2021-08-12T13:51:28.945+0200: 5461.136: Total time for which application threads were stopped: 0.0004444 seconds, Stopping threads took: 0.0001124 seconds
2021-08-12T13:52:31.956+0200: 5524.147: Total time for which application threads were stopped: 0.0004543 seconds, Stopping threads took: 0.0001060 seconds
2021-08-12T13:55:28.059+0200: 5700.250: Total time for which application threads were stopped: 0.0010426 seconds, Stopping threads took: 0.0002476 seconds
2021-08-12T13:57:29.081+0200: 5821.272: Total time for which application threads were stopped: 0.0006143 seconds, Stopping threads took: 0.0001329 seconds
2021-08-12T13:58:29.092+0200: 5881.283: Total time for which application threads were stopped: 0.0004951 seconds, Stopping threads took: 0.0000911 seconds
2021-08-12T13:59:29.104+0200: 5941.295: Total time for which application threads were stopped: 0.0004636 seconds, Stopping threads took: 0.0001070 seconds
2021-08-12T14:00:28.190+0200: 6000.380: Total time for which application threads were stopped: 0.0008392 seconds, Stopping threads took: 0.0001612 seconds
2021-08-12T14:01:29.202+0200: 6061.393: Total time for which application threads were stopped: 0.0008029 seconds, Stopping threads took: 0.0001934 seconds
2021-08-12T14:05:28.325+0200: 6300.516: Total time for which application threads were stopped: 0.0004980 seconds, Stopping threads took: 0.0002120 seconds
2021-08-12T14:05:29.326+0200: 6301.517: Total time for which application threads were stopped: 0.0004218 seconds, Stopping threads took: 0.0001175 seconds
2021-08-12T14:06:29.337+0200: 6361.527: Total time for which application threads were stopped: 0.0010905 seconds, Stopping threads took: 0.0002679 seconds
2021-08-12T14:08:29.355+0200: 6481.546: Total time for which application threads were stopped: 0.0004228 seconds, Stopping threads took: 0.0000975 seconds
2021-08-12T14:09:29.366+0200: 6541.556: Total time for which application threads were stopped: 0.0005450 seconds, Stopping threads took: 0.0001494 seconds
2021-08-12T14:10:28.446+0200: 6600.637: Total time for which application threads were stopped: 0.0013782 seconds, Stopping threads took: 0.0002896 seconds
2021-08-12T14:10:28.456+0200: 6600.647: Total time for which application threads were stopped: 0.0002995 seconds, Stopping threads took: 0.0000617 seconds
2021-08-12T14:12:29.478+0200: 6721.669: Total time for which application threads were stopped: 0.0005970 seconds, Stopping threads took: 0.0001782 seconds
2021-08-12T14:13:29.489+0200: 6781.679: Total time for which application threads were stopped: 0.0004668 seconds, Stopping threads took: 0.0000831 seconds
2021-08-12T14:14:29.499+0200: 6841.690: Total time for which application threads were stopped: 0.0004033 seconds, Stopping threads took: 0.0001122 seconds
2021-08-12T14:15:28.585+0200: 6900.776: Total time for which application threads were stopped: 0.0008040 seconds, Stopping threads took: 0.0002861 seconds
2021-08-12T14:16:29.596+0200: 6961.787: Total time for which application threads were stopped: 0.0004626 seconds, Stopping threads took: 0.0001129 seconds
2021-08-12T14:19:29.628+0200: 7141.819: Total time for which application threads were stopped: 0.0004991 seconds, Stopping threads took: 0.0001332 seconds
2021-08-12T14:20:28.706+0200: 7200.896: Total time for which application threads were stopped: 0.0007732 seconds, Stopping threads took: 0.0001779 seconds
2021-08-12T14:21:29.716+0200: 7261.907: Total time for which application threads were stopped: 0.0005605 seconds, Stopping threads took: 0.0001828 seconds
2021-08-12T14:21:30.717+0200: 7262.908: Total time for which application threads were stopped: 0.0003676 seconds, Stopping threads took: 0.0000899 seconds
2021-08-12T14:21:32.718+0200: 7264.908: Total time for which application threads were stopped: 0.0004226 seconds, Stopping threads took: 0.0000863 seconds
2021-08-12T14:22:29.728+0200: 7321.919: Total time for which application threads were stopped: 0.0005554 seconds, Stopping threads took: 0.0001492 seconds
2021-08-12T14:23:29.739+0200: 7381.930: Total time for which application threads were stopped: 0.0004129 seconds, Stopping threads took: 0.0001059 seconds
2021-08-12T14:25:28.842+0200: 7501.033: Total time for which application threads were stopped: 0.0011171 seconds, Stopping threads took: 0.0002902 seconds
2021-08-12T14:26:29.851+0200: 7562.042: Total time for which application threads were stopped: 0.0004550 seconds, Stopping threads took: 0.0001155 seconds
2021-08-12T14:27:29.861+0200: 7622.052: Total time for which application threads were stopped: 0.0004851 seconds, Stopping threads took: 0.0001032 seconds
2021-08-12T14:28:29.871+0200: 7682.062: Total time for which application threads were stopped: 0.0005095 seconds, Stopping threads took: 0.0000812 seconds
2021-08-12T14:28:31.872+0200: 7684.063: Total time for which application threads were stopped: 0.0003242 seconds, Stopping threads took: 0.0000753 seconds
2021-08-12T14:29:29.881+0200: 7742.072: Total time for which application threads were stopped: 0.0003488 seconds, Stopping threads took: 0.0000676 seconds
2021-08-12T14:30:20.891+0200: 7793.082: Total time for which application threads were stopped: 0.0010606 seconds, Stopping threads took: 0.0002563 seconds
2021-08-12T14:30:28.958+0200: 7801.148: Total time for which application threads were stopped: 0.0005092 seconds, Stopping threads took: 0.0001957 seconds
2021-08-12T14:30:29.958+0200: 7802.149: Total time for which application threads were stopped: 0.0003813 seconds, Stopping threads took: 0.0000827 seconds
2021-08-12T14:31:29.967+0200: 7862.158: Total time for which application threads were stopped: 0.0004418 seconds, Stopping threads took: 0.0000912 seconds
2021-08-12T14:32:29.977+0200: 7922.168: Total time for which application threads were stopped: 0.0004091 seconds, Stopping threads took: 0.0000923 seconds
2021-08-12T14:34:29.998+0200: 8042.189: Total time for which application threads were stopped: 0.0011378 seconds, Stopping threads took: 0.0002641 seconds
2021-08-12T14:35:29.077+0200: 8101.267: Total time for which application threads were stopped: 0.0005696 seconds, Stopping threads took: 0.0001119 seconds
2021-08-12T14:40:29.189+0200: 8401.380: Total time for which application threads were stopped: 0.0010961 seconds, Stopping threads took: 0.0002019 seconds
2021-08-12T14:43:30.222+0200: 8582.412: Total time for which application threads were stopped: 0.0011964 seconds, Stopping threads took: 0.0002691 seconds
2021-08-12T14:45:29.308+0200: 8701.499: Total time for which application threads were stopped: 0.0003776 seconds, Stopping threads took: 0.0000839 seconds
2021-08-12T14:50:29.417+0200: 9001.608: Total time for which application threads were stopped: 0.0011298 seconds, Stopping threads took: 0.0002970 seconds
2021-08-12T14:51:30.429+0200: 9062.619: Total time for which application threads were stopped: 0.0011291 seconds, Stopping threads took: 0.0002385 seconds
2021-08-12T14:55:29.534+0200: 9301.724: Total time for which application threads were stopped: 0.0012292 seconds, Stopping threads took: 0.0000741 seconds
2021-08-12T14:56:29.559+0200: 9361.750: Total time for which application threads were stopped: 0.0012769 seconds, Stopping threads took: 0.0002400 seconds
2021-08-12T14:59:30.590+0200: 9542.781: Total time for which application threads were stopped: 0.0004932 seconds, Stopping threads took: 0.0001236 seconds
2021-08-12T15:00:29.651+0200: 9601.842: Total time for which application threads were stopped: 0.0015627 seconds, Stopping threads took: 0.0000806 seconds
2021-08-12T15:00:29.655+0200: 9601.846: Total time for which application threads were stopped: 0.0003369 seconds, Stopping threads took: 0.0001686 seconds
2021-08-12T15:02:30.677+0200: 9722.867: Total time for which application threads were stopped: 0.0008794 seconds, Stopping threads took: 0.0002091 seconds
2021-08-12T15:03:30.687+0200: 9782.878: Total time for which application threads were stopped: 0.0005034 seconds, Stopping threads took: 0.0001143 seconds
2021-08-12T15:05:29.778+0200: 9901.969: Total time for which application threads were stopped: 0.0003928 seconds, Stopping threads took: 0.0000761 seconds
2021-08-12T15:05:30.779+0200: 9902.969: Total time for which application threads were stopped: 0.0003255 seconds, Stopping threads took: 0.0000931 seconds
2021-08-12T15:08:30.810+0200: 10083.000: Total time for which application threads were stopped: 0.0011711 seconds, Stopping threads took: 0.0002467 seconds
2021-08-12T15:10:29.899+0200: 10202.090: Total time for which application threads were stopped: 0.0003988 seconds, Stopping threads took: 0.0001063 seconds
2021-08-12T15:15:30.018+0200: 10502.209: Total time for which application threads were stopped: 0.0010827 seconds, Stopping threads took: 0.0002123 seconds
2021-08-12T15:20:30.144+0200: 10802.334: Total time for which application threads were stopped: 0.0011851 seconds, Stopping threads took: 0.0004141 seconds
2021-08-12T15:25:30.269+0200: 11102.460: Total time for which application threads were stopped: 0.0008699 seconds, Stopping threads took: 0.0001666 seconds
2021-08-12T15:26:31.279+0200: 11163.470: Total time for which application threads were stopped: 0.0008698 seconds, Stopping threads took: 0.0002227 seconds
2021-08-12T15:27:32.290+0200: 11224.481: Total time for which application threads were stopped: 0.0004579 seconds, Stopping threads took: 0.0001243 seconds
2021-08-12T15:28:31.300+0200: 11283.491: Total time for which application threads were stopped: 0.0004745 seconds, Stopping threads took: 0.0001096 seconds
2021-08-12T15:30:30.386+0200: 11402.577: Total time for which application threads were stopped: 0.0008306 seconds, Stopping threads took: 0.0003564 seconds
2021-08-12T15:32:31.407+0200: 11523.598: Total time for which application threads were stopped: 0.0010529 seconds, Stopping threads took: 0.0002059 seconds
2021-08-12T15:34:31.427+0200: 11643.618: Total time for which application threads were stopped: 0.0004575 seconds, Stopping threads took: 0.0000896 seconds
2021-08-12T15:35:30.509+0200: 11702.700: Total time for which application threads were stopped: 0.0004216 seconds, Stopping threads took: 0.0000726 seconds
2021-08-12T15:40:30.619+0200: 12002.809: Total time for which application threads were stopped: 0.0016633 seconds, Stopping threads took: 0.0003169 seconds
2021-08-12T15:45:30.726+0200: 12302.916: Total time for which application threads were stopped: 0.0009146 seconds, Stopping threads took: 0.0002780 seconds
2021-08-12T15:46:31.736+0200: 12363.927: Total time for which application threads were stopped: 0.0003177 seconds, Stopping threads took: 0.0000660 seconds
2021-08-12T15:47:31.748+0200: 12423.939: Total time for which application threads were stopped: 0.0013685 seconds, Stopping threads took: 0.0002605 seconds
2021-08-12T15:50:30.845+0200: 12603.036: Total time for which application threads were stopped: 0.0010942 seconds, Stopping threads took: 0.0002310 seconds
2021-08-12T15:51:12.853+0200: 12645.043: Total time for which application threads were stopped: 0.0005754 seconds, Stopping threads took: 0.0001265 seconds
2021-08-12T15:54:30.931+0200: 12843.121: Total time for which application threads were stopped: 0.0004661 seconds, Stopping threads took: 0.0000817 seconds
2021-08-12T15:59:31.035+0200: 13143.225: Total time for which application threads were stopped: 0.0011849 seconds, Stopping threads took: 0.0002376 seconds
2021-08-12T16:04:31.088+0200: 13443.278: Total time for which application threads were stopped: 0.0010353 seconds, Stopping threads took: 0.0002438 seconds
2021-08-12T16:04:31.151+0200: 13443.341: Total time for which application threads were stopped: 0.0006878 seconds, Stopping threads took: 0.0001515 seconds
2021-08-12T16:07:32.181+0200: 13624.372: Total time for which application threads were stopped: 0.0010933 seconds, Stopping threads took: 0.0002744 seconds
2021-08-12T16:08:32.192+0200: 13684.382: Total time for which application threads were stopped: 0.0005173 seconds, Stopping threads took: 0.0001296 seconds
2021-08-12T16:09:31.276+0200: 13743.467: Total time for which application threads were stopped: 0.0004876 seconds, Stopping threads took: 0.0001022 seconds
2021-08-12T16:11:30.296+0200: 13862.487: Total time for which application threads were stopped: 0.0006972 seconds, Stopping threads took: 0.0001618 seconds
2021-08-12T16:12:32.306+0200: 13924.497: Total time for which application threads were stopped: 0.0003977 seconds, Stopping threads took: 0.0001091 seconds
2021-08-12T16:14:31.377+0200: 14043.568: Total time for which application threads were stopped: 0.0006457 seconds, Stopping threads took: 0.0001263 seconds
2021-08-12T16:19:31.484+0200: 14343.675: Total time for which application threads were stopped: 0.0008897 seconds, Stopping threads took: 0.0001680 seconds
2021-08-12T16:20:32.496+0200: 14404.687: Total time for which application threads were stopped: 0.0010404 seconds, Stopping threads took: 0.0002334 seconds
2021-08-12T16:22:32.517+0200: 14524.708: Total time for which application threads were stopped: 0.0004460 seconds, Stopping threads took: 0.0001075 seconds
2021-08-12T16:24:31.608+0200: 14643.798: Total time for which application threads were stopped: 0.0004661 seconds, Stopping threads took: 0.0001068 seconds
2021-08-12T16:25:32.619+0200: 14704.810: Total time for which application threads were stopped: 0.0004448 seconds, Stopping threads took: 0.0001302 seconds
2021-08-12T16:28:32.650+0200: 14884.841: Total time for which application threads were stopped: 0.0009744 seconds, Stopping threads took: 0.0001967 seconds
2021-08-12T16:29:31.710+0200: 14943.901: Total time for which application threads were stopped: 0.0010980 seconds, Stopping threads took: 0.0000698 seconds
2021-08-12T16:30:31.727+0200: 15003.918: Total time for which application threads were stopped: 0.0005668 seconds, Stopping threads took: 0.0001720 seconds
2021-08-12T16:30:32.728+0200: 15004.919: Total time for which application threads were stopped: 0.0003727 seconds, Stopping threads took: 0.0000767 seconds
2021-08-12T16:34:31.770+0200: 15243.960: Total time for which application threads were stopped: 0.0011156 seconds, Stopping threads took: 0.0002503 seconds
2021-08-12T16:34:31.808+0200: 15243.999: Total time for which application threads were stopped: 0.0003022 seconds, Stopping threads took: 0.0000666 seconds
2021-08-12T16:39:31.905+0200: 15544.096: Total time for which application threads were stopped: 0.0014657 seconds, Stopping threads took: 0.0001113 seconds
2021-08-12T16:39:31.909+0200: 15544.099: Total time for which application threads were stopped: 0.0002841 seconds, Stopping threads took: 0.0000812 seconds
2021-08-12T16:44:32.018+0200: 15844.209: Total time for which application threads were stopped: 0.0011981 seconds, Stopping threads took: 0.0002487 seconds
2021-08-12T16:49:32.124+0200: 16144.314: Total time for which application threads were stopped: 0.0009780 seconds, Stopping threads took: 0.0002181 seconds
2021-08-12T16:51:33.143+0200: 16265.334: Total time for which application threads were stopped: 0.0005113 seconds, Stopping threads took: 0.0001397 seconds
2021-08-12T16:54:32.228+0200: 16444.418: Total time for which application threads were stopped: 0.0009705 seconds, Stopping threads took: 0.0002002 seconds
2021-08-12T16:59:32.318+0200: 16744.509: Total time for which application threads were stopped: 0.0005336 seconds, Stopping threads took: 0.0001490 seconds
2021-08-12T17:04:32.431+0200: 17044.622: Total time for which application threads were stopped: 0.0007891 seconds, Stopping threads took: 0.0001777 seconds
2021-08-12T17:06:33.452+0200: 17165.643: Total time for which application threads were stopped: 0.0004553 seconds, Stopping threads took: 0.0001480 seconds
2021-08-12T17:09:32.547+0200: 17344.738: Total time for which application threads were stopped: 0.0012530 seconds, Stopping threads took: 0.0002706 seconds
2021-08-12T17:11:33.568+0200: 17465.759: Total time for which application threads were stopped: 0.0004914 seconds, Stopping threads took: 0.0000804 seconds
2021-08-12T17:12:33.580+0200: 17525.770: Total time for which application threads were stopped: 0.0005390 seconds, Stopping threads took: 0.0001127 seconds
2021-08-12T17:13:33.591+0200: 17585.782: Total time for which application threads were stopped: 0.0012272 seconds, Stopping threads took: 0.0003224 seconds
2021-08-12T17:14:32.676+0200: 17644.867: Total time for which application threads were stopped: 0.0006418 seconds, Stopping threads took: 0.0001243 seconds
2021-08-12T17:19:32.803+0200: 17944.993: Total time for which application threads were stopped: 0.0015003 seconds, Stopping threads took: 0.0002998 seconds
2021-08-12T17:24:32.932+0200: 18245.123: Total time for which application threads were stopped: 0.0006687 seconds, Stopping threads took: 0.0001192 seconds
2021-08-12T17:26:33.953+0200: 18366.144: Total time for which application threads were stopped: 0.0012959 seconds, Stopping threads took: 0.0002831 seconds
2021-08-12T17:29:33.052+0200: 18545.242: Total time for which application threads were stopped: 0.0004869 seconds, Stopping threads took: 0.0000974 seconds
2021-08-12T17:33:34.096+0200: 18786.287: Total time for which application threads were stopped: 0.0019043 seconds, Stopping threads took: 0.0004222 seconds
2021-08-12T17:34:33.179+0200: 18845.370: Total time for which application threads were stopped: 0.0004668 seconds, Stopping threads took: 0.0000912 seconds
2021-08-12T17:39:33.290+0200: 19145.481: Total time for which application threads were stopped: 0.0013037 seconds, Stopping threads took: 0.0002893 seconds
2021-08-12T17:44:33.405+0200: 19445.595: Total time for which application threads were stopped: 0.0006420 seconds, Stopping threads took: 0.0001820 seconds
2021-08-12T17:48:34.446+0200: 19686.636: Total time for which application threads were stopped: 0.0017066 seconds, Stopping threads took: 0.0003902 seconds
2021-08-12T17:49:33.533+0200: 19745.723: Total time for which application threads were stopped: 0.0005125 seconds, Stopping threads took: 0.0001624 seconds
2021-08-12T17:50:34.543+0200: 19806.734: Total time for which application threads were stopped: 0.0003983 seconds, Stopping threads took: 0.0000838 seconds
2021-08-12T17:54:33.729+0200: 20045.919: Total time for which application threads were stopped: 0.0013951 seconds, Stopping threads took: 0.0003438 seconds
2021-08-12T17:59:33.863+0200: 20346.053: Total time for which application threads were stopped: 0.0015211 seconds, Stopping threads took: 0.0003244 seconds
2021-08-12T18:01:29.883+0200: 20462.073: Total time for which application threads were stopped: 0.0004765 seconds, Stopping threads took: 0.0001268 seconds
2021-08-12T18:01:33.884+0200: 20466.074: Total time for which application threads were stopped: 0.0003510 seconds, Stopping threads took: 0.0000768 seconds
2021-08-12T18:04:33.987+0200: 20646.178: Total time for which application threads were stopped: 0.0029248 seconds, Stopping threads took: 0.0003242 seconds
2021-08-12T18:05:34.010+0200: 20706.201: Total time for which application threads were stopped: 0.0008896 seconds, Stopping threads took: 0.0001662 seconds
2021-08-12T18:06:35.021+0200: 20767.212: Total time for which application threads were stopped: 0.0003816 seconds, Stopping threads took: 0.0001267 seconds
2021-08-12T18:09:34.104+0200: 20946.295: Total time for which application threads were stopped: 0.0008750 seconds, Stopping threads took: 0.0001809 seconds
2021-08-12T18:12:35.139+0200: 21127.330: Total time for which application threads were stopped: 0.0005830 seconds, Stopping threads took: 0.0001708 seconds
2021-08-12T18:14:34.217+0200: 21246.407: Total time for which application threads were stopped: 0.0005033 seconds, Stopping threads took: 0.0001276 seconds
2021-08-12T18:15:35.227+0200: 21307.418: Total time for which application threads were stopped: 0.0013199 seconds, Stopping threads took: 0.0003971 seconds
2021-08-12T18:16:35.238+0200: 21367.428: Total time for which application threads were stopped: 0.0006932 seconds, Stopping threads took: 0.0001410 seconds
2021-08-12T18:18:35.262+0200: 21487.453: Total time for which application threads were stopped: 0.0008313 seconds, Stopping threads took: 0.0002087 seconds
2021-08-12T18:19:34.355+0200: 21546.545: Total time for which application threads were stopped: 0.0019051 seconds, Stopping threads took: 0.0000732 seconds
2021-08-12T18:19:34.359+0200: 21546.550: Total time for which application threads were stopped: 0.0002787 seconds, Stopping threads took: 0.0000453 seconds
2021-08-12T18:24:34.505+0200: 21846.696: Total time for which application threads were stopped: 0.0009907 seconds, Stopping threads took: 0.0002506 seconds
2021-08-12T18:29:34.624+0200: 22146.815: Total time for which application threads were stopped: 0.0013628 seconds, Stopping threads took: 0.0002606 seconds
2021-08-12T18:31:32.644+0200: 22264.835: Total time for which application threads were stopped: 0.0005552 seconds, Stopping threads took: 0.0001454 seconds
2021-08-12T18:34:34.741+0200: 22446.932: Total time for which application threads were stopped: 0.0010005 seconds, Stopping threads took: 0.0002948 seconds
2021-08-12T18:39:34.866+0200: 22747.056: Total time for which application threads were stopped: 0.0013171 seconds, Stopping threads took: 0.0002923 seconds
2021-08-12T18:44:34.984+0200: 23047.175: Total time for which application threads were stopped: 0.0005411 seconds, Stopping threads took: 0.0001336 seconds
2021-08-12T18:49:35.113+0200: 23347.304: Total time for which application threads were stopped: 0.0013666 seconds, Stopping threads took: 0.0003109 seconds
2021-08-12T18:54:35.241+0200: 23647.432: Total time for which application threads were stopped: 0.0011744 seconds, Stopping threads took: 0.0002437 seconds
2021-08-12T18:59:35.340+0200: 23947.531: Total time for which application threads were stopped: 0.0004610 seconds, Stopping threads took: 0.0001096 seconds
2021-08-12T19:04:35.467+0200: 24247.657: Total time for which application threads were stopped: 0.0013422 seconds, Stopping threads took: 0.0003098 seconds
2021-08-12T19:09:35.582+0200: 24547.773: Total time for which application threads were stopped: 0.0012546 seconds, Stopping threads took: 0.0002709 seconds
2021-08-12T19:14:35.685+0200: 24847.876: Total time for which application threads were stopped: 0.0005814 seconds, Stopping threads took: 0.0001745 seconds
2021-08-12T19:19:35.812+0200: 25148.003: Total time for which application threads were stopped: 0.0014219 seconds, Stopping threads took: 0.0004652 seconds
2021-08-12T19:20:36.823+0200: 25209.014: Total time for which application threads were stopped: 0.0004958 seconds, Stopping threads took: 0.0000807 seconds
2021-08-12T19:24:35.949+0200: 25448.139: Total time for which application threads were stopped: 0.0009592 seconds, Stopping threads took: 0.0001964 seconds
2021-08-12T19:25:36.959+0200: 25509.150: Total time for which application threads were stopped: 0.0003662 seconds, Stopping threads took: 0.0001083 seconds
2021-08-12T19:26:36.969+0200: 25569.160: Total time for which application threads were stopped: 0.0005426 seconds, Stopping threads took: 0.0001340 seconds
2021-08-12T19:26:42.971+0200: 25575.162: Total time for which application threads were stopped: 0.0002944 seconds, Stopping threads took: 0.0000736 seconds
2021-08-12T19:29:36.046+0200: 25748.237: Total time for which application threads were stopped: 0.0003747 seconds, Stopping threads took: 0.0000582 seconds
2021-08-12T19:29:43.048+0200: 25755.238: Total time for which application threads were stopped: 0.0004148 seconds, Stopping threads took: 0.0000939 seconds
2021-08-12T19:30:37.057+0200: 25809.248: Total time for which application threads were stopped: 0.0003255 seconds, Stopping threads took: 0.0000626 seconds
2021-08-12T19:34:36.160+0200: 26048.351: Total time for which application threads were stopped: 0.0014926 seconds, Stopping threads took: 0.0003360 seconds
2021-08-12T19:37:37.190+0200: 26229.381: Total time for which application threads were stopped: 0.0004963 seconds, Stopping threads took: 0.0001456 seconds
2021-08-12T19:39:36.268+0200: 26348.459: Total time for which application threads were stopped: 0.0023604 seconds, Stopping threads took: 0.0003067 seconds
2021-08-12T19:40:36.295+0200: 26408.486: Total time for which application threads were stopped: 0.0006800 seconds, Stopping threads took: 0.0001157 seconds
2021-08-12T19:44:36.383+0200: 26648.574: Total time for which application threads were stopped: 0.0013803 seconds, Stopping threads took: 0.0010196 seconds
2021-08-12T19:49:25.383+0200: 26937.573: Total time for which application threads were stopped: 0.0096357 seconds, Stopping threads took: 0.0002542 seconds
2021-08-12T19:49:25.760+0200: 26937.951: Total time for which application threads were stopped: 0.0003908 seconds, Stopping threads took: 0.0000615 seconds
2021-08-12T19:49:36.497+0200: 26948.688: Total time for which application threads were stopped: 0.0004121 seconds, Stopping threads took: 0.0000738 seconds
2021-08-12T19:52:37.531+0200: 27129.722: Total time for which application threads were stopped: 0.0004631 seconds, Stopping threads took: 0.0001312 seconds
2021-08-12T19:53:37.542+0200: 27189.733: Total time for which application threads were stopped: 0.0005311 seconds, Stopping threads took: 0.0001366 seconds
2021-08-12T19:54:36.589+0200: 27248.780: Total time for which application threads were stopped: 0.0016686 seconds, Stopping threads took: 0.0000730 seconds
2021-08-12T19:54:36.593+0200: 27248.784: Total time for which application threads were stopped: 0.0002243 seconds, Stopping threads took: 0.0000468 seconds
2021-08-12T19:57:37.625+0200: 27429.816: Total time for which application threads were stopped: 0.0013887 seconds, Stopping threads took: 0.0003159 seconds
2021-08-12T19:59:36.720+0200: 27548.911: Total time for which application threads were stopped: 0.0004847 seconds, Stopping threads took: 0.0001129 seconds
2021-08-12T20:04:36.832+0200: 27849.023: Total time for which application threads were stopped: 0.0014175 seconds, Stopping threads took: 0.0002662 seconds
2021-08-12T20:07:37.860+0200: 28030.051: Total time for which application threads were stopped: 0.0005623 seconds, Stopping threads took: 0.0001384 seconds
2021-08-12T20:09:36.931+0200: 28149.122: Total time for which application threads were stopped: 0.0003829 seconds, Stopping threads took: 0.0000684 seconds
2021-08-12T20:14:37.052+0200: 28449.242: Total time for which application threads were stopped: 0.0014675 seconds, Stopping threads took: 0.0003248 seconds
2021-08-12T20:19:37.149+0200: 28749.340: Total time for which application threads were stopped: 0.0005622 seconds, Stopping threads took: 0.0001270 seconds
2021-08-12T20:24:37.281+0200: 29049.472: Total time for which application threads were stopped: 0.0012167 seconds, Stopping threads took: 0.0002328 seconds
2021-08-12T20:29:37.384+0200: 29349.575: Total time for which application threads were stopped: 0.0004775 seconds, Stopping threads took: 0.0001397 seconds
2021-08-12T20:34:37.489+0200: 29649.679: Total time for which application threads were stopped: 0.0013668 seconds, Stopping threads took: 0.0002722 seconds
2021-08-12T20:37:38.530+0200: 29830.721: Total time for which application threads were stopped: 0.0005179 seconds, Stopping threads took: 0.0001174 seconds
2021-08-12T20:39:37.595+0200: 29949.786: Total time for which application threads were stopped: 0.0006265 seconds, Stopping threads took: 0.0001929 seconds
{Heap before GC invocations=10 (full 0):
 garbage-first heap   total 524288K, used 333952K [0x00000000e0000000, 0x00000000e0101000, 0x0000000100000000)
  region size 1024K, 307 young (314368K), 34 survivors (34816K)
 Metaspace       used 58656K, capacity 61412K, committed 61592K, reserved 1103872K
  class space    used 7208K, capacity 7724K, committed 7832K, reserved 1048576K
2021-08-12T20:43:37.669+0200: 30189.860: [GC pause (G1 Evacuation Pause) (young)
Desired survivor size 20447232 bytes, new threshold 3 (max 15)
- age   1:    9684344 bytes,    9684344 total
- age   2:    7265928 bytes,   16950272 total
- age   3:    5145304 bytes,   22095576 total
- age   4:     443496 bytes,   22539072 total
- age   5:     737192 bytes,   23276264 total
, 0.0782276 secs]
   [Parallel Time: 60.6 ms, GC Workers: 8]
      [GC Worker Start (ms): Min: 30189861.7, Avg: 30189869.5, Max: 30189874.2, Diff: 12.5]
      [Ext Root Scanning (ms): Min: 0.0, Avg: 3.2, Max: 17.3, Diff: 17.3, Sum: 25.5]
      [Update RS (ms): Min: 0.0, Avg: 0.9, Max: 3.5, Diff: 3.5, Sum: 6.9]
         [Processed Buffers: Min: 0, Avg: 3.4, Max: 23, Diff: 23, Sum: 27]
      [Scan RS (ms): Min: 0.0, Avg: 0.1, Max: 0.2, Diff: 0.1, Sum: 0.5]
      [Code Root Scanning (ms): Min: 0.0, Avg: 4.7, Max: 17.3, Diff: 17.3, Sum: 37.8]
      [Object Copy (ms): Min: 32.8, Avg: 41.8, Max: 45.4, Diff: 12.5, Sum: 334.6]
      [Termination (ms): Min: 0.0, Avg: 1.7, Max: 2.0, Diff: 2.0, Sum: 13.6]
         [Termination Attempts: Min: 1, Avg: 26.1, Max: 38, Diff: 37, Sum: 209]
      [GC Worker Other (ms): Min: 0.1, Avg: 0.1, Max: 0.1, Diff: 0.1, Sum: 0.7]
      [GC Worker Total (ms): Min: 47.7, Avg: 52.4, Max: 60.2, Diff: 12.5, Sum: 419.5]
      [GC Worker End (ms): Min: 30189921.9, Avg: 30189921.9, Max: 30189921.9, Diff: 0.1]
   [Code Root Fixup: 0.2 ms]
   [Code Root Purge: 0.1 ms]
   [Clear CT: 0.7 ms]
   [Other: 16.5 ms]
      [Choose CSet: 0.0 ms]
      [Ref Proc: 11.4 ms]
      [Ref Enq: 0.8 ms]
      [Redirty Cards: 0.5 ms]
      [Humongous Register: 1.1 ms]
      [Humongous Reclaim: 0.0 ms]
      [Free CSet: 1.9 ms]
   [Eden: 273.0M(273.0M)->0.0B(282.0M) Survivors: 34816.0K->25600.0K Heap: 326.1M(512.0M)->50734.3K(512.0M)]
Heap after GC invocations=11 (full 0):
 garbage-first heap   total 524288K, used 50734K [0x00000000e0000000, 0x00000000e0101000, 0x0000000100000000)
  region size 1024K, 25 young (25600K), 25 survivors (25600K)
 Metaspace       used 58656K, capacity 61412K, committed 61592K, reserved 1103872K
  class space    used 7208K, capacity 7724K, committed 7832K, reserved 1048576K
}
 [Times: user=0.43 sys=0.00, real=0.08 secs] 
2021-08-12T20:43:37.748+0200: 30189.938: Total time for which application threads were stopped: 0.0794420 seconds, Stopping threads took: 0.0001191 seconds
2021-08-12T20:43:37.749+0200: 30189.940: Total time for which application threads were stopped: 0.0003371 seconds, Stopping threads took: 0.0001494 seconds
2021-08-12T20:43:37.751+0200: 30189.941: Total time for which application threads were stopped: 0.0002077 seconds, Stopping threads took: 0.0001054 seconds
2021-08-12T20:43:37.751+0200: 30189.942: Total time for which application threads were stopped: 0.0001442 seconds, Stopping threads took: 0.0000607 seconds
2021-08-12T20:43:37.753+0200: 30189.943: Total time for which application threads were stopped: 0.0001821 seconds, Stopping threads took: 0.0000631 seconds
2021-08-12T20:43:37.753+0200: 30189.944: Total time for which application threads were stopped: 0.0001494 seconds, Stopping threads took: 0.0000499 seconds
2021-08-12T20:43:37.753+0200: 30189.944: Total time for which application threads were stopped: 0.0001048 seconds, Stopping threads took: 0.0000309 seconds
2021-08-12T20:43:37.754+0200: 30189.944: Total time for which application threads were stopped: 0.0001679 seconds, Stopping threads took: 0.0000703 seconds
2021-08-12T20:43:37.754+0200: 30189.945: Total time for which application threads were stopped: 0.0001350 seconds, Stopping threads took: 0.0000660 seconds
2021-08-12T20:44:37.780+0200: 30249.971: Total time for which application threads were stopped: 0.0017068 seconds, Stopping threads took: 0.0003469 seconds
2021-08-12T20:49:37.892+0200: 30550.083: Total time for which application threads were stopped: 0.0007201 seconds, Stopping threads took: 0.0001732 seconds
2021-08-12T20:54:37.981+0200: 30850.172: Total time for which application threads were stopped: 0.0004277 seconds, Stopping threads took: 0.0000763 seconds
2021-08-12T20:59:38.096+0200: 31150.286: Total time for which application threads were stopped: 0.0013583 seconds, Stopping threads took: 0.0002823 seconds
2021-08-12T21:03:39.139+0200: 31391.330: Total time for which application threads were stopped: 0.0003895 seconds, Stopping threads took: 0.0000853 seconds
2021-08-12T21:04:38.189+0200: 31450.380: Total time for which application threads were stopped: 0.0008917 seconds, Stopping threads took: 0.0001721 seconds
2021-08-12T21:04:39.189+0200: 31451.380: Total time for which application threads were stopped: 0.0003699 seconds, Stopping threads took: 0.0000808 seconds
2021-08-12T21:09:38.294+0200: 31750.485: Total time for which application threads were stopped: 0.0025824 seconds, Stopping threads took: 0.0003221 seconds
2021-08-12T21:10:38.312+0200: 31810.503: Total time for which application threads were stopped: 0.0004425 seconds, Stopping threads took: 0.0000790 seconds
2021-08-12T21:14:38.395+0200: 32050.586: Total time for which application threads were stopped: 0.0016673 seconds, Stopping threads took: 0.0003100 seconds
2021-08-12T21:15:38.405+0200: 32110.596: Total time for which application threads were stopped: 0.0004908 seconds, Stopping threads took: 0.0001262 seconds
2021-08-12T21:17:38.426+0200: 32230.617: Total time for which application threads were stopped: 0.0004222 seconds, Stopping threads took: 0.0001255 seconds
2021-08-12T21:17:39.427+0200: 32231.618: Total time for which application threads were stopped: 0.0003933 seconds, Stopping threads took: 0.0000880 seconds
2021-08-12T21:19:38.503+0200: 32350.694: Total time for which application threads were stopped: 0.0003932 seconds, Stopping threads took: 0.0000727 seconds
2021-08-12T21:22:11.529+0200: 32503.720: Total time for which application threads were stopped: 0.0003678 seconds, Stopping threads took: 0.0000890 seconds
2021-08-12T21:23:01.538+0200: 32553.728: Total time for which application threads were stopped: 0.0003278 seconds, Stopping threads took: 0.0000671 seconds
2021-08-12T21:24:38.626+0200: 32650.816: Total time for which application threads were stopped: 0.0008064 seconds, Stopping threads took: 0.0002116 seconds
2021-08-12T21:27:39.654+0200: 32831.845: Total time for which application threads were stopped: 0.0009559 seconds, Stopping threads took: 0.0001278 seconds
2021-08-12T21:28:39.664+0200: 32891.855: Total time for which application threads were stopped: 0.0004039 seconds, Stopping threads took: 0.0000830 seconds
2021-08-12T21:29:33.673+0200: 32945.864: Total time for which application threads were stopped: 0.0004380 seconds, Stopping threads took: 0.0001261 seconds
2021-08-12T21:29:38.737+0200: 32950.927: Total time for which application threads were stopped: 0.0004013 seconds, Stopping threads took: 0.0000715 seconds
2021-08-12T21:33:39.778+0200: 33191.969: Total time for which application threads were stopped: 0.0014422 seconds, Stopping threads took: 0.0003179 seconds
2021-08-12T21:34:38.842+0200: 33251.033: Total time for which application threads were stopped: 0.0025307 seconds, Stopping threads took: 0.0001025 seconds
2021-08-12T21:34:38.846+0200: 33251.037: Total time for which application threads were stopped: 0.0003468 seconds, Stopping threads took: 0.0000455 seconds
2021-08-12T21:39:38.945+0200: 33551.136: Total time for which application threads were stopped: 0.0005173 seconds, Stopping threads took: 0.0001341 seconds
2021-08-12T21:44:39.041+0200: 33851.232: Total time for which application threads were stopped: 0.0008509 seconds, Stopping threads took: 0.0001538 seconds
2021-08-12T21:49:39.153+0200: 34151.344: Total time for which application threads were stopped: 0.0009119 seconds, Stopping threads took: 0.0002683 seconds
2021-08-12T21:54:39.245+0200: 34451.435: Total time for which application threads were stopped: 0.0004618 seconds, Stopping threads took: 0.0001135 seconds
2021-08-12T21:59:39.360+0200: 34751.551: Total time for which application threads were stopped: 0.0013080 seconds, Stopping threads took: 0.0002821 seconds
2021-08-12T22:02:40.390+0200: 34932.581: Total time for which application threads were stopped: 0.0004931 seconds, Stopping threads took: 0.0001328 seconds
2021-08-12T22:04:39.454+0200: 35051.644: Total time for which application threads were stopped: 0.0004362 seconds, Stopping threads took: 0.0000814 seconds
2021-08-12T22:09:39.554+0200: 35351.745: Total time for which application threads were stopped: 0.0013704 seconds, Stopping threads took: 0.0002993 seconds
2021-08-12T22:11:40.575+0200: 35472.766: Total time for which application threads were stopped: 0.0004869 seconds, Stopping threads took: 0.0001242 seconds
2021-08-12T22:15:39.676+0200: 35711.867: Total time for which application threads were stopped: 0.0005658 seconds, Stopping threads took: 0.0001514 seconds
2021-08-12T22:19:39.772+0200: 35951.962: Total time for which application threads were stopped: 0.0012511 seconds, Stopping threads took: 0.0002644 seconds
2021-08-12T22:24:39.885+0200: 36252.076: Total time for which application threads were stopped: 0.0004286 seconds, Stopping threads took: 0.0001204 seconds
2021-08-12T22:26:40.906+0200: 36373.096: Total time for which application threads were stopped: 0.0004533 seconds, Stopping threads took: 0.0001478 seconds
2021-08-12T22:27:40.917+0200: 36433.107: Total time for which application threads were stopped: 0.0012627 seconds, Stopping threads took: 0.0003835 seconds
2021-08-12T22:29:39.988+0200: 36552.179: Total time for which application threads were stopped: 0.0005617 seconds, Stopping threads took: 0.0001106 seconds
2021-08-12T22:32:41.018+0200: 36733.208: Total time for which application threads were stopped: 0.0007033 seconds, Stopping threads took: 0.0001126 seconds
2021-08-12T22:34:40.087+0200: 36852.278: Total time for which application threads were stopped: 0.0004569 seconds, Stopping threads took: 0.0001003 seconds
2021-08-12T22:39:40.200+0200: 37152.390: Total time for which application threads were stopped: 0.0016520 seconds, Stopping threads took: 0.0004138 seconds
2021-08-12T22:44:40.297+0200: 37452.487: Total time for which application threads were stopped: 0.0016728 seconds, Stopping threads took: 0.0001202 seconds
2021-08-12T22:45:40.311+0200: 37512.502: Total time for which application threads were stopped: 0.0004565 seconds, Stopping threads took: 0.0001772 seconds
2021-08-12T22:49:40.390+0200: 37752.581: Total time for which application threads were stopped: 0.0011593 seconds, Stopping threads took: 0.0002532 seconds
2021-08-12T22:52:41.420+0200: 37933.610: Total time for which application threads were stopped: 0.0004377 seconds, Stopping threads took: 0.0001066 seconds
2021-08-12T22:54:40.494+0200: 38052.684: Total time for which application threads were stopped: 0.0004615 seconds, Stopping threads took: 0.0001029 seconds
2021-08-12T22:57:41.531+0200: 38233.722: Total time for which application threads were stopped: 0.0003696 seconds, Stopping threads took: 0.0000798 seconds
2021-08-12T22:58:41.542+0200: 38293.733: Total time for which application threads were stopped: 0.0003969 seconds, Stopping threads took: 0.0001037 seconds
2021-08-12T22:59:40.594+0200: 38352.785: Total time for which application threads were stopped: 0.0012797 seconds, Stopping threads took: 0.0002520 seconds
2021-08-12T23:04:40.696+0200: 38652.887: Total time for which application threads were stopped: 0.0006155 seconds, Stopping threads took: 0.0001431 seconds
2021-08-12T23:09:40.782+0200: 38952.973: Total time for which application threads were stopped: 0.0004710 seconds, Stopping threads took: 0.0001035 seconds
2021-08-12T23:14:40.892+0200: 39253.083: Total time for which application threads were stopped: 0.0034711 seconds, Stopping threads took: 0.0002857 seconds
2021-08-12T23:14:40.897+0200: 39253.087: Total time for which application threads were stopped: 0.0002618 seconds, Stopping threads took: 0.0000428 seconds
2021-08-12T23:19:40.989+0200: 39553.180: Total time for which application threads were stopped: 0.0004895 seconds, Stopping threads took: 0.0001209 seconds
2021-08-12T23:21:42.010+0200: 39674.201: Total time for which application threads were stopped: 0.0010150 seconds, Stopping threads took: 0.0002138 seconds
2021-08-12T23:24:41.108+0200: 39853.299: Total time for which application threads were stopped: 0.0010471 seconds, Stopping threads took: 0.0002250 seconds
2021-08-12T23:29:41.195+0200: 40153.386: Total time for which application threads were stopped: 0.0005354 seconds, Stopping threads took: 0.0001217 seconds
2021-08-12T23:34:41.295+0200: 40453.486: Total time for which application threads were stopped: 0.0014197 seconds, Stopping threads took: 0.0002956 seconds
2021-08-12T23:36:42.316+0200: 40574.506: Total time for which application threads were stopped: 0.0004871 seconds, Stopping threads took: 0.0001293 seconds
2021-08-12T23:40:41.414+0200: 40813.605: Total time for which application threads were stopped: 0.0006159 seconds, Stopping threads took: 0.0001664 seconds
2021-08-12T23:43:41.466+0200: 40993.657: Total time for which application threads were stopped: 0.0003667 seconds, Stopping threads took: 0.0000667 seconds
2021-08-12T23:48:41.570+0200: 41293.761: Total time for which application threads were stopped: 0.0015018 seconds, Stopping threads took: 0.0003496 seconds
2021-08-12T23:53:41.670+0200: 41593.860: Total time for which application threads were stopped: 0.0005749 seconds, Stopping threads took: 0.0001530 seconds
2021-08-12T23:58:41.758+0200: 41893.948: Total time for which application threads were stopped: 0.0005017 seconds, Stopping threads took: 0.0001049 seconds
2021-08-13T00:03:41.882+0200: 42194.073: Total time for which application threads were stopped: 0.0016175 seconds, Stopping threads took: 0.0004675 seconds
2021-08-13T00:08:41.967+0200: 42494.158: Total time for which application threads were stopped: 0.0003995 seconds, Stopping threads took: 0.0000992 seconds
2021-08-13T00:13:42.078+0200: 42794.268: Total time for which application threads were stopped: 0.0016439 seconds, Stopping threads took: 0.0003557 seconds
2021-08-13T00:18:42.177+0200: 43094.368: Total time for which application threads were stopped: 0.0017826 seconds, Stopping threads took: 0.0001648 seconds
2021-08-13T00:19:42.193+0200: 43154.384: Total time for which application threads were stopped: 0.0005294 seconds, Stopping threads took: 0.0000845 seconds
2021-08-13T00:20:43.205+0200: 43215.396: Total time for which application threads were stopped: 0.0003910 seconds, Stopping threads took: 0.0000986 seconds
2021-08-13T00:21:43.215+0200: 43275.406: Total time for which application threads were stopped: 0.0003874 seconds, Stopping threads took: 0.0000831 seconds
2021-08-13T00:23:42.289+0200: 43394.480: Total time for which application threads were stopped: 0.0004115 seconds, Stopping threads took: 0.0000738 seconds
2021-08-13T00:28:42.394+0200: 43694.585: Total time for which application threads were stopped: 0.0009793 seconds, Stopping threads took: 0.0002153 seconds
2021-08-13T00:30:43.421+0200: 43815.611: Total time for which application threads were stopped: 0.0004190 seconds, Stopping threads took: 0.0000842 seconds
2021-08-13T00:31:43.432+0200: 43875.623: Total time for which application threads were stopped: 0.0005127 seconds, Stopping threads took: 0.0001405 seconds
2021-08-13T00:33:42.486+0200: 43994.676: Total time for which application threads were stopped: 0.0004833 seconds, Stopping threads took: 0.0000937 seconds
2021-08-13T00:38:42.596+0200: 44294.786: Total time for which application threads were stopped: 0.0013648 seconds, Stopping threads took: 0.0003112 seconds
2021-08-13T00:38:43.596+0200: 44295.787: Total time for which application threads were stopped: 0.0004995 seconds, Stopping threads took: 0.0000849 seconds
2021-08-13T00:39:43.607+0200: 44355.797: Total time for which application threads were stopped: 0.0004264 seconds, Stopping threads took: 0.0001047 seconds
2021-08-13T00:40:43.616+0200: 44415.807: Total time for which application threads were stopped: 0.0004446 seconds, Stopping threads took: 0.0001100 seconds
2021-08-13T00:43:42.696+0200: 44594.887: Total time for which application threads were stopped: 0.0005122 seconds, Stopping threads took: 0.0001616 seconds
2021-08-13T00:48:42.788+0200: 44894.979: Total time for which application threads were stopped: 0.0010487 seconds, Stopping threads took: 0.0002390 seconds
2021-08-13T00:53:42.887+0200: 45195.078: Total time for which application threads were stopped: 0.0019429 seconds, Stopping threads took: 0.0001387 seconds
2021-08-13T00:53:42.891+0200: 45195.081: Total time for which application threads were stopped: 0.0001676 seconds, Stopping threads took: 0.0000309 seconds
2021-08-13T00:58:42.981+0200: 45495.172: Total time for which application threads were stopped: 0.0004413 seconds, Stopping threads took: 0.0000788 seconds
2021-08-13T01:03:43.099+0200: 45795.290: Total time for which application threads were stopped: 0.0017101 seconds, Stopping threads took: 0.0005139 seconds
2021-08-13T01:08:43.192+0200: 46095.383: Total time for which application threads were stopped: 0.0005890 seconds, Stopping threads took: 0.0001602 seconds
2021-08-13T01:13:43.309+0200: 46395.500: Total time for which application threads were stopped: 0.0015011 seconds, Stopping threads took: 0.0003675 seconds
2021-08-13T01:18:43.408+0200: 46695.599: Total time for which application threads were stopped: 0.0005762 seconds, Stopping threads took: 0.0001599 seconds
2021-08-13T01:23:43.550+0200: 46995.741: Total time for which application threads were stopped: 0.0015284 seconds, Stopping threads took: 0.0003683 seconds
2021-08-13T01:28:43.647+0200: 47295.838: Total time for which application threads were stopped: 0.0006689 seconds, Stopping threads took: 0.0002695 seconds
2021-08-13T01:33:43.745+0200: 47595.936: Total time for which application threads were stopped: 0.0014220 seconds, Stopping threads took: 0.0003548 seconds
2021-08-13T01:38:43.850+0200: 47896.041: Total time for which application threads were stopped: 0.0007294 seconds, Stopping threads took: 0.0001801 seconds
2021-08-13T01:43:43.946+0200: 48196.137: Total time for which application threads were stopped: 0.0005216 seconds, Stopping threads took: 0.0002202 seconds
2021-08-13T01:48:44.055+0200: 48496.245: Total time for which application threads were stopped: 0.0009085 seconds, Stopping threads took: 0.0002140 seconds
2021-08-13T01:53:44.142+0200: 48796.333: Total time for which application threads were stopped: 0.0019956 seconds, Stopping threads took: 0.0001359 seconds
2021-08-13T01:54:44.157+0200: 48856.348: Total time for which application threads were stopped: 0.0004557 seconds, Stopping threads took: 0.0000791 seconds
2021-08-13T01:58:44.255+0200: 49096.445: Total time for which application threads were stopped: 0.0017325 seconds, Stopping threads took: 0.0003826 seconds
2021-08-13T02:03:44.362+0200: 49396.552: Total time for which application threads were stopped: 0.0006896 seconds, Stopping threads took: 0.0002018 seconds
2021-08-13T02:08:44.446+0200: 49696.637: Total time for which application threads were stopped: 0.0020187 seconds, Stopping threads took: 0.0016864 seconds
2021-08-13T02:13:44.564+0200: 49996.755: Total time for which application threads were stopped: 0.0011946 seconds, Stopping threads took: 0.0002831 seconds
2021-08-13T02:18:44.656+0200: 50296.846: Total time for which application threads were stopped: 0.0004707 seconds, Stopping threads took: 0.0001075 seconds
2021-08-13T02:19:45.667+0200: 50357.857: Total time for which application threads were stopped: 0.0004776 seconds, Stopping threads took: 0.0001338 seconds
2021-08-13T02:21:45.687+0200: 50477.878: Total time for which application threads were stopped: 0.0003751 seconds, Stopping threads took: 0.0000808 seconds
2021-08-13T02:23:44.779+0200: 50596.970: Total time for which application threads were stopped: 0.0014782 seconds, Stopping threads took: 0.0003467 seconds
2021-08-13T02:28:44.879+0200: 50897.070: Total time for which application threads were stopped: 0.0007460 seconds, Stopping threads took: 0.0003427 seconds
2021-08-13T02:29:45.889+0200: 50958.080: Total time for which application threads were stopped: 0.0003970 seconds, Stopping threads took: 0.0000852 seconds
2021-08-13T02:33:44.966+0200: 51197.157: Total time for which application threads were stopped: 0.0018470 seconds, Stopping threads took: 0.0000749 seconds
2021-08-13T02:33:44.971+0200: 51197.161: Total time for which application threads were stopped: 0.0002692 seconds, Stopping threads took: 0.0000465 seconds
2021-08-13T02:38:45.088+0200: 51497.279: Total time for which application threads were stopped: 0.0017714 seconds, Stopping threads took: 0.0004204 seconds
2021-08-13T02:40:46.109+0200: 51618.300: Total time for which application threads were stopped: 0.0003710 seconds, Stopping threads took: 0.0000827 seconds
2021-08-13T02:43:45.182+0200: 51797.373: Total time for which application threads were stopped: 0.0004290 seconds, Stopping threads took: 0.0000946 seconds
2021-08-13T02:48:42.231+0200: 52094.422: Total time for which application threads were stopped: 0.0013126 seconds, Stopping threads took: 0.0003622 seconds
2021-08-13T02:48:45.294+0200: 52097.485: Total time for which application threads were stopped: 0.0005138 seconds, Stopping threads took: 0.0000790 seconds
2021-08-13T02:48:46.295+0200: 52098.485: Total time for which application threads were stopped: 0.0002974 seconds, Stopping threads took: 0.0000644 seconds
2021-08-13T02:50:46.314+0200: 52218.505: Total time for which application threads were stopped: 0.0004558 seconds, Stopping threads took: 0.0001291 seconds
2021-08-13T02:53:42.343+0200: 52394.534: Total time for which application threads were stopped: 0.0005031 seconds, Stopping threads took: 0.0001514 seconds
2021-08-13T02:53:45.378+0200: 52397.569: Total time for which application threads were stopped: 0.0005891 seconds, Stopping threads took: 0.0002328 seconds
2021-08-13T02:58:45.493+0200: 52697.684: Total time for which application threads were stopped: 0.0016540 seconds, Stopping threads took: 0.0003633 seconds
2021-08-13T03:03:45.586+0200: 52997.777: Total time for which application threads were stopped: 0.0005806 seconds, Stopping threads took: 0.0001364 seconds
2021-08-13T03:08:45.674+0200: 53297.865: Total time for which application threads were stopped: 0.0005611 seconds, Stopping threads took: 0.0000821 seconds
2021-08-13T03:13:45.789+0200: 53597.980: Total time for which application threads were stopped: 0.0011960 seconds, Stopping threads took: 0.0003180 seconds
2021-08-13T03:18:45.880+0200: 53898.070: Total time for which application threads were stopped: 0.0003943 seconds, Stopping threads took: 0.0000890 seconds
2021-08-13T03:23:46.005+0200: 54198.196: Total time for which application threads were stopped: 0.0014427 seconds, Stopping threads took: 0.0003523 seconds
2021-08-13T03:26:47.037+0200: 54379.228: Total time for which application threads were stopped: 0.0005314 seconds, Stopping threads took: 0.0001585 seconds
2021-08-13T03:27:46.047+0200: 54438.238: Total time for which application threads were stopped: 0.0004473 seconds, Stopping threads took: 0.0001419 seconds
2021-08-13T03:28:46.092+0200: 54498.282: Total time for which application threads were stopped: 0.0013754 seconds, Stopping threads took: 0.0000590 seconds
2021-08-13T03:29:46.105+0200: 54558.296: Total time for which application threads were stopped: 0.0003699 seconds, Stopping threads took: 0.0000755 seconds
2021-08-13T03:30:47.116+0200: 54619.307: Total time for which application threads were stopped: 0.0003662 seconds, Stopping threads took: 0.0000806 seconds
2021-08-13T03:31:47.127+0200: 54679.318: Total time for which application threads were stopped: 0.0005046 seconds, Stopping threads took: 0.0000926 seconds
2021-08-13T03:33:46.177+0200: 54798.367: Total time for which application threads were stopped: 0.0004067 seconds, Stopping threads took: 0.0000740 seconds
2021-08-13T03:37:47.220+0200: 55039.411: Total time for which application threads were stopped: 0.0016219 seconds, Stopping threads took: 0.0004110 seconds
2021-08-13T03:38:46.300+0200: 55098.490: Total time for which application threads were stopped: 0.0004671 seconds, Stopping threads took: 0.0000733 seconds
2021-08-13T03:43:46.383+0200: 55398.574: Total time for which application threads were stopped: 0.0004871 seconds, Stopping threads took: 0.0001275 seconds
2021-08-13T03:48:46.465+0200: 55698.656: Total time for which application threads were stopped: 0.0004242 seconds, Stopping threads took: 0.0001039 seconds
2021-08-13T03:53:46.581+0200: 55998.771: Total time for which application threads were stopped: 0.0014859 seconds, Stopping threads took: 0.0003628 seconds
2021-08-13T03:58:46.675+0200: 56298.866: Total time for which application threads were stopped: 0.0004980 seconds, Stopping threads took: 0.0001160 seconds
2021-08-13T04:03:46.814+0200: 56599.005: Total time for which application threads were stopped: 0.0014419 seconds, Stopping threads took: 0.0003604 seconds
2021-08-13T04:08:46.919+0200: 56899.110: Total time for which application threads were stopped: 0.0006867 seconds, Stopping threads took: 0.0002069 seconds
2021-08-13T04:13:47.006+0200: 57199.196: Total time for which application threads were stopped: 0.0018325 seconds, Stopping threads took: 0.0000753 seconds
2021-08-13T04:13:47.009+0200: 57199.200: Total time for which application threads were stopped: 0.0002217 seconds, Stopping threads took: 0.0000464 seconds
2021-08-13T04:19:47.148+0200: 57559.339: Total time for which application threads were stopped: 0.0016029 seconds, Stopping threads took: 0.0004541 seconds
2021-08-13T04:21:48.169+0200: 57680.359: Total time for which application threads were stopped: 0.0005180 seconds, Stopping threads took: 0.0001452 seconds
2021-08-13T04:23:47.252+0200: 57799.443: Total time for which application threads were stopped: 0.0004075 seconds, Stopping threads took: 0.0000881 seconds
2021-08-13T04:28:47.336+0200: 58099.527: Total time for which application threads were stopped: 0.0005107 seconds, Stopping threads took: 0.0000864 seconds
2021-08-13T04:33:47.453+0200: 58399.643: Total time for which application threads were stopped: 0.0016461 seconds, Stopping threads took: 0.0004214 seconds
2021-08-13T04:38:47.544+0200: 58699.735: Total time for which application threads were stopped: 0.0004894 seconds, Stopping threads took: 0.0001058 seconds
2021-08-13T04:43:47.655+0200: 58999.846: Total time for which application threads were stopped: 0.0015598 seconds, Stopping threads took: 0.0004191 seconds
2021-08-13T04:48:47.741+0200: 59299.932: Total time for which application threads were stopped: 0.0005215 seconds, Stopping threads took: 0.0001010 seconds
2021-08-13T04:53:47.846+0200: 59600.037: Total time for which application threads were stopped: 0.0015250 seconds, Stopping threads took: 0.0003972 seconds
2021-08-13T04:58:47.938+0200: 59900.129: Total time for which application threads were stopped: 0.0005879 seconds, Stopping threads took: 0.0001964 seconds
2021-08-13T04:59:48.949+0200: 59961.140: Total time for which application threads were stopped: 0.0005057 seconds, Stopping threads took: 0.0001471 seconds
2021-08-13T05:03:48.043+0200: 60200.233: Total time for which application threads were stopped: 0.0026945 seconds, Stopping threads took: 0.0003327 seconds
2021-08-13T05:04:48.060+0200: 60260.251: Total time for which application threads were stopped: 0.0005968 seconds, Stopping threads took: 0.0001575 seconds
2021-08-13T05:08:48.133+0200: 60500.323: Total time for which application threads were stopped: 0.0004786 seconds, Stopping threads took: 0.0001081 seconds
2021-08-13T05:13:48.241+0200: 60800.432: Total time for which application threads were stopped: 0.0017841 seconds, Stopping threads took: 0.0005528 seconds
2021-08-13T05:18:48.339+0200: 61100.530: Total time for which application threads were stopped: 0.0005281 seconds, Stopping threads took: 0.0001622 seconds
2021-08-13T05:21:49.370+0200: 61281.561: Total time for which application threads were stopped: 0.0004199 seconds, Stopping threads took: 0.0000894 seconds
2021-08-13T05:23:48.441+0200: 61400.632: Total time for which application threads were stopped: 0.0004211 seconds, Stopping threads took: 0.0000918 seconds
2021-08-13T05:28:48.552+0200: 61700.743: Total time for which application threads were stopped: 0.0014365 seconds, Stopping threads took: 0.0003421 seconds
2021-08-13T05:33:48.638+0200: 62000.829: Total time for which application threads were stopped: 0.0004754 seconds, Stopping threads took: 0.0001544 seconds
2021-08-13T05:38:48.741+0200: 62300.932: Total time for which application threads were stopped: 0.0015769 seconds, Stopping threads took: 0.0003814 seconds
2021-08-13T05:42:49.782+0200: 62541.973: Total time for which application threads were stopped: 0.0006180 seconds, Stopping threads took: 0.0001535 seconds
2021-08-13T05:43:48.843+0200: 62601.034: Total time for which application threads were stopped: 0.0004170 seconds, Stopping threads took: 0.0000824 seconds
2021-08-13T05:48:48.929+0200: 62901.119: Total time for which application threads were stopped: 0.0005899 seconds, Stopping threads took: 0.0001146 seconds
2021-08-13T05:53:49.038+0200: 63201.228: Total time for which application threads were stopped: 0.0038356 seconds, Stopping threads took: 0.0004837 seconds
2021-08-13T05:53:49.042+0200: 63201.233: Total time for which application threads were stopped: 0.0004727 seconds, Stopping threads took: 0.0002143 seconds
2021-08-13T05:58:49.142+0200: 63501.333: Total time for which application threads were stopped: 0.0005421 seconds, Stopping threads took: 0.0001590 seconds
2021-08-13T06:03:49.237+0200: 63801.428: Total time for which application threads were stopped: 0.0013722 seconds, Stopping threads took: 0.0004103 seconds
2021-08-13T06:04:50.248+0200: 63862.439: Total time for which application threads were stopped: 0.0006071 seconds, Stopping threads took: 0.0001395 seconds
2021-08-13T06:08:49.339+0200: 64101.530: Total time for which application threads were stopped: 0.0004934 seconds, Stopping threads took: 0.0001371 seconds
2021-08-13T06:13:49.421+0200: 64401.611: Total time for which application threads were stopped: 0.0003809 seconds, Stopping threads took: 0.0000747 seconds
2021-08-13T06:18:49.523+0200: 64701.714: Total time for which application threads were stopped: 0.0014025 seconds, Stopping threads took: 0.0004025 seconds
2021-08-13T06:23:49.633+0200: 65001.824: Total time for which application threads were stopped: 0.0005490 seconds, Stopping threads took: 0.0001367 seconds
2021-08-13T06:25:50.653+0200: 65122.843: Total time for which application threads were stopped: 0.0003047 seconds, Stopping threads took: 0.0000895 seconds
2021-08-13T06:27:50.671+0200: 65242.862: Total time for which application threads were stopped: 0.0003281 seconds, Stopping threads took: 0.0000844 seconds
2021-08-13T06:28:49.722+0200: 65301.912: Total time for which application threads were stopped: 0.0009974 seconds, Stopping threads took: 0.0001669 seconds
2021-08-13T06:33:49.816+0200: 65602.007: Total time for which application threads were stopped: 0.0009308 seconds, Stopping threads took: 0.0002897 seconds
2021-08-13T06:38:49.905+0200: 65902.096: Total time for which application threads were stopped: 0.0017842 seconds, Stopping threads took: 0.0001973 seconds
2021-08-13T06:39:49.920+0200: 65962.111: Total time for which application threads were stopped: 0.0005059 seconds, Stopping threads took: 0.0001436 seconds
2021-08-13T06:43:50.011+0200: 66202.202: Total time for which application threads were stopped: 0.0014694 seconds, Stopping threads took: 0.0003425 seconds
2021-08-13T06:48:50.113+0200: 66502.303: Total time for which application threads were stopped: 0.0005697 seconds, Stopping threads took: 0.0001322 seconds
2021-08-13T06:53:50.191+0200: 66802.382: Total time for which application threads were stopped: 0.0005972 seconds, Stopping threads took: 0.0001786 seconds
2021-08-13T06:58:50.307+0200: 67102.498: Total time for which application threads were stopped: 0.0019342 seconds, Stopping threads took: 0.0004580 seconds
2021-08-13T07:03:50.391+0200: 67402.581: Total time for which application threads were stopped: 0.0003889 seconds, Stopping threads took: 0.0001642 seconds
2021-08-13T07:08:50.487+0200: 67702.677: Total time for which application threads were stopped: 0.0014924 seconds, Stopping threads took: 0.0003385 seconds
2021-08-13T07:13:50.577+0200: 68002.767: Total time for which application threads were stopped: 0.0004852 seconds, Stopping threads took: 0.0001098 seconds
2021-08-13T07:18:50.680+0200: 68302.871: Total time for which application threads were stopped: 0.0015082 seconds, Stopping threads took: 0.0004067 seconds
2021-08-13T07:22:51.721+0200: 68543.912: Total time for which application threads were stopped: 0.0007008 seconds, Stopping threads took: 0.0001470 seconds
2021-08-13T07:23:50.797+0200: 68602.987: Total time for which application threads were stopped: 0.0003642 seconds, Stopping threads took: 0.0000785 seconds
2021-08-13T07:28:50.904+0200: 68903.095: Total time for which application threads were stopped: 0.0004157 seconds, Stopping threads took: 0.0000894 seconds
2021-08-13T07:33:51.014+0200: 69203.205: Total time for which application threads were stopped: 0.0037054 seconds, Stopping threads took: 0.0003931 seconds
2021-08-13T07:33:51.018+0200: 69203.209: Total time for which application threads were stopped: 0.0003488 seconds, Stopping threads took: 0.0000469 seconds
2021-08-13T07:38:51.110+0200: 69503.300: Total time for which application threads were stopped: 0.0022912 seconds, Stopping threads took: 0.0018642 seconds
2021-08-13T07:43:51.199+0200: 69803.390: Total time for which application threads were stopped: 0.0008728 seconds, Stopping threads took: 0.0001477 seconds
2021-08-13T07:48:51.301+0200: 70103.491: Total time for which application threads were stopped: 0.0010130 seconds, Stopping threads took: 0.0002851 seconds
2021-08-13T07:53:51.386+0200: 70403.577: Total time for which application threads were stopped: 0.0006420 seconds, Stopping threads took: 0.0001643 seconds
2021-08-13T07:58:51.470+0200: 70703.661: Total time for which application threads were stopped: 0.0004104 seconds, Stopping threads took: 0.0000710 seconds
2021-08-13T08:03:51.575+0200: 71003.765: Total time for which application threads were stopped: 0.0010740 seconds, Stopping threads took: 0.0002997 seconds
2021-08-13T08:08:51.664+0200: 71303.855: Total time for which application threads were stopped: 0.0007104 seconds, Stopping threads took: 0.0002159 seconds
2021-08-13T08:13:51.744+0200: 71603.935: Total time for which application threads were stopped: 0.0018925 seconds, Stopping threads took: 0.0001652 seconds
2021-08-13T08:14:51.758+0200: 71663.949: Total time for which application threads were stopped: 0.0003717 seconds, Stopping threads took: 0.0000748 seconds
2021-08-13T08:18:51.849+0200: 71904.040: Total time for which application threads were stopped: 0.0012323 seconds, Stopping threads took: 0.0002919 seconds
2021-08-13T08:20:31.865+0200: 72004.055: Total time for which application threads were stopped: 0.0004055 seconds, Stopping threads took: 0.0000799 seconds
2021-08-13T08:23:51.958+0200: 72204.149: Total time for which application threads were stopped: 0.0005999 seconds, Stopping threads took: 0.0002348 seconds
2021-08-13T08:27:52.024+0200: 72444.215: Total time for which application threads were stopped: 0.0005213 seconds, Stopping threads took: 0.0001651 seconds
2021-08-13T08:32:52.128+0200: 72744.319: Total time for which application threads were stopped: 0.0016017 seconds, Stopping threads took: 0.0005435 seconds
2021-08-13T08:32:53.129+0200: 72745.319: Total time for which application threads were stopped: 0.0004108 seconds, Stopping threads took: 0.0000991 seconds
{Heap before GC invocations=11 (full 0):
 garbage-first heap   total 524288K, used 339502K [0x00000000e0000000, 0x00000000e0101000, 0x0000000100000000)
  region size 1024K, 307 young (314368K), 25 survivors (25600K)
 Metaspace       used 58706K, capacity 61476K, committed 61848K, reserved 1103872K
  class space    used 7209K, capacity 7724K, committed 7832K, reserved 1048576K
2021-08-13T08:35:52.189+0200: 72924.380: [GC pause (G1 Evacuation Pause) (young)
Desired survivor size 20447232 bytes, new threshold 15 (max 15)
- age   1:    2242360 bytes,    2242360 total
- age   2:    9140912 bytes,   11383272 total
- age   3:    6958104 bytes,   18341376 total
, 0.0462778 secs]
   [Parallel Time: 37.0 ms, GC Workers: 8]
      [GC Worker Start (ms): Min: 72924381.3, Avg: 72924387.2, Max: 72924394.2, Diff: 12.8]
      [Ext Root Scanning (ms): Min: 0.0, Avg: 3.2, Max: 14.5, Diff: 14.5, Sum: 25.7]
      [Update RS (ms): Min: 0.0, Avg: 3.3, Max: 4.8, Diff: 4.8, Sum: 26.6]
         [Processed Buffers: Min: 0, Avg: 5.4, Max: 24, Diff: 24, Sum: 43]
      [Scan RS (ms): Min: 0.0, Avg: 0.5, Max: 0.9, Diff: 0.9, Sum: 3.9]
      [Code Root Scanning (ms): Min: 0.0, Avg: 4.4, Max: 13.8, Diff: 13.8, Sum: 35.0]
      [Object Copy (ms): Min: 10.1, Avg: 19.3, Max: 24.1, Diff: 14.0, Sum: 154.7]
      [Termination (ms): Min: 0.0, Avg: 0.0, Max: 0.0, Diff: 0.0, Sum: 0.0]
         [Termination Attempts: Min: 1, Avg: 1.1, Max: 2, Diff: 1, Sum: 9]
      [GC Worker Other (ms): Min: 0.0, Avg: 0.2, Max: 0.3, Diff: 0.2, Sum: 1.3]
      [GC Worker Total (ms): Min: 23.8, Avg: 30.9, Max: 36.7, Diff: 12.9, Sum: 247.2]
      [GC Worker End (ms): Min: 72924418.0, Avg: 72924418.1, Max: 72924418.2, Diff: 0.2]
   [Code Root Fixup: 0.1 ms]
   [Code Root Purge: 0.0 ms]
   [Clear CT: 1.4 ms]
   [Other: 7.8 ms]
      [Choose CSet: 0.0 ms]
      [Ref Proc: 3.7 ms]
      [Ref Enq: 0.3 ms]
      [Redirty Cards: 0.3 ms]
      [Humongous Register: 1.0 ms]
      [Humongous Reclaim: 0.0 ms]
      [Free CSet: 1.7 ms]
   [Eden: 282.0M(282.0M)->0.0B(284.0M) Survivors: 25600.0K->23552.0K Heap: 331.5M(512.0M)->48686.3K(512.0M)]
Heap after GC invocations=12 (full 0):
 garbage-first heap   total 524288K, used 48686K [0x00000000e0000000, 0x00000000e0101000, 0x0000000100000000)
  region size 1024K, 23 young (23552K), 23 survivors (23552K)
 Metaspace       used 58706K, capacity 61476K, committed 61848K, reserved 1103872K
  class space    used 7209K, capacity 7724K, committed 7832K, reserved 1048576K
}
 [Times: user=0.25 sys=0.00, real=0.05 secs] 
2021-08-13T08:35:52.236+0200: 72924.426: Total time for which application threads were stopped: 0.0473788 seconds, Stopping threads took: 0.0001683 seconds
2021-08-13T08:37:52.269+0200: 73044.460: Total time for which application threads were stopped: 0.0006576 seconds, Stopping threads took: 0.0002664 seconds
2021-08-13T08:42:52.350+0200: 73344.541: Total time for which application threads were stopped: 0.0006606 seconds, Stopping threads took: 0.0002469 seconds
2021-08-13T08:47:52.450+0200: 73644.641: Total time for which application threads were stopped: 0.0013125 seconds, Stopping threads took: 0.0002795 seconds
2021-08-13T08:52:52.498+0200: 73944.689: Total time for which application threads were stopped: 0.0004537 seconds, Stopping threads took: 0.0001054 seconds
2021-08-13T08:52:52.543+0200: 73944.734: Total time for which application threads were stopped: 0.0002846 seconds, Stopping threads took: 0.0000596 seconds
2021-08-13T08:57:52.627+0200: 74244.818: Total time for which application threads were stopped: 0.0005362 seconds, Stopping threads took: 0.0001581 seconds
2021-08-13T09:02:52.680+0200: 74544.870: Total time for which application threads were stopped: 0.0015318 seconds, Stopping threads took: 0.0004153 seconds
2021-08-13T09:02:52.731+0200: 74544.922: Total time for which application threads were stopped: 0.0005421 seconds, Stopping threads took: 0.0000777 seconds
2021-08-13T09:07:52.821+0200: 74845.012: Total time for which application threads were stopped: 0.0004226 seconds, Stopping threads took: 0.0001269 seconds
2021-08-13T09:08:28.163+0200: 74880.354: Total time for which application threads were stopped: 0.0016484 seconds, Stopping threads took: 0.0000775 seconds
2021-08-13T09:08:29.164+0200: 74881.354: Total time for which application threads were stopped: 0.0003610 seconds, Stopping threads took: 0.0000826 seconds
2021-08-13T09:08:29.439+0200: 74881.629: Total time for which application threads were stopped: 0.0004072 seconds, Stopping threads took: 0.0000795 seconds
2021-08-13T09:12:52.899+0200: 75145.090: Total time for which application threads were stopped: 0.0003771 seconds, Stopping threads took: 0.0000777 seconds
2021-08-13T09:17:53.013+0200: 75445.204: Total time for which application threads were stopped: 0.0015535 seconds, Stopping threads took: 0.0003682 seconds
2021-08-13T09:19:53.034+0200: 75565.225: Total time for which application threads were stopped: 0.0005997 seconds, Stopping threads took: 0.0001555 seconds
2021-08-13T09:22:53.123+0200: 75745.314: Total time for which application threads were stopped: 0.0006564 seconds, Stopping threads took: 0.0001591 seconds
2021-08-13T09:27:53.227+0200: 76045.418: Total time for which application threads were stopped: 0.0008792 seconds, Stopping threads took: 0.0002045 seconds
2021-08-13T09:32:53.326+0200: 76345.517: Total time for which application threads were stopped: 0.0005109 seconds, Stopping threads took: 0.0001733 seconds
2021-08-13T09:37:53.423+0200: 76645.613: Total time for which application threads were stopped: 0.0017878 seconds, Stopping threads took: 0.0010584 seconds
2021-08-13T09:42:53.528+0200: 76945.719: Total time for which application threads were stopped: 0.0017778 seconds, Stopping threads took: 0.0002820 seconds
2021-08-13T09:43:53.546+0200: 77005.736: Total time for which application threads were stopped: 0.0004797 seconds, Stopping threads took: 0.0001089 seconds
2021-08-13T09:47:53.614+0200: 77245.805: Total time for which application threads were stopped: 0.0004672 seconds, Stopping threads took: 0.0000899 seconds
2021-08-13T09:52:53.721+0200: 77545.912: Total time for which application threads were stopped: 0.0014775 seconds, Stopping threads took: 0.0003561 seconds
2021-08-13T09:57:53.816+0200: 77846.007: Total time for which application threads were stopped: 0.0004481 seconds, Stopping threads took: 0.0001235 seconds
2021-08-13T10:02:53.902+0200: 78146.092: Total time for which application threads were stopped: 0.0004285 seconds, Stopping threads took: 0.0000748 seconds
2021-08-13T10:07:54.015+0200: 78446.206: Total time for which application threads were stopped: 0.0009872 seconds, Stopping threads took: 0.0002335 seconds
2021-08-13T10:12:54.106+0200: 78746.297: Total time for which application threads were stopped: 0.0005749 seconds, Stopping threads took: 0.0001439 seconds
2021-08-13T10:17:54.191+0200: 79046.382: Total time for which application threads were stopped: 0.0004770 seconds, Stopping threads took: 0.0001137 seconds
2021-08-13T10:20:55.220+0200: 79227.411: Total time for which application threads were stopped: 0.0014922 seconds, Stopping threads took: 0.0003973 seconds
2021-08-13T10:22:54.319+0200: 79346.509: Total time for which application threads were stopped: 0.0005635 seconds, Stopping threads took: 0.0001251 seconds
2021-08-13T10:27:54.404+0200: 79646.594: Total time for which application threads were stopped: 0.0005350 seconds, Stopping threads took: 0.0001272 seconds
2021-08-13T10:32:54.510+0200: 79946.701: Total time for which application threads were stopped: 0.0016489 seconds, Stopping threads took: 0.0003619 seconds
2021-08-13T10:37:54.604+0200: 80246.795: Total time for which application threads were stopped: 0.0005789 seconds, Stopping threads took: 0.0001176 seconds
2021-08-13T10:42:54.693+0200: 80546.884: Total time for which application threads were stopped: 0.0003891 seconds, Stopping threads took: 0.0000719 seconds
2021-08-13T10:44:55.713+0200: 80667.904: Total time for which application threads were stopped: 0.0013493 seconds, Stopping threads took: 0.0003544 seconds
2021-08-13T10:47:54.803+0200: 80846.993: Total time for which application threads were stopped: 0.0028461 seconds, Stopping threads took: 0.0003138 seconds
2021-08-13T10:47:54.806+0200: 80846.997: Total time for which application threads were stopped: 0.0003331 seconds, Stopping threads took: 0.0000782 seconds
2021-08-13T10:48:55.816+0200: 80908.007: Total time for which application threads were stopped: 0.0004225 seconds, Stopping threads took: 0.0001093 seconds
2021-08-13T10:52:54.935+0200: 81147.125: Total time for which application threads were stopped: 0.0006008 seconds, Stopping threads took: 0.0001430 seconds
2021-08-13T10:57:49.724+0200: 81441.915: Total time for which application threads were stopped: 0.0009152 seconds, Stopping threads took: 0.0004905 seconds
2021-08-13T10:57:49.850+0200: 81442.041: Total time for which application threads were stopped: 0.0015525 seconds, Stopping threads took: 0.0012202 seconds
2021-08-13T10:57:49.885+0200: 81442.075: Total time for which application threads were stopped: 0.0003979 seconds, Stopping threads took: 0.0001293 seconds
2021-08-13T10:57:49.956+0200: 81442.146: Total time for which application threads were stopped: 0.0007067 seconds, Stopping threads took: 0.0004358 seconds
2021-08-13T10:57:49.965+0200: 81442.156: Total time for which application threads were stopped: 0.0027820 seconds, Stopping threads took: 0.0025791 seconds
2021-08-13T10:57:49.966+0200: 81442.157: Total time for which application threads were stopped: 0.0003665 seconds, Stopping threads took: 0.0001605 seconds
2021-08-13T10:57:49.971+0200: 81442.162: Total time for which application threads were stopped: 0.0011782 seconds, Stopping threads took: 0.0008851 seconds
2021-08-13T10:57:49.976+0200: 81442.167: Total time for which application threads were stopped: 0.0006296 seconds, Stopping threads took: 0.0004406 seconds
2021-08-13T10:57:50.094+0200: 81442.285: Total time for which application threads were stopped: 0.0005617 seconds, Stopping threads took: 0.0001264 seconds
2021-08-13T10:57:50.099+0200: 81442.290: Total time for which application threads were stopped: 0.0014679 seconds, Stopping threads took: 0.0012886 seconds
2021-08-13T10:57:50.166+0200: 81442.357: Total time for which application threads were stopped: 0.0003847 seconds, Stopping threads took: 0.0001477 seconds
2021-08-13T10:57:50.167+0200: 81442.358: Total time for which application threads were stopped: 0.0002134 seconds, Stopping threads took: 0.0001004 seconds
2021-08-13T10:57:50.170+0200: 81442.360: Total time for which application threads were stopped: 0.0002145 seconds, Stopping threads took: 0.0000907 seconds
2021-08-13T10:57:50.171+0200: 81442.361: Total time for which application threads were stopped: 0.0002204 seconds, Stopping threads took: 0.0000931 seconds
2021-08-13T10:57:50.171+0200: 81442.362: Total time for which application threads were stopped: 0.0002857 seconds, Stopping threads took: 0.0001942 seconds
2021-08-13T10:57:50.172+0200: 81442.363: Total time for which application threads were stopped: 0.0001941 seconds, Stopping threads took: 0.0001033 seconds
2021-08-13T10:57:50.173+0200: 81442.363: Total time for which application threads were stopped: 0.0001264 seconds, Stopping threads took: 0.0000448 seconds
2021-08-13T10:57:50.173+0200: 81442.364: Total time for which application threads were stopped: 0.0001688 seconds, Stopping threads took: 0.0000780 seconds
2021-08-13T10:57:50.176+0200: 81442.367: Total time for which application threads were stopped: 0.0001480 seconds, Stopping threads took: 0.0000550 seconds
2021-08-13T10:57:50.177+0200: 81442.368: Total time for which application threads were stopped: 0.0001360 seconds, Stopping threads took: 0.0000538 seconds
2021-08-13T10:57:50.180+0200: 81442.371: Total time for which application threads were stopped: 0.0001675 seconds, Stopping threads took: 0.0000727 seconds
2021-08-13T10:57:50.182+0200: 81442.373: Total time for which application threads were stopped: 0.0001207 seconds, Stopping threads took: 0.0000336 seconds
2021-08-13T10:57:50.183+0200: 81442.373: Total time for which application threads were stopped: 0.0001857 seconds, Stopping threads took: 0.0000878 seconds
2021-08-13T10:57:50.183+0200: 81442.374: Total time for which application threads were stopped: 0.0001507 seconds, Stopping threads took: 0.0000709 seconds
2021-08-13T10:57:50.189+0200: 81442.380: Total time for which application threads were stopped: 0.0001952 seconds, Stopping threads took: 0.0000910 seconds
2021-08-13T10:57:50.190+0200: 81442.381: Total time for which application threads were stopped: 0.0002908 seconds, Stopping threads took: 0.0001961 seconds
2021-08-13T10:57:50.193+0200: 81442.383: Total time for which application threads were stopped: 0.0001563 seconds, Stopping threads took: 0.0000544 seconds
2021-08-13T10:57:50.194+0200: 81442.384: Total time for which application threads were stopped: 0.0002181 seconds, Stopping threads took: 0.0000904 seconds
2021-08-13T10:57:50.195+0200: 81442.386: Total time for which application threads were stopped: 0.0001363 seconds, Stopping threads took: 0.0000459 seconds
2021-08-13T10:57:50.198+0200: 81442.388: Total time for which application threads were stopped: 0.0006614 seconds, Stopping threads took: 0.0001678 seconds
2021-08-13T10:57:50.211+0200: 81442.402: Total time for which application threads were stopped: 0.0011550 seconds, Stopping threads took: 0.0008445 seconds
2021-08-13T10:57:50.213+0200: 81442.404: Total time for which application threads were stopped: 0.0001753 seconds, Stopping threads took: 0.0000564 seconds
2021-08-13T10:57:50.264+0200: 81442.455: Total time for which application threads were stopped: 0.0004254 seconds, Stopping threads took: 0.0001736 seconds
2021-08-13T10:57:50.327+0200: 81442.518: Total time for which application threads were stopped: 0.0003814 seconds, Stopping threads took: 0.0001461 seconds
2021-08-13T10:57:50.331+0200: 81442.521: Total time for which application threads were stopped: 0.0018123 seconds, Stopping threads took: 0.0012990 seconds
2021-08-13T10:57:50.374+0200: 81442.565: Total time for which application threads were stopped: 0.0003599 seconds, Stopping threads took: 0.0001329 seconds
2021-08-13T10:57:50.387+0200: 81442.577: Total time for which application threads were stopped: 0.0003583 seconds, Stopping threads took: 0.0001350 seconds
2021-08-13T10:57:50.388+0200: 81442.579: Total time for which application threads were stopped: 0.0002093 seconds, Stopping threads took: 0.0000583 seconds
2021-08-13T10:57:50.390+0200: 81442.581: Total time for which application threads were stopped: 0.0001831 seconds, Stopping threads took: 0.0000772 seconds
2021-08-13T10:57:50.443+0200: 81442.633: Total time for which application threads were stopped: 0.0015222 seconds, Stopping threads took: 0.0001994 seconds
2021-08-13T10:57:50.449+0200: 81442.639: Total time for which application threads were stopped: 0.0002449 seconds, Stopping threads took: 0.0000662 seconds
2021-08-13T10:57:50.475+0200: 81442.666: Total time for which application threads were stopped: 0.0007394 seconds, Stopping threads took: 0.0005417 seconds
2021-08-13T10:57:50.476+0200: 81442.667: Total time for which application threads were stopped: 0.0001950 seconds, Stopping threads took: 0.0000899 seconds
2021-08-13T10:57:50.490+0200: 81442.681: Total time for which application threads were stopped: 0.0004049 seconds, Stopping threads took: 0.0001533 seconds
2021-08-13T10:57:50.491+0200: 81442.682: Total time for which application threads were stopped: 0.0009736 seconds, Stopping threads took: 0.0008520 seconds
2021-08-13T10:57:50.508+0200: 81442.698: Total time for which application threads were stopped: 0.0019106 seconds, Stopping threads took: 0.0016603 seconds
2021-08-13T10:57:50.510+0200: 81442.701: Total time for which application threads were stopped: 0.0005034 seconds, Stopping threads took: 0.0003350 seconds
2021-08-13T10:57:50.512+0200: 81442.703: Total time for which application threads were stopped: 0.0002096 seconds, Stopping threads took: 0.0000583 seconds
2021-08-13T10:57:50.545+0200: 81442.736: Total time for which application threads were stopped: 0.0003029 seconds, Stopping threads took: 0.0001011 seconds
2021-08-13T10:57:50.547+0200: 81442.738: Total time for which application threads were stopped: 0.0003387 seconds, Stopping threads took: 0.0002341 seconds
2021-08-13T10:57:50.556+0200: 81442.747: Total time for which application threads were stopped: 0.0005345 seconds, Stopping threads took: 0.0003361 seconds
2021-08-13T10:57:50.556+0200: 81442.747: Total time for which application threads were stopped: 0.0001276 seconds, Stopping threads took: 0.0000360 seconds
2021-08-13T10:57:50.556+0200: 81442.747: Total time for which application threads were stopped: 0.0001152 seconds, Stopping threads took: 0.0000352 seconds
2021-08-13T10:57:50.557+0200: 81442.747: Total time for which application threads were stopped: 0.0003024 seconds, Stopping threads took: 0.0002213 seconds
2021-08-13T10:57:50.558+0200: 81442.749: Total time for which application threads were stopped: 0.0005630 seconds, Stopping threads took: 0.0004685 seconds
2021-08-13T10:57:50.559+0200: 81442.750: Total time for which application threads were stopped: 0.0003259 seconds, Stopping threads took: 0.0002428 seconds
2021-08-13T10:57:50.560+0200: 81442.750: Total time for which application threads were stopped: 0.0001303 seconds, Stopping threads took: 0.0000451 seconds
2021-08-13T10:57:50.560+0200: 81442.751: Total time for which application threads were stopped: 0.0001245 seconds, Stopping threads took: 0.0000414 seconds
2021-08-13T10:57:50.561+0200: 81442.752: Total time for which application threads were stopped: 0.0001393 seconds, Stopping threads took: 0.0000450 seconds
2021-08-13T10:57:50.562+0200: 81442.752: Total time for which application threads were stopped: 0.0001137 seconds, Stopping threads took: 0.0000396 seconds
2021-08-13T10:57:50.562+0200: 81442.753: Total time for which application threads were stopped: 0.0001499 seconds, Stopping threads took: 0.0000770 seconds
2021-08-13T10:57:50.562+0200: 81442.753: Total time for which application threads were stopped: 0.0001642 seconds, Stopping threads took: 0.0000791 seconds
2021-08-13T10:57:50.563+0200: 81442.753: Total time for which application threads were stopped: 0.0001233 seconds, Stopping threads took: 0.0000441 seconds
2021-08-13T10:57:50.563+0200: 81442.754: Total time for which application threads were stopped: 0.0001448 seconds, Stopping threads took: 0.0000661 seconds
2021-08-13T10:57:50.563+0200: 81442.754: Total time for which application threads were stopped: 0.0001411 seconds, Stopping threads took: 0.0000588 seconds
2021-08-13T10:57:50.564+0200: 81442.754: Total time for which application threads were stopped: 0.0001494 seconds, Stopping threads took: 0.0000443 seconds
2021-08-13T10:57:50.564+0200: 81442.755: Total time for which application threads were stopped: 0.0001695 seconds, Stopping threads took: 0.0000867 seconds
2021-08-13T10:57:50.564+0200: 81442.755: Total time for which application threads were stopped: 0.0001173 seconds, Stopping threads took: 0.0000371 seconds
2021-08-13T10:57:50.565+0200: 81442.755: Total time for which application threads were stopped: 0.0001914 seconds, Stopping threads took: 0.0001072 seconds
2021-08-13T10:57:50.565+0200: 81442.756: Total time for which application threads were stopped: 0.0007573 seconds, Stopping threads took: 0.0006692 seconds
2021-08-13T10:57:50.566+0200: 81442.757: Total time for which application threads were stopped: 0.0002159 seconds, Stopping threads took: 0.0001414 seconds
2021-08-13T10:57:50.566+0200: 81442.757: Total time for which application threads were stopped: 0.0001161 seconds, Stopping threads took: 0.0000445 seconds
2021-08-13T10:57:50.566+0200: 81442.757: Total time for which application threads were stopped: 0.0001737 seconds, Stopping threads took: 0.0000855 seconds
2021-08-13T10:57:50.567+0200: 81442.758: Total time for which application threads were stopped: 0.0004375 seconds, Stopping threads took: 0.0003490 seconds
2021-08-13T10:57:50.567+0200: 81442.758: Total time for which application threads were stopped: 0.0002499 seconds, Stopping threads took: 0.0001671 seconds
2021-08-13T10:57:50.568+0200: 81442.759: Total time for which application threads were stopped: 0.0002763 seconds, Stopping threads took: 0.0000311 seconds
2021-08-13T10:57:50.582+0200: 81442.773: Total time for which application threads were stopped: 0.0004622 seconds, Stopping threads took: 0.0002890 seconds
2021-08-13T10:57:50.590+0200: 81442.780: Total time for which application threads were stopped: 0.0002455 seconds, Stopping threads took: 0.0001126 seconds
2021-08-13T10:57:50.591+0200: 81442.781: Total time for which application threads were stopped: 0.0001266 seconds, Stopping threads took: 0.0000618 seconds
2021-08-13T10:57:50.601+0200: 81442.792: Total time for which application threads were stopped: 0.0002990 seconds, Stopping threads took: 0.0001118 seconds
2021-08-13T10:57:50.602+0200: 81442.793: Total time for which application threads were stopped: 0.0001191 seconds, Stopping threads took: 0.0000375 seconds
2021-08-13T10:57:50.634+0200: 81442.825: Total time for which application threads were stopped: 0.0002706 seconds, Stopping threads took: 0.0000922 seconds
2021-08-13T10:57:50.635+0200: 81442.825: Total time for which application threads were stopped: 0.0001242 seconds, Stopping threads took: 0.0000408 seconds
2021-08-13T10:57:50.635+0200: 81442.825: Total time for which application threads were stopped: 0.0001132 seconds, Stopping threads took: 0.0000413 seconds
2021-08-13T10:57:50.635+0200: 81442.826: Total time for which application threads were stopped: 0.0001321 seconds, Stopping threads took: 0.0000658 seconds
2021-08-13T10:57:50.635+0200: 81442.826: Total time for which application threads were stopped: 0.0003372 seconds, Stopping threads took: 0.0000368 seconds
2021-08-13T10:57:50.636+0200: 81442.827: Total time for which application threads were stopped: 0.0001243 seconds, Stopping threads took: 0.0000453 seconds
2021-08-13T10:57:50.662+0200: 81442.853: Total time for which application threads were stopped: 0.0002068 seconds, Stopping threads took: 0.0000423 seconds
2021-08-13T10:57:51.016+0200: 81443.207: Total time for which application threads were stopped: 0.0004003 seconds, Stopping threads took: 0.0000685 seconds
2021-08-13T10:57:51.016+0200: 81443.207: Total time for which application threads were stopped: 0.0001387 seconds, Stopping threads took: 0.0000251 seconds
2021-08-13T10:57:51.022+0200: 81443.213: Total time for which application threads were stopped: 0.0004354 seconds, Stopping threads took: 0.0001217 seconds
2021-08-13T10:57:51.024+0200: 81443.214: Total time for which application threads were stopped: 0.0002375 seconds, Stopping threads took: 0.0000625 seconds
2021-08-13T10:57:51.031+0200: 81443.222: Total time for which application threads were stopped: 0.0002298 seconds, Stopping threads took: 0.0000565 seconds
2021-08-13T10:57:51.033+0200: 81443.224: Total time for which application threads were stopped: 0.0001536 seconds, Stopping threads took: 0.0000470 seconds
2021-08-13T10:57:51.049+0200: 81443.240: Total time for which application threads were stopped: 0.0001929 seconds, Stopping threads took: 0.0000487 seconds
2021-08-13T10:57:51.053+0200: 81443.244: Total time for which application threads were stopped: 0.0003152 seconds, Stopping threads took: 0.0001201 seconds
2021-08-13T10:57:51.055+0200: 81443.246: Total time for which application threads were stopped: 0.0014280 seconds, Stopping threads took: 0.0012865 seconds
2021-08-13T10:57:51.056+0200: 81443.247: Total time for which application threads were stopped: 0.0002473 seconds, Stopping threads took: 0.0000614 seconds
2021-08-13T10:57:51.056+0200: 81443.247: Total time for which application threads were stopped: 0.0002560 seconds, Stopping threads took: 0.0001234 seconds
2021-08-13T10:57:51.058+0200: 81443.248: Total time for which application threads were stopped: 0.0003828 seconds, Stopping threads took: 0.0001904 seconds
2021-08-13T10:57:51.061+0200: 81443.252: Total time for which application threads were stopped: 0.0002416 seconds, Stopping threads took: 0.0000675 seconds
2021-08-13T10:57:52.062+0200: 81444.253: Total time for which application threads were stopped: 0.0009818 seconds, Stopping threads took: 0.0004371 seconds
2021-08-13T10:57:53.063+0200: 81445.254: Total time for which application threads were stopped: 0.0004764 seconds, Stopping threads took: 0.0000849 seconds
2021-08-13T10:57:55.024+0200: 81447.215: Total time for which application threads were stopped: 0.0009183 seconds, Stopping threads took: 0.0000765 seconds
2021-08-13T10:58:01.489+0200: 81453.680: Total time for which application threads were stopped: 0.0003909 seconds, Stopping threads took: 0.0000953 seconds
2021-08-13T10:58:01.495+0200: 81453.686: Total time for which application threads were stopped: 0.0001844 seconds, Stopping threads took: 0.0000295 seconds
2021-08-13T10:58:01.588+0200: 81453.778: Total time for which application threads were stopped: 0.0003525 seconds, Stopping threads took: 0.0001172 seconds
2021-08-13T10:58:01.596+0200: 81453.787: Total time for which application threads were stopped: 0.0002848 seconds, Stopping threads took: 0.0000649 seconds
2021-08-13T10:58:01.599+0200: 81453.790: Total time for which application threads were stopped: 0.0002043 seconds, Stopping threads took: 0.0000620 seconds
2021-08-13T10:58:01.620+0200: 81453.810: Total time for which application threads were stopped: 0.0002886 seconds, Stopping threads took: 0.0000743 seconds
2021-08-13T10:58:01.622+0200: 81453.812: Total time for which application threads were stopped: 0.0003592 seconds, Stopping threads took: 0.0001110 seconds
2021-08-13T10:58:01.711+0200: 81453.901: Total time for which application threads were stopped: 0.0003306 seconds, Stopping threads took: 0.0000767 seconds
2021-08-13T10:58:01.756+0200: 81453.946: Total time for which application threads were stopped: 0.0004329 seconds, Stopping threads took: 0.0001090 seconds
2021-08-13T10:58:01.815+0200: 81454.006: Total time for which application threads were stopped: 0.0005798 seconds, Stopping threads took: 0.0003215 seconds
2021-08-13T10:58:01.838+0200: 81454.029: Total time for which application threads were stopped: 0.0002749 seconds, Stopping threads took: 0.0000699 seconds
2021-08-13T10:58:01.845+0200: 81454.035: Total time for which application threads were stopped: 0.0030453 seconds, Stopping threads took: 0.0028943 seconds
2021-08-13T10:58:01.849+0200: 81454.040: Total time for which application threads were stopped: 0.0001633 seconds, Stopping threads took: 0.0000426 seconds
2021-08-13T10:58:01.854+0200: 81454.045: Total time for which application threads were stopped: 0.0001807 seconds, Stopping threads took: 0.0000571 seconds
2021-08-13T10:58:01.855+0200: 81454.046: Total time for which application threads were stopped: 0.0001575 seconds, Stopping threads took: 0.0000666 seconds
2021-08-13T10:58:01.860+0200: 81454.051: Total time for which application threads were stopped: 0.0001826 seconds, Stopping threads took: 0.0000831 seconds
2021-08-13T10:58:01.862+0200: 81454.053: Total time for which application threads were stopped: 0.0001648 seconds, Stopping threads took: 0.0000655 seconds
2021-08-13T10:58:01.880+0200: 81454.070: Total time for which application threads were stopped: 0.0002347 seconds, Stopping threads took: 0.0001078 seconds
2021-08-13T10:58:01.930+0200: 81454.121: Total time for which application threads were stopped: 0.0040248 seconds, Stopping threads took: 0.0038360 seconds
2021-08-13T10:58:01.938+0200: 81454.129: Total time for which application threads were stopped: 0.0003413 seconds, Stopping threads took: 0.0001375 seconds
2021-08-13T10:58:01.940+0200: 81454.131: Total time for which application threads were stopped: 0.0002374 seconds, Stopping threads took: 0.0000974 seconds
2021-08-13T10:58:01.992+0200: 81454.182: Total time for which application threads were stopped: 0.0016564 seconds, Stopping threads took: 0.0014448 seconds
2021-08-13T10:58:02.031+0200: 81454.222: Total time for which application threads were stopped: 0.0002449 seconds, Stopping threads took: 0.0000666 seconds
2021-08-13T10:58:02.032+0200: 81454.222: Total time for which application threads were stopped: 0.0001748 seconds, Stopping threads took: 0.0000926 seconds
2021-08-13T10:58:02.032+0200: 81454.223: Total time for which application threads were stopped: 0.0001365 seconds, Stopping threads took: 0.0000454 seconds
2021-08-13T10:58:02.033+0200: 81454.224: Total time for which application threads were stopped: 0.0001104 seconds, Stopping threads took: 0.0000412 seconds
2021-08-13T10:58:02.033+0200: 81454.224: Total time for which application threads were stopped: 0.0001025 seconds, Stopping threads took: 0.0000379 seconds
2021-08-13T10:58:02.034+0200: 81454.225: Total time for which application threads were stopped: 0.0001193 seconds, Stopping threads took: 0.0000447 seconds
2021-08-13T10:58:02.035+0200: 81454.225: Total time for which application threads were stopped: 0.0001197 seconds, Stopping threads took: 0.0000433 seconds
2021-08-13T10:58:02.035+0200: 81454.226: Total time for which application threads were stopped: 0.0001117 seconds, Stopping threads took: 0.0000421 seconds
2021-08-13T10:58:02.042+0200: 81454.233: Total time for which application threads were stopped: 0.0002517 seconds, Stopping threads took: 0.0000954 seconds
2021-08-13T10:58:02.045+0200: 81454.235: Total time for which application threads were stopped: 0.0007369 seconds, Stopping threads took: 0.0005326 seconds
2021-08-13T10:58:02.045+0200: 81454.236: Total time for which application threads were stopped: 0.0001753 seconds, Stopping threads took: 0.0000806 seconds
2021-08-13T10:58:02.047+0200: 81454.238: Total time for which application threads were stopped: 0.0005090 seconds, Stopping threads took: 0.0001088 seconds
2021-08-13T10:58:02.049+0200: 81454.240: Total time for which application threads were stopped: 0.0003058 seconds, Stopping threads took: 0.0001887 seconds
2021-08-13T10:58:02.050+0200: 81454.241: Total time for which application threads were stopped: 0.0002705 seconds, Stopping threads took: 0.0001729 seconds
2021-08-13T10:58:02.051+0200: 81454.241: Total time for which application threads were stopped: 0.0004301 seconds, Stopping threads took: 0.0000798 seconds
2021-08-13T10:58:02.063+0200: 81454.254: Total time for which application threads were stopped: 0.0002833 seconds, Stopping threads took: 0.0000997 seconds
2021-08-13T10:58:02.063+0200: 81454.254: Total time for which application threads were stopped: 0.0001417 seconds, Stopping threads took: 0.0000519 seconds
2021-08-13T10:58:02.064+0200: 81454.254: Total time for which application threads were stopped: 0.0001179 seconds, Stopping threads took: 0.0000397 seconds
2021-08-13T10:58:02.064+0200: 81454.255: Total time for which application threads were stopped: 0.0001246 seconds, Stopping threads took: 0.0000406 seconds
2021-08-13T10:58:02.064+0200: 81454.255: Total time for which application threads were stopped: 0.0001118 seconds, Stopping threads took: 0.0000377 seconds
2021-08-13T10:58:02.064+0200: 81454.255: Total time for which application threads were stopped: 0.0001211 seconds, Stopping threads took: 0.0000451 seconds
2021-08-13T10:58:02.064+0200: 81454.255: Total time for which application threads were stopped: 0.0001110 seconds, Stopping threads took: 0.0000376 seconds
2021-08-13T10:58:02.069+0200: 81454.260: Total time for which application threads were stopped: 0.0002118 seconds, Stopping threads took: 0.0000913 seconds
2021-08-13T10:58:02.069+0200: 81454.260: Total time for which application threads were stopped: 0.0001672 seconds, Stopping threads took: 0.0000754 seconds
2021-08-13T10:58:02.070+0200: 81454.260: Total time for which application threads were stopped: 0.0002169 seconds, Stopping threads took: 0.0000762 seconds
2021-08-13T10:58:02.070+0200: 81454.261: Total time for which application threads were stopped: 0.0001420 seconds, Stopping threads took: 0.0000613 seconds
2021-08-13T10:58:02.071+0200: 81454.261: Total time for which application threads were stopped: 0.0001683 seconds, Stopping threads took: 0.0000738 seconds
2021-08-13T10:58:02.071+0200: 81454.262: Total time for which application threads were stopped: 0.0001579 seconds, Stopping threads took: 0.0000663 seconds
2021-08-13T10:58:02.071+0200: 81454.262: Total time for which application threads were stopped: 0.0001360 seconds, Stopping threads took: 0.0000466 seconds
2021-08-13T10:58:02.071+0200: 81454.262: Total time for which application threads were stopped: 0.0001637 seconds, Stopping threads took: 0.0000634 seconds
2021-08-13T10:58:02.152+0200: 81454.343: Total time for which application threads were stopped: 0.0002664 seconds, Stopping threads took: 0.0000847 seconds
2021-08-13T10:58:02.152+0200: 81454.343: Total time for which application threads were stopped: 0.0001194 seconds, Stopping threads took: 0.0000581 seconds
2021-08-13T10:58:02.153+0200: 81454.343: Total time for which application threads were stopped: 0.0001115 seconds, Stopping threads took: 0.0000368 seconds
2021-08-13T10:58:02.153+0200: 81454.343: Total time for which application threads were stopped: 0.0000911 seconds, Stopping threads took: 0.0000332 seconds
2021-08-13T10:58:02.153+0200: 81454.344: Total time for which application threads were stopped: 0.0001325 seconds, Stopping threads took: 0.0000397 seconds
2021-08-13T10:58:02.153+0200: 81454.344: Total time for which application threads were stopped: 0.0001224 seconds, Stopping threads took: 0.0000661 seconds
2021-08-13T10:58:02.153+0200: 81454.344: Total time for which application threads were stopped: 0.0000978 seconds, Stopping threads took: 0.0000385 seconds
2021-08-13T10:58:02.153+0200: 81454.344: Total time for which application threads were stopped: 0.0000862 seconds, Stopping threads took: 0.0000308 seconds
2021-08-13T10:58:02.173+0200: 81454.364: Total time for which application threads were stopped: 0.0001973 seconds, Stopping threads took: 0.0000953 seconds
2021-08-13T10:58:02.178+0200: 81454.369: Total time for which application threads were stopped: 0.0037874 seconds, Stopping threads took: 0.0036922 seconds
2021-08-13T10:58:02.178+0200: 81454.369: Total time for which application threads were stopped: 0.0002275 seconds, Stopping threads took: 0.0001381 seconds
2021-08-13T10:58:02.179+0200: 81454.370: Total time for which application threads were stopped: 0.0002449 seconds, Stopping threads took: 0.0001229 seconds
2021-08-13T10:58:02.216+0200: 81454.406: Total time for which application threads were stopped: 0.0002520 seconds, Stopping threads took: 0.0000823 seconds
2021-08-13T10:58:02.216+0200: 81454.406: Total time for which application threads were stopped: 0.0001352 seconds, Stopping threads took: 0.0000681 seconds
2021-08-13T10:58:02.216+0200: 81454.407: Total time for which application threads were stopped: 0.0001595 seconds, Stopping threads took: 0.0000557 seconds
2021-08-13T10:58:02.217+0200: 81454.407: Total time for which application threads were stopped: 0.0001367 seconds, Stopping threads took: 0.0000554 seconds
2021-08-13T10:58:02.217+0200: 81454.408: Total time for which application threads were stopped: 0.0001192 seconds, Stopping threads took: 0.0000571 seconds
2021-08-13T10:58:02.218+0200: 81454.408: Total time for which application threads were stopped: 0.0002551 seconds, Stopping threads took: 0.0000710 seconds
2021-08-13T10:58:02.218+0200: 81454.409: Total time for which application threads were stopped: 0.0001622 seconds, Stopping threads took: 0.0000849 seconds
2021-08-13T10:58:02.218+0200: 81454.409: Total time for which application threads were stopped: 0.0001528 seconds, Stopping threads took: 0.0000668 seconds
2021-08-13T10:58:02.218+0200: 81454.409: Total time for which application threads were stopped: 0.0001377 seconds, Stopping threads took: 0.0000556 seconds
2021-08-13T10:58:02.218+0200: 81454.409: Total time for which application threads were stopped: 0.0001346 seconds, Stopping threads took: 0.0000634 seconds
2021-08-13T10:58:02.251+0200: 81454.442: Total time for which application threads were stopped: 0.0002856 seconds, Stopping threads took: 0.0000772 seconds
2021-08-13T10:58:04.561+0200: 81456.751: Total time for which application threads were stopped: 0.0008407 seconds, Stopping threads took: 0.0000592 seconds
2021-08-13T10:58:04.572+0200: 81456.762: Total time for which application threads were stopped: 0.0003479 seconds, Stopping threads took: 0.0001182 seconds
2021-08-13T10:58:04.574+0200: 81456.764: Total time for which application threads were stopped: 0.0004306 seconds, Stopping threads took: 0.0000770 seconds
2021-08-13T10:58:04.575+0200: 81456.765: Total time for which application threads were stopped: 0.0007152 seconds, Stopping threads took: 0.0005532 seconds
2021-08-13T10:58:04.575+0200: 81456.766: Total time for which application threads were stopped: 0.0002674 seconds, Stopping threads took: 0.0001214 seconds
2021-08-13T10:58:04.576+0200: 81456.767: Total time for which application threads were stopped: 0.0003283 seconds, Stopping threads took: 0.0001472 seconds
2021-08-13T10:58:04.577+0200: 81456.767: Total time for which application threads were stopped: 0.0002214 seconds, Stopping threads took: 0.0001042 seconds
2021-08-13T10:58:04.578+0200: 81456.769: Total time for which application threads were stopped: 0.0002518 seconds, Stopping threads took: 0.0000643 seconds
2021-08-13T10:58:05.477+0200: 81457.668: Total time for which application threads were stopped: 0.0004805 seconds, Stopping threads took: 0.0001474 seconds
2021-08-13T10:58:05.479+0200: 81457.670: Total time for which application threads were stopped: 0.0007195 seconds, Stopping threads took: 0.0000596 seconds
2021-08-13T10:58:05.480+0200: 81457.671: Total time for which application threads were stopped: 0.0004804 seconds, Stopping threads took: 0.0002916 seconds
2021-08-13T10:58:55.042+0200: 81507.233: Total time for which application threads were stopped: 0.0008110 seconds, Stopping threads took: 0.0002739 seconds
2021-08-13T10:58:56.043+0200: 81508.234: Total time for which application threads were stopped: 0.0004717 seconds, Stopping threads took: 0.0001077 seconds
2021-08-13T10:59:02.044+0200: 81514.235: Total time for which application threads were stopped: 0.0004927 seconds, Stopping threads took: 0.0001076 seconds
2021-08-13T10:59:56.055+0200: 81568.245: Total time for which application threads were stopped: 0.0005091 seconds, Stopping threads took: 0.0000817 seconds
2021-08-13T11:00:06.057+0200: 81578.247: Total time for which application threads were stopped: 0.0004017 seconds, Stopping threads took: 0.0000823 seconds
2021-08-13T11:02:55.128+0200: 81747.318: Total time for which application threads were stopped: 0.0006509 seconds, Stopping threads took: 0.0002938 seconds
2021-08-13T11:03:56.138+0200: 81808.329: Total time for which application threads were stopped: 0.0003382 seconds, Stopping threads took: 0.0000691 seconds
2021-08-13T11:07:55.210+0200: 82047.401: Total time for which application threads were stopped: 0.0004562 seconds, Stopping threads took: 0.0000721 seconds
2021-08-13T11:09:56.230+0200: 82168.421: Total time for which application threads were stopped: 0.0004876 seconds, Stopping threads took: 0.0001232 seconds
2021-08-13T11:12:55.305+0200: 82347.495: Total time for which application threads were stopped: 0.0008229 seconds, Stopping threads took: 0.0001923 seconds
2021-08-13T11:17:55.398+0200: 82647.589: Total time for which application threads were stopped: 0.0006037 seconds, Stopping threads took: 0.0001255 seconds
2021-08-13T11:20:56.430+0200: 82828.620: Total time for which application threads were stopped: 0.0005166 seconds, Stopping threads took: 0.0001139 seconds
2021-08-13T11:22:55.503+0200: 82947.694: Total time for which application threads were stopped: 0.0004513 seconds, Stopping threads took: 0.0001219 seconds
2021-08-13T11:24:56.525+0200: 83068.715: Total time for which application threads were stopped: 0.0014960 seconds, Stopping threads took: 0.0003574 seconds
2021-08-13T11:27:55.602+0200: 83247.793: Total time for which application threads were stopped: 0.0005107 seconds, Stopping threads took: 0.0000884 seconds
2021-08-13T11:32:55.691+0200: 83547.882: Total time for which application threads were stopped: 0.0004867 seconds, Stopping threads took: 0.0001136 seconds
2021-08-13T11:37:55.784+0200: 83847.975: Total time for which application threads were stopped: 0.0013693 seconds, Stopping threads took: 0.0003369 seconds
2021-08-13T11:41:56.826+0200: 84089.016: Total time for which application threads were stopped: 0.0004530 seconds, Stopping threads took: 0.0001009 seconds
2021-08-13T11:42:55.882+0200: 84148.073: Total time for which application threads were stopped: 0.0007061 seconds, Stopping threads took: 0.0001616 seconds
2021-08-13T11:47:55.961+0200: 84448.152: Total time for which application threads were stopped: 0.0003277 seconds, Stopping threads took: 0.0000602 seconds
2021-08-13T11:52:56.061+0200: 84748.251: Total time for which application threads were stopped: 0.0013896 seconds, Stopping threads took: 0.0003007 seconds
2021-08-13T11:57:56.155+0200: 85048.346: Total time for which application threads were stopped: 0.0024415 seconds, Stopping threads took: 0.0001529 seconds
2021-08-13T11:57:56.161+0200: 85048.351: Total time for which application threads were stopped: 0.0009432 seconds, Stopping threads took: 0.0006211 seconds
2021-08-13T12:02:56.253+0200: 85348.444: Total time for which application threads were stopped: 0.0014409 seconds, Stopping threads took: 0.0003208 seconds
2021-08-13T12:07:56.352+0200: 85648.542: Total time for which application threads were stopped: 0.0004717 seconds, Stopping threads took: 0.0001069 seconds
2021-08-13T12:12:56.431+0200: 85948.622: Total time for which application threads were stopped: 0.0004583 seconds, Stopping threads took: 0.0001128 seconds
2021-08-13T12:17:56.533+0200: 86248.723: Total time for which application threads were stopped: 0.0013781 seconds, Stopping threads took: 0.0002935 seconds
2021-08-13T12:19:57.552+0200: 86369.742: Total time for which application threads were stopped: 0.0004315 seconds, Stopping threads took: 0.0000973 seconds
2021-08-13T12:21:57.572+0200: 86489.763: Total time for which application threads were stopped: 0.0004493 seconds, Stopping threads took: 0.0001217 seconds
2021-08-13T12:22:56.634+0200: 86548.825: Total time for which application threads were stopped: 0.0003771 seconds, Stopping threads took: 0.0000846 seconds
2021-08-13T12:27:56.714+0200: 86848.905: Total time for which application threads were stopped: 0.0006723 seconds, Stopping threads took: 0.0001025 seconds
2021-08-13T12:32:56.814+0200: 87149.005: Total time for which application threads were stopped: 0.0022400 seconds, Stopping threads took: 0.0002958 seconds
2021-08-13T12:33:56.832+0200: 87209.022: Total time for which application threads were stopped: 0.0005002 seconds, Stopping threads took: 0.0001127 seconds
2021-08-13T12:37:56.894+0200: 87449.085: Total time for which application threads were stopped: 0.0003663 seconds, Stopping threads took: 0.0000697 seconds
2021-08-13T12:42:56.985+0200: 87749.176: Total time for which application threads were stopped: 0.0016016 seconds, Stopping threads took: 0.0003057 seconds
2021-08-13T12:47:57.070+0200: 88049.260: Total time for which application threads were stopped: 0.0006003 seconds, Stopping threads took: 0.0001517 seconds
{Heap before GC invocations=12 (full 0):
 garbage-first heap   total 524288K, used 339502K [0x00000000e0000000, 0x00000000e0101000, 0x0000000100000000)
  region size 1024K, 307 young (314368K), 23 survivors (23552K)
 Metaspace       used 59242K, capacity 62060K, committed 62360K, reserved 1103872K
  class space    used 7238K, capacity 7782K, committed 7832K, reserved 1048576K
2021-08-13T12:51:01.225+0200: 88233.416: [GC pause (G1 Evacuation Pause) (young)
Desired survivor size 20447232 bytes, new threshold 15 (max 15)
- age   1:     514720 bytes,     514720 total
- age   2:    1656016 bytes,    2170736 total
- age   3:    9129352 bytes,   11300088 total
- age   4:    6887096 bytes,   18187184 total
, 0.0493367 secs]
   [Parallel Time: 30.4 ms, GC Workers: 8]
      [GC Worker Start (ms): Min: 88233417.6, Avg: 88233418.0, Max: 88233418.6, Diff: 1.0]
      [Ext Root Scanning (ms): Min: 0.7, Avg: 3.5, Max: 16.2, Diff: 15.5, Sum: 28.1]
      [Update RS (ms): Min: 0.0, Avg: 2.0, Max: 2.6, Diff: 2.6, Sum: 16.2]
         [Processed Buffers: Min: 0, Avg: 4.0, Max: 13, Diff: 13, Sum: 32]
      [Scan RS (ms): Min: 0.0, Avg: 0.1, Max: 0.1, Diff: 0.1, Sum: 0.5]
      [Code Root Scanning (ms): Min: 0.0, Avg: 2.2, Max: 4.1, Diff: 4.1, Sum: 17.5]
      [Object Copy (ms): Min: 13.4, Avg: 21.4, Max: 25.2, Diff: 11.8, Sum: 171.6]
      [Termination (ms): Min: 0.0, Avg: 0.3, Max: 0.4, Diff: 0.4, Sum: 2.6]
         [Termination Attempts: Min: 1, Avg: 1.8, Max: 4, Diff: 3, Sum: 14]
      [GC Worker Other (ms): Min: 0.1, Avg: 0.1, Max: 0.1, Diff: 0.1, Sum: 0.9]
      [GC Worker Total (ms): Min: 29.1, Avg: 29.7, Max: 30.1, Diff: 1.0, Sum: 237.4]
      [GC Worker End (ms): Min: 88233447.7, Avg: 88233447.7, Max: 88233447.7, Diff: 0.0]
   [Code Root Fixup: 0.5 ms]
   [Code Root Purge: 0.0 ms]
   [Clear CT: 0.5 ms]
   [Other: 17.9 ms]
      [Choose CSet: 0.0 ms]
      [Ref Proc: 14.3 ms]
      [Ref Enq: 0.5 ms]
      [Redirty Cards: 0.3 ms]
      [Humongous Register: 1.0 ms]
      [Humongous Reclaim: 0.0 ms]
      [Free CSet: 1.0 ms]
   [Eden: 284.0M(284.0M)->0.0B(277.0M) Survivors: 23552.0K->30720.0K Heap: 331.5M(512.0M)->55854.3K(512.0M)]
Heap after GC invocations=13 (full 0):
 garbage-first heap   total 524288K, used 55854K [0x00000000e0000000, 0x00000000e0101000, 0x0000000100000000)
  region size 1024K, 30 young (30720K), 30 survivors (30720K)
 Metaspace       used 59242K, capacity 62060K, committed 62360K, reserved 1103872K
  class space    used 7238K, capacity 7782K, committed 7832K, reserved 1048576K
}
 [Times: user=0.32 sys=0.00, real=0.05 secs] 
2021-08-13T12:51:01.275+0200: 88233.465: Total time for which application threads were stopped: 0.0500402 seconds, Stopping threads took: 0.0000618 seconds
2021-08-13T12:51:01.276+0200: 88233.466: Total time for which application threads were stopped: 0.0003372 seconds, Stopping threads took: 0.0001413 seconds
2021-08-13T12:52:57.143+0200: 88349.333: Total time for which application threads were stopped: 0.0002776 seconds, Stopping threads took: 0.0000543 seconds
2021-08-13T12:57:57.234+0200: 88649.424: Total time for which application threads were stopped: 0.0014680 seconds, Stopping threads took: 0.0003029 seconds
2021-08-13T13:02:57.312+0200: 88949.503: Total time for which application threads were stopped: 0.0004806 seconds, Stopping threads took: 0.0001104 seconds
2021-08-13T13:07:57.383+0200: 89249.574: Total time for which application threads were stopped: 0.0004726 seconds, Stopping threads took: 0.0000871 seconds
2021-08-13T13:12:57.492+0200: 89549.683: Total time for which application threads were stopped: 0.0012009 seconds, Stopping threads took: 0.0002899 seconds
2021-08-13T13:17:57.571+0200: 89849.762: Total time for which application threads were stopped: 0.0004172 seconds, Stopping threads took: 0.0000933 seconds
2021-08-13T13:22:57.669+0200: 90149.859: Total time for which application threads were stopped: 0.0014081 seconds, Stopping threads took: 0.0002826 seconds
2021-08-13T13:26:57.705+0200: 90389.896: Total time for which application threads were stopped: 0.0005797 seconds, Stopping threads took: 0.0001170 seconds
2021-08-13T13:27:57.762+0200: 90449.952: Total time for which application threads were stopped: 0.0005037 seconds, Stopping threads took: 0.0001285 seconds
2021-08-13T13:32:57.833+0200: 90750.024: Total time for which application threads were stopped: 0.0003145 seconds, Stopping threads took: 0.0000584 seconds
2021-08-13T13:36:15.865+0200: 90948.056: Total time for which application threads were stopped: 0.0009056 seconds, Stopping threads took: 0.0001645 seconds
2021-08-13T13:37:57.924+0200: 91050.115: Total time for which application threads were stopped: 0.0031026 seconds, Stopping threads took: 0.0002984 seconds
2021-08-13T13:37:57.929+0200: 91050.120: Total time for which application threads were stopped: 0.0002158 seconds, Stopping threads took: 0.0000309 seconds
2021-08-13T13:42:58.021+0200: 91350.211: Total time for which application threads were stopped: 0.0005174 seconds, Stopping threads took: 0.0001318 seconds
2021-08-13T13:47:58.100+0200: 91650.290: Total time for which application threads were stopped: 0.0004329 seconds, Stopping threads took: 0.0000969 seconds
2021-08-13T13:52:58.207+0200: 91950.398: Total time for which application threads were stopped: 0.0014401 seconds, Stopping threads took: 0.0003226 seconds
2021-08-13T13:57:58.292+0200: 92250.483: Total time for which application threads were stopped: 0.0004944 seconds, Stopping threads took: 0.0001140 seconds
2021-08-13T14:02:58.383+0200: 92550.574: Total time for which application threads were stopped: 0.0011388 seconds, Stopping threads took: 0.0002736 seconds
2021-08-13T14:07:58.494+0200: 92850.684: Total time for which application threads were stopped: 0.0015562 seconds, Stopping threads took: 0.0000961 seconds
2021-08-13T14:08:58.510+0200: 92910.701: Total time for which application threads were stopped: 0.0008007 seconds, Stopping threads took: 0.0001954 seconds
2021-08-13T14:12:58.576+0200: 93150.766: Total time for which application threads were stopped: 0.0004264 seconds, Stopping threads took: 0.0000736 seconds
2021-08-13T14:17:58.678+0200: 93450.868: Total time for which application threads were stopped: 0.0014936 seconds, Stopping threads took: 0.0003060 seconds
2021-08-13T14:22:58.791+0200: 93750.981: Total time for which application threads were stopped: 0.0006937 seconds, Stopping threads took: 0.0003177 seconds
2021-08-13T14:27:58.876+0200: 94051.066: Total time for which application threads were stopped: 0.0008852 seconds, Stopping threads took: 0.0001279 seconds
2021-08-13T14:32:58.977+0200: 94351.168: Total time for which application threads were stopped: 0.0012584 seconds, Stopping threads took: 0.0003192 seconds
2021-08-13T14:37:59.060+0200: 94651.251: Total time for which application threads were stopped: 0.0004696 seconds, Stopping threads took: 0.0001031 seconds
2021-08-13T14:42:59.169+0200: 94951.360: Total time for which application threads were stopped: 0.0012079 seconds, Stopping threads took: 0.0002375 seconds
2021-08-13T14:47:59.254+0200: 95251.445: Total time for which application threads were stopped: 0.0004694 seconds, Stopping threads took: 0.0001067 seconds
2021-08-13T14:52:00.295+0200: 95492.486: Total time for which application threads were stopped: 0.0014103 seconds, Stopping threads took: 0.0004096 seconds
2021-08-13T14:52:59.350+0200: 95551.541: Total time for which application threads were stopped: 0.0006983 seconds, Stopping threads took: 0.0001032 seconds
2021-08-13T14:57:59.445+0200: 95851.636: Total time for which application threads were stopped: 0.0005347 seconds, Stopping threads took: 0.0001604 seconds
2021-08-13T15:02:59.537+0200: 96151.728: Total time for which application threads were stopped: 0.0006347 seconds, Stopping threads took: 0.0000815 seconds
2021-08-13T15:07:59.645+0200: 96451.836: Total time for which application threads were stopped: 0.0014422 seconds, Stopping threads took: 0.0003513 seconds
2021-08-13T15:12:00.682+0200: 96692.873: Total time for which application threads were stopped: 0.0003844 seconds, Stopping threads took: 0.0000903 seconds
2021-08-13T15:12:59.732+0200: 96751.923: Total time for which application threads were stopped: 0.0003531 seconds, Stopping threads took: 0.0000739 seconds
2021-08-13T15:17:59.833+0200: 97052.024: Total time for which application threads were stopped: 0.0033140 seconds, Stopping threads took: 0.0003506 seconds
2021-08-13T15:17:59.838+0200: 97052.029: Total time for which application threads were stopped: 0.0004090 seconds, Stopping threads took: 0.0000453 seconds
2021-08-13T15:22:59.950+0200: 97352.141: Total time for which application threads were stopped: 0.0007713 seconds, Stopping threads took: 0.0001478 seconds
2021-08-13T15:28:00.031+0200: 97652.222: Total time for which application threads were stopped: 0.0004545 seconds, Stopping threads took: 0.0000987 seconds
2021-08-13T15:33:00.134+0200: 97952.325: Total time for which application threads were stopped: 0.0014573 seconds, Stopping threads took: 0.0002986 seconds
2021-08-13T15:38:00.222+0200: 98252.412: Total time for which application threads were stopped: 0.0005397 seconds, Stopping threads took: 0.0001420 seconds
2021-08-13T15:42:01.269+0200: 98493.459: Total time for which application threads were stopped: 0.0004491 seconds, Stopping threads took: 0.0000989 seconds
2021-08-13T15:43:00.312+0200: 98552.503: Total time for which application threads were stopped: 0.0026469 seconds, Stopping threads took: 0.0004357 seconds
2021-08-13T15:44:00.332+0200: 98612.522: Total time for which application threads were stopped: 0.0006351 seconds, Stopping threads took: 0.0001034 seconds
2021-08-13T15:46:35.356+0200: 98767.547: Total time for which application threads were stopped: 0.0004340 seconds, Stopping threads took: 0.0001132 seconds
2021-08-13T15:47:01.360+0200: 98793.551: Total time for which application threads were stopped: 0.0003960 seconds, Stopping threads took: 0.0000844 seconds
2021-08-13T15:47:35.366+0200: 98827.557: Total time for which application threads were stopped: 0.0002931 seconds, Stopping threads took: 0.0000656 seconds
2021-08-13T15:48:00.414+0200: 98852.605: Total time for which application threads were stopped: 0.0004263 seconds, Stopping threads took: 0.0001131 seconds
2021-08-13T15:51:01.443+0200: 99033.634: Total time for which application threads were stopped: 0.0004358 seconds, Stopping threads took: 0.0001121 seconds
2021-08-13T15:53:00.497+0200: 99152.687: Total time for which application threads were stopped: 0.0005721 seconds, Stopping threads took: 0.0001508 seconds
2021-08-13T15:58:00.594+0200: 99452.785: Total time for which application threads were stopped: 0.0013373 seconds, Stopping threads took: 0.0003223 seconds
2021-08-13T16:03:00.686+0200: 99752.876: Total time for which application threads were stopped: 0.0005841 seconds, Stopping threads took: 0.0001481 seconds
2021-08-13T16:10:00.790+0200: 100172.981: Total time for which application threads were stopped: 0.0007410 seconds, Stopping threads took: 0.0001502 seconds
2021-08-13T16:13:00.861+0200: 100353.052: Total time for which application threads were stopped: 0.0011995 seconds, Stopping threads took: 0.0002571 seconds
2021-08-13T16:18:00.947+0200: 100653.138: Total time for which application threads were stopped: 0.0005822 seconds, Stopping threads took: 0.0001122 seconds
2021-08-13T16:23:01.051+0200: 100953.242: Total time for which application threads were stopped: 0.0009694 seconds, Stopping threads took: 0.0002252 seconds
2021-08-13T16:27:02.088+0200: 101194.279: Total time for which application threads were stopped: 0.0006855 seconds, Stopping threads took: 0.0001376 seconds
2021-08-13T16:28:01.146+0200: 101253.337: Total time for which application threads were stopped: 0.0006548 seconds, Stopping threads took: 0.0001730 seconds
2021-08-13T16:33:01.225+0200: 101553.416: Total time for which application threads were stopped: 0.0005584 seconds, Stopping threads took: 0.0001754 seconds
2021-08-13T16:38:01.328+0200: 101853.518: Total time for which application threads were stopped: 0.0015569 seconds, Stopping threads took: 0.0003569 seconds
2021-08-13T16:43:01.419+0200: 102153.610: Total time for which application threads were stopped: 0.0006720 seconds, Stopping threads took: 0.0002847 seconds
2021-08-13T16:44:02.429+0200: 102214.620: Total time for which application threads were stopped: 0.0004233 seconds, Stopping threads took: 0.0000836 seconds
2021-08-13T16:48:01.501+0200: 102453.692: Total time for which application threads were stopped: 0.0004834 seconds, Stopping threads took: 0.0000981 seconds
2021-08-13T16:53:01.606+0200: 102753.797: Total time for which application threads were stopped: 0.0015423 seconds, Stopping threads took: 0.0003731 seconds
2021-08-13T16:58:01.690+0200: 103053.881: Total time for which application threads were stopped: 0.0020793 seconds, Stopping threads took: 0.0001516 seconds
2021-08-13T16:58:01.694+0200: 103053.885: Total time for which application threads were stopped: 0.0002998 seconds, Stopping threads took: 0.0000455 seconds
2021-08-13T17:03:01.773+0200: 103353.963: Total time for which application threads were stopped: 0.0004151 seconds, Stopping threads took: 0.0000911 seconds
2021-08-13T17:08:01.878+0200: 103654.069: Total time for which application threads were stopped: 0.0015870 seconds, Stopping threads took: 0.0003516 seconds
2021-08-13T17:13:01.963+0200: 103954.154: Total time for which application threads were stopped: 0.0004615 seconds, Stopping threads took: 0.0001100 seconds
2021-08-13T17:18:02.057+0200: 104254.248: Total time for which application threads were stopped: 0.0026418 seconds, Stopping threads took: 0.0003332 seconds
2021-08-13T17:19:02.078+0200: 104314.269: Total time for which application threads were stopped: 0.0007035 seconds, Stopping threads took: 0.0001815 seconds
2021-08-13T17:23:02.167+0200: 104554.357: Total time for which application threads were stopped: 0.0005315 seconds, Stopping threads took: 0.0001150 seconds
2021-08-13T17:28:02.252+0200: 104854.443: Total time for which application threads were stopped: 0.0005721 seconds, Stopping threads took: 0.0002370 seconds
2021-08-13T17:33:02.356+0200: 105154.546: Total time for which application threads were stopped: 0.0015836 seconds, Stopping threads took: 0.0004507 seconds
2021-08-13T17:38:02.445+0200: 105454.636: Total time for which application threads were stopped: 0.0005821 seconds, Stopping threads took: 0.0001520 seconds
2021-08-13T17:42:02.527+0200: 105694.717: Total time for which application threads were stopped: 0.0014702 seconds, Stopping threads took: 0.0003468 seconds
2021-08-13T17:47:02.629+0200: 105994.820: Total time for which application threads were stopped: 0.0006760 seconds, Stopping threads took: 0.0001859 seconds
2021-08-13T17:52:02.711+0200: 106294.901: Total time for which application threads were stopped: 0.0004601 seconds, Stopping threads took: 0.0001056 seconds
2021-08-13T17:57:02.817+0200: 106595.008: Total time for which application threads were stopped: 0.0014878 seconds, Stopping threads took: 0.0003304 seconds
2021-08-13T18:02:02.905+0200: 106895.096: Total time for which application threads were stopped: 0.0007716 seconds, Stopping threads took: 0.0001164 seconds
2021-08-13T18:07:03.005+0200: 107195.196: Total time for which application threads were stopped: 0.0015142 seconds, Stopping threads took: 0.0003287 seconds
2021-08-13T18:12:03.096+0200: 107495.287: Total time for which application threads were stopped: 0.0005393 seconds, Stopping threads took: 0.0001209 seconds
2021-08-13T18:17:03.177+0200: 107795.368: Total time for which application threads were stopped: 0.0003878 seconds, Stopping threads took: 0.0000714 seconds
2021-08-13T18:22:03.292+0200: 108095.483: Total time for which application threads were stopped: 0.0011638 seconds, Stopping threads took: 0.0003230 seconds
2021-08-13T18:26:36.342+0200: 108368.532: Total time for which application threads were stopped: 0.0005072 seconds, Stopping threads took: 0.0001049 seconds
2021-08-13T18:27:03.374+0200: 108395.565: Total time for which application threads were stopped: 0.0004278 seconds, Stopping threads took: 0.0002082 seconds
2021-08-13T18:32:03.459+0200: 108695.650: Total time for which application threads were stopped: 0.0014477 seconds, Stopping threads took: 0.0003836 seconds
2021-08-13T18:37:03.556+0200: 108995.747: Total time for which application threads were stopped: 0.0025311 seconds, Stopping threads took: 0.0002954 seconds
2021-08-13T18:37:03.560+0200: 108995.751: Total time for which application threads were stopped: 0.0004122 seconds, Stopping threads took: 0.0001655 seconds
2021-08-13T18:40:32.596+0200: 109204.787: Total time for which application threads were stopped: 0.0005983 seconds, Stopping threads took: 0.0001896 seconds
2021-08-13T18:41:03.602+0200: 109235.793: Total time for which application threads were stopped: 0.0009623 seconds, Stopping threads took: 0.0001329 seconds
2021-08-13T18:42:03.655+0200: 109295.846: Total time for which application threads were stopped: 0.0010182 seconds, Stopping threads took: 0.0003495 seconds
2021-08-13T18:47:03.748+0200: 109595.939: Total time for which application threads were stopped: 0.0006954 seconds, Stopping threads took: 0.0001505 seconds
2021-08-13T18:48:44.765+0200: 109696.956: Total time for which application threads were stopped: 0.0003445 seconds, Stopping threads took: 0.0000873 seconds
2021-08-13T18:48:45.092+0200: 109697.283: Total time for which application threads were stopped: 0.0017108 seconds, Stopping threads took: 0.0003415 seconds
2021-08-13T18:52:03.128+0200: 109895.319: Total time for which application threads were stopped: 0.0003732 seconds, Stopping threads took: 0.0000803 seconds
2021-08-13T18:52:03.825+0200: 109896.015: Total time for which application threads were stopped: 0.0004911 seconds, Stopping threads took: 0.0002006 seconds
2021-08-13T18:57:03.932+0200: 110196.123: Total time for which application threads were stopped: 0.0032012 seconds, Stopping threads took: 0.0019897 seconds
2021-08-13T19:02:04.020+0200: 110496.211: Total time for which application threads were stopped: 0.0006122 seconds, Stopping threads took: 0.0001731 seconds
2021-08-13T19:07:04.114+0200: 110796.305: Total time for which application threads were stopped: 0.0015784 seconds, Stopping threads took: 0.0003223 seconds
2021-08-13T19:12:04.202+0200: 111096.393: Total time for which application threads were stopped: 0.0005741 seconds, Stopping threads took: 0.0001233 seconds
2021-08-13T19:17:04.279+0200: 111396.470: Total time for which application threads were stopped: 0.0004626 seconds, Stopping threads took: 0.0000998 seconds
2021-08-13T19:22:04.398+0200: 111696.589: Total time for which application threads were stopped: 0.0010675 seconds, Stopping threads took: 0.0002300 seconds
2021-08-13T19:27:04.474+0200: 111996.665: Total time for which application threads were stopped: 0.0004108 seconds, Stopping threads took: 0.0000651 seconds
2021-08-13T19:32:04.576+0200: 112296.767: Total time for which application threads were stopped: 0.0014696 seconds, Stopping threads took: 0.0003535 seconds
2021-08-13T19:37:04.665+0200: 112596.855: Total time for which application threads were stopped: 0.0005568 seconds, Stopping threads took: 0.0001249 seconds
2021-08-13T19:42:04.745+0200: 112896.936: Total time for which application threads were stopped: 0.0006053 seconds, Stopping threads took: 0.0001282 seconds
2021-08-13T19:47:04.852+0200: 113197.043: Total time for which application threads were stopped: 0.0013459 seconds, Stopping threads took: 0.0003059 seconds
2021-08-13T19:52:04.935+0200: 113497.125: Total time for which application threads were stopped: 0.0005183 seconds, Stopping threads took: 0.0001239 seconds
2021-08-13T19:57:05.015+0200: 113797.205: Total time for which application threads were stopped: 0.0004428 seconds, Stopping threads took: 0.0001271 seconds
2021-08-13T19:57:06.015+0200: 113798.206: Total time for which application threads were stopped: 0.0004010 seconds, Stopping threads took: 0.0000810 seconds
2021-08-13T19:58:06.026+0200: 113858.217: Total time for which application threads were stopped: 0.0009923 seconds, Stopping threads took: 0.0002031 seconds
2021-08-13T20:02:05.118+0200: 114097.309: Total time for which application threads were stopped: 0.0011831 seconds, Stopping threads took: 0.0003268 seconds
2021-08-13T20:07:05.201+0200: 114397.392: Total time for which application threads were stopped: 0.0005100 seconds, Stopping threads took: 0.0001193 seconds
2021-08-13T20:12:05.288+0200: 114697.478: Total time for which application threads were stopped: 0.0022863 seconds, Stopping threads took: 0.0002304 seconds
2021-08-13T20:12:05.292+0200: 114697.482: Total time for which application threads were stopped: 0.0002319 seconds, Stopping threads took: 0.0000318 seconds
2021-08-13T20:17:05.380+0200: 114997.570: Total time for which application threads were stopped: 0.0005673 seconds, Stopping threads took: 0.0001563 seconds
2021-08-13T20:22:05.486+0200: 115297.677: Total time for which application threads were stopped: 0.0005745 seconds, Stopping threads took: 0.0002601 seconds
2021-08-13T20:24:06.509+0200: 115418.699: Total time for which application threads were stopped: 0.0015424 seconds, Stopping threads took: 0.0004373 seconds
2021-08-13T20:27:05.587+0200: 115597.778: Total time for which application threads were stopped: 0.0016191 seconds, Stopping threads took: 0.0001876 seconds
2021-08-13T20:28:05.606+0200: 115657.797: Total time for which application threads were stopped: 0.0005944 seconds, Stopping threads took: 0.0001461 seconds
2021-08-13T20:32:05.675+0200: 115897.865: Total time for which application threads were stopped: 0.0005586 seconds, Stopping threads took: 0.0001197 seconds
2021-08-13T20:37:05.755+0200: 116197.946: Total time for which application threads were stopped: 0.0004757 seconds, Stopping threads took: 0.0001135 seconds
2021-08-13T20:37:45.762+0200: 116237.953: Total time for which application threads were stopped: 0.0009145 seconds, Stopping threads took: 0.0002525 seconds
2021-08-13T20:37:45.817+0200: 116238.008: Total time for which application threads were stopped: 0.0003477 seconds, Stopping threads took: 0.0000797 seconds
2021-08-13T20:37:45.817+0200: 116238.008: Total time for which application threads were stopped: 0.0003255 seconds, Stopping threads took: 0.0001685 seconds
2021-08-13T20:37:46.071+0200: 116238.262: Total time for which application threads were stopped: 0.0003525 seconds, Stopping threads took: 0.0001007 seconds
2021-08-13T20:37:46.072+0200: 116238.263: Total time for which application threads were stopped: 0.0001557 seconds, Stopping threads took: 0.0000510 seconds
2021-08-13T20:37:46.072+0200: 116238.263: Total time for which application threads were stopped: 0.0001701 seconds, Stopping threads took: 0.0000826 seconds
2021-08-13T20:37:46.073+0200: 116238.264: Total time for which application threads were stopped: 0.0003361 seconds, Stopping threads took: 0.0002519 seconds
2021-08-13T20:37:46.073+0200: 116238.264: Total time for which application threads were stopped: 0.0001459 seconds, Stopping threads took: 0.0000634 seconds
2021-08-13T20:37:46.073+0200: 116238.264: Total time for which application threads were stopped: 0.0001651 seconds, Stopping threads took: 0.0000807 seconds
2021-08-13T20:37:46.074+0200: 116238.265: Total time for which application threads were stopped: 0.0002755 seconds, Stopping threads took: 0.0001528 seconds
2021-08-13T20:37:46.074+0200: 116238.265: Total time for which application threads were stopped: 0.0001274 seconds, Stopping threads took: 0.0000453 seconds
2021-08-13T20:37:46.075+0200: 116238.266: Total time for which application threads were stopped: 0.0001952 seconds, Stopping threads took: 0.0000983 seconds
2021-08-13T20:37:46.075+0200: 116238.266: Total time for which application threads were stopped: 0.0001452 seconds, Stopping threads took: 0.0000467 seconds
2021-08-13T20:37:46.111+0200: 116238.302: Total time for which application threads were stopped: 0.0008644 seconds, Stopping threads took: 0.0006347 seconds
2021-08-13T20:37:46.115+0200: 116238.306: Total time for which application threads were stopped: 0.0002269 seconds, Stopping threads took: 0.0000927 seconds
2021-08-13T20:37:46.119+0200: 116238.310: Total time for which application threads were stopped: 0.0002630 seconds, Stopping threads took: 0.0001063 seconds
2021-08-13T20:37:46.151+0200: 116238.341: Total time for which application threads were stopped: 0.0006058 seconds, Stopping threads took: 0.0001812 seconds
2021-08-13T20:37:46.161+0200: 116238.351: Total time for which application threads were stopped: 0.0004057 seconds, Stopping threads took: 0.0001590 seconds
2021-08-13T20:37:46.163+0200: 116238.354: Total time for which application threads were stopped: 0.0015796 seconds, Stopping threads took: 0.0014027 seconds
2021-08-13T20:37:46.164+0200: 116238.355: Total time for which application threads were stopped: 0.0005161 seconds, Stopping threads took: 0.0003684 seconds
2021-08-13T20:37:46.164+0200: 116238.355: Total time for which application threads were stopped: 0.0001411 seconds, Stopping threads took: 0.0000411 seconds
2021-08-13T20:37:46.165+0200: 116238.356: Total time for which application threads were stopped: 0.0001648 seconds, Stopping threads took: 0.0000545 seconds
2021-08-13T20:37:46.165+0200: 116238.356: Total time for which application threads were stopped: 0.0001281 seconds, Stopping threads took: 0.0000374 seconds
2021-08-13T20:37:46.166+0200: 116238.356: Total time for which application threads were stopped: 0.0001882 seconds, Stopping threads took: 0.0000369 seconds
2021-08-13T20:37:46.166+0200: 116238.357: Total time for which application threads were stopped: 0.0001803 seconds, Stopping threads took: 0.0000845 seconds
2021-08-13T20:37:46.178+0200: 116238.369: Total time for which application threads were stopped: 0.0053431 seconds, Stopping threads took: 0.0051401 seconds
2021-08-13T20:37:46.179+0200: 116238.369: Total time for which application threads were stopped: 0.0001178 seconds, Stopping threads took: 0.0000228 seconds
2021-08-13T20:37:46.179+0200: 116238.369: Total time for which application threads were stopped: 0.0001009 seconds, Stopping threads took: 0.0000168 seconds
2021-08-13T20:37:46.179+0200: 116238.370: Total time for which application threads were stopped: 0.0001184 seconds, Stopping threads took: 0.0000210 seconds
2021-08-13T20:37:46.186+0200: 116238.376: Total time for which application threads were stopped: 0.0058439 seconds, Stopping threads took: 0.0055868 seconds
2021-08-13T20:37:46.186+0200: 116238.377: Total time for which application threads were stopped: 0.0002173 seconds, Stopping threads took: 0.0001172 seconds
2021-08-13T20:37:46.187+0200: 116238.378: Total time for which application threads were stopped: 0.0001534 seconds, Stopping threads took: 0.0000534 seconds
2021-08-13T20:37:46.187+0200: 116238.378: Total time for which application threads were stopped: 0.0001221 seconds, Stopping threads took: 0.0000354 seconds
2021-08-13T20:37:46.188+0200: 116238.378: Total time for which application threads were stopped: 0.0000865 seconds, Stopping threads took: 0.0000173 seconds
2021-08-13T20:37:46.188+0200: 116238.378: Total time for which application threads were stopped: 0.0000741 seconds, Stopping threads took: 0.0000153 seconds
2021-08-13T20:37:46.213+0200: 116238.403: Total time for which application threads were stopped: 0.0002451 seconds, Stopping threads took: 0.0000566 seconds
2021-08-13T20:37:46.213+0200: 116238.404: Total time for which application threads were stopped: 0.0001140 seconds, Stopping threads took: 0.0000356 seconds
2021-08-13T20:37:46.213+0200: 116238.404: Total time for which application threads were stopped: 0.0001335 seconds, Stopping threads took: 0.0000556 seconds
2021-08-13T20:37:46.213+0200: 116238.404: Total time for which application threads were stopped: 0.0001127 seconds, Stopping threads took: 0.0000373 seconds
2021-08-13T20:37:46.214+0200: 116238.404: Total time for which application threads were stopped: 0.0001718 seconds, Stopping threads took: 0.0000355 seconds
2021-08-13T20:37:46.214+0200: 116238.405: Total time for which application threads were stopped: 0.0001195 seconds, Stopping threads took: 0.0000373 seconds
2021-08-13T20:37:46.214+0200: 116238.405: Total time for which application threads were stopped: 0.0000960 seconds, Stopping threads took: 0.0000298 seconds
2021-08-13T20:37:46.215+0200: 116238.405: Total time for which application threads were stopped: 0.0000999 seconds, Stopping threads took: 0.0000289 seconds
2021-08-13T20:37:46.216+0200: 116238.406: Total time for which application threads were stopped: 0.0001151 seconds, Stopping threads took: 0.0000364 seconds
2021-08-13T20:37:46.216+0200: 116238.406: Total time for which application threads were stopped: 0.0000954 seconds, Stopping threads took: 0.0000306 seconds
2021-08-13T20:37:46.236+0200: 116238.426: Total time for which application threads were stopped: 0.0003538 seconds, Stopping threads took: 0.0001473 seconds
2021-08-13T20:37:46.237+0200: 116238.427: Total time for which application threads were stopped: 0.0002415 seconds, Stopping threads took: 0.0001272 seconds
2021-08-13T20:37:46.237+0200: 116238.428: Total time for which application threads were stopped: 0.0001821 seconds, Stopping threads took: 0.0000891 seconds
2021-08-13T20:37:46.260+0200: 116238.451: Total time for which application threads were stopped: 0.0002334 seconds, Stopping threads took: 0.0000537 seconds
2021-08-13T20:37:46.260+0200: 116238.451: Total time for which application threads were stopped: 0.0001969 seconds, Stopping threads took: 0.0001212 seconds
2021-08-13T20:37:46.261+0200: 116238.452: Total time for which application threads were stopped: 0.0001349 seconds, Stopping threads took: 0.0000536 seconds
2021-08-13T20:37:46.261+0200: 116238.452: Total time for which application threads were stopped: 0.0003739 seconds, Stopping threads took: 0.0000838 seconds
2021-08-13T20:37:46.262+0200: 116238.453: Total time for which application threads were stopped: 0.0001358 seconds, Stopping threads took: 0.0000533 seconds
2021-08-13T20:37:46.263+0200: 116238.453: Total time for which application threads were stopped: 0.0001848 seconds, Stopping threads took: 0.0000999 seconds
2021-08-13T20:37:46.263+0200: 116238.454: Total time for which application threads were stopped: 0.0001175 seconds, Stopping threads took: 0.0000431 seconds
2021-08-13T20:37:46.263+0200: 116238.454: Total time for which application threads were stopped: 0.0001725 seconds, Stopping threads took: 0.0000966 seconds
2021-08-13T20:37:46.263+0200: 116238.454: Total time for which application threads were stopped: 0.0001051 seconds, Stopping threads took: 0.0000426 seconds
2021-08-13T20:37:46.268+0200: 116238.459: Total time for which application threads were stopped: 0.0001835 seconds, Stopping threads took: 0.0000631 seconds
2021-08-13T20:37:46.553+0200: 116238.744: Total time for which application threads were stopped: 0.0003306 seconds, Stopping threads took: 0.0000814 seconds
2021-08-13T20:37:46.554+0200: 116238.744: Total time for which application threads were stopped: 0.0002403 seconds, Stopping threads took: 0.0000560 seconds
2021-08-13T20:37:46.555+0200: 116238.746: Total time for which application threads were stopped: 0.0004720 seconds, Stopping threads took: 0.0001280 seconds
2021-08-13T20:37:46.556+0200: 116238.747: Total time for which application threads were stopped: 0.0003179 seconds, Stopping threads took: 0.0001524 seconds
2021-08-13T20:37:46.558+0200: 116238.748: Total time for which application threads were stopped: 0.0004390 seconds, Stopping threads took: 0.0001578 seconds
2021-08-13T20:37:46.560+0200: 116238.751: Total time for which application threads were stopped: 0.0003551 seconds, Stopping threads took: 0.0000974 seconds
2021-08-13T20:37:46.562+0200: 116238.753: Total time for which application threads were stopped: 0.0002827 seconds, Stopping threads took: 0.0000894 seconds
2021-08-13T20:37:46.571+0200: 116238.762: Total time for which application threads were stopped: 0.0003617 seconds, Stopping threads took: 0.0001621 seconds
2021-08-13T20:37:46.576+0200: 116238.766: Total time for which application threads were stopped: 0.0004413 seconds, Stopping threads took: 0.0000952 seconds
2021-08-13T20:37:46.576+0200: 116238.767: Total time for which application threads were stopped: 0.0003583 seconds, Stopping threads took: 0.0001377 seconds
2021-08-13T20:37:46.577+0200: 116238.768: Total time for which application threads were stopped: 0.0002345 seconds, Stopping threads took: 0.0001088 seconds
2021-08-13T20:37:46.578+0200: 116238.769: Total time for which application threads were stopped: 0.0002118 seconds, Stopping threads took: 0.0000877 seconds
2021-08-13T20:37:46.578+0200: 116238.769: Total time for which application threads were stopped: 0.0002215 seconds, Stopping threads took: 0.0000858 seconds
2021-08-13T20:37:46.579+0200: 116238.769: Total time for which application threads were stopped: 0.0002355 seconds, Stopping threads took: 0.0000678 seconds
2021-08-13T20:37:46.579+0200: 116238.770: Total time for which application threads were stopped: 0.0002230 seconds, Stopping threads took: 0.0001227 seconds
2021-08-13T20:37:46.580+0200: 116238.770: Total time for which application threads were stopped: 0.0002961 seconds, Stopping threads took: 0.0001194 seconds
2021-08-13T20:37:46.581+0200: 116238.772: Total time for which application threads were stopped: 0.0001770 seconds, Stopping threads took: 0.0000532 seconds
2021-08-13T20:37:47.582+0200: 116239.773: Total time for which application threads were stopped: 0.0004639 seconds, Stopping threads took: 0.0000656 seconds
{Heap before GC invocations=13 (full 0):
 garbage-first heap   total 524288K, used 339502K [0x00000000e0000000, 0x00000000e0101000, 0x0000000100000000)
  region size 1024K, 307 young (314368K), 30 survivors (30720K)
 Metaspace       used 59467K, capacity 62404K, committed 62616K, reserved 1103872K
  class space    used 7246K, capacity 7794K, committed 7832K, reserved 1048576K
2021-08-13T20:38:04.866+0200: 116257.056: [GC pause (G1 Evacuation Pause) (young)
Desired survivor size 20447232 bytes, new threshold 15 (max 15)
- age   1:    8393000 bytes,    8393000 total
- age   2:      22840 bytes,    8415840 total
- age   3:    1077152 bytes,    9492992 total
- age   4:    4054064 bytes,   13547056 total
- age   5:    6856696 bytes,   20403752 total
, 0.0553812 secs]
   [Parallel Time: 36.9 ms, GC Workers: 8]
      [GC Worker Start (ms): Min: 116257057.4, Avg: 116257057.7, Max: 116257058.0, Diff: 0.6]
      [Ext Root Scanning (ms): Min: 0.5, Avg: 2.0, Max: 9.4, Diff: 8.8, Sum: 15.9]
      [Update RS (ms): Min: 0.0, Avg: 1.5, Max: 1.9, Diff: 1.9, Sum: 11.6]
         [Processed Buffers: Min: 0, Avg: 3.9, Max: 15, Diff: 15, Sum: 31]
      [Scan RS (ms): Min: 0.0, Avg: 0.1, Max: 0.1, Diff: 0.1, Sum: 0.5]
      [Code Root Scanning (ms): Min: 0.0, Avg: 1.0, Max: 1.9, Diff: 1.9, Sum: 7.9]
      [Object Copy (ms): Min: 18.6, Avg: 21.9, Max: 30.1, Diff: 11.4, Sum: 175.3]
      [Termination (ms): Min: 0.0, Avg: 8.2, Max: 11.0, Diff: 11.0, Sum: 65.3]
         [Termination Attempts: Min: 1, Avg: 1.0, Max: 1, Diff: 0, Sum: 8]
      [GC Worker Other (ms): Min: 0.0, Avg: 0.1, Max: 0.2, Diff: 0.1, Sum: 0.7]
      [GC Worker Total (ms): Min: 34.3, Avg: 34.6, Max: 34.9, Diff: 0.6, Sum: 277.2]
      [GC Worker End (ms): Min: 116257092.3, Avg: 116257092.3, Max: 116257092.4, Diff: 0.1]
   [Code Root Fixup: 0.2 ms]
   [Code Root Purge: 0.0 ms]
   [Clear CT: 0.8 ms]
   [Other: 17.5 ms]
      [Choose CSet: 0.0 ms]
      [Ref Proc: 13.6 ms]
      [Ref Enq: 0.2 ms]
      [Redirty Cards: 0.2 ms]
      [Humongous Register: 0.7 ms]
      [Humongous Reclaim: 0.0 ms]
      [Free CSet: 2.2 ms]
   [Eden: 277.0M(277.0M)->0.0B(277.0M) Survivors: 30720.0K->30720.0K Heap: 331.5M(512.0M)->56366.3K(512.0M)]
Heap after GC invocations=14 (full 0):
 garbage-first heap   total 524288K, used 56366K [0x00000000e0000000, 0x00000000e0101000, 0x0000000100000000)
  region size 1024K, 30 young (30720K), 30 survivors (30720K)
 Metaspace       used 59467K, capacity 62404K, committed 62616K, reserved 1103872K
  class space    used 7246K, capacity 7794K, committed 7832K, reserved 1048576K
}
 [Times: user=0.32 sys=0.00, real=0.05 secs] 
2021-08-13T20:38:04.921+0200: 116257.112: Total time for which application threads were stopped: 0.0560682 seconds, Stopping threads took: 0.0000875 seconds
2021-08-13T20:38:04.922+0200: 116257.112: Total time for which application threads were stopped: 0.0002599 seconds, Stopping threads took: 0.0000523 seconds
2021-08-13T20:38:04.922+0200: 116257.113: Total time for which application threads were stopped: 0.0002016 seconds, Stopping threads took: 0.0000906 seconds
2021-08-13T20:38:04.923+0200: 116257.113: Total time for which application threads were stopped: 0.0001676 seconds, Stopping threads took: 0.0000978 seconds
2021-08-13T20:38:04.923+0200: 116257.114: Total time for which application threads were stopped: 0.0001189 seconds, Stopping threads took: 0.0000549 seconds
2021-08-13T20:38:04.923+0200: 116257.114: Total time for which application threads were stopped: 0.0001241 seconds, Stopping threads took: 0.0000572 seconds
2021-08-13T20:38:04.923+0200: 116257.114: Total time for which application threads were stopped: 0.0001760 seconds, Stopping threads took: 0.0000957 seconds
2021-08-13T20:38:04.924+0200: 116257.114: Total time for which application threads were stopped: 0.0001191 seconds, Stopping threads took: 0.0000547 seconds
2021-08-13T20:38:05.031+0200: 116257.222: Total time for which application threads were stopped: 0.0005647 seconds, Stopping threads took: 0.0001816 seconds
2021-08-13T20:38:05.033+0200: 116257.224: Total time for which application threads were stopped: 0.0001661 seconds, Stopping threads took: 0.0000298 seconds
2021-08-13T20:38:05.412+0200: 116257.602: Total time for which application threads were stopped: 0.0161941 seconds, Stopping threads took: 0.0080526 seconds
2021-08-13T20:38:05.414+0200: 116257.605: Total time for which application threads were stopped: 0.0003189 seconds, Stopping threads took: 0.0001424 seconds
2021-08-13T20:38:05.414+0200: 116257.605: Total time for which application threads were stopped: 0.0001914 seconds, Stopping threads took: 0.0000864 seconds
2021-08-13T20:38:05.415+0200: 116257.605: Total time for which application threads were stopped: 0.0001336 seconds, Stopping threads took: 0.0000379 seconds
2021-08-13T20:38:05.415+0200: 116257.605: Total time for which application threads were stopped: 0.0001518 seconds, Stopping threads took: 0.0000545 seconds
2021-08-13T20:38:05.415+0200: 116257.606: Total time for which application threads were stopped: 0.0001907 seconds, Stopping threads took: 0.0000943 seconds
2021-08-13T20:38:05.415+0200: 116257.606: Total time for which application threads were stopped: 0.0002010 seconds, Stopping threads took: 0.0000952 seconds
2021-08-13T20:38:05.415+0200: 116257.606: Total time for which application threads were stopped: 0.0001434 seconds, Stopping threads took: 0.0000468 seconds
2021-08-13T20:38:05.440+0200: 116257.631: Total time for which application threads were stopped: 0.0003746 seconds, Stopping threads took: 0.0001081 seconds
2021-08-13T20:38:05.448+0200: 116257.638: Total time for which application threads were stopped: 0.0004479 seconds, Stopping threads took: 0.0001484 seconds
2021-08-13T20:38:05.448+0200: 116257.639: Total time for which application threads were stopped: 0.0001842 seconds, Stopping threads took: 0.0000582 seconds
2021-08-13T20:38:05.469+0200: 116257.660: Total time for which application threads were stopped: 0.0002819 seconds, Stopping threads took: 0.0000634 seconds
2021-08-13T20:38:05.471+0200: 116257.662: Total time for which application threads were stopped: 0.0005212 seconds, Stopping threads took: 0.0004007 seconds
2021-08-13T20:38:05.474+0200: 116257.665: Total time for which application threads were stopped: 0.0002146 seconds, Stopping threads took: 0.0000489 seconds
2021-08-13T20:38:05.474+0200: 116257.665: Total time for which application threads were stopped: 0.0001684 seconds, Stopping threads took: 0.0000846 seconds
2021-08-13T20:38:05.475+0200: 116257.665: Total time for which application threads were stopped: 0.0001356 seconds, Stopping threads took: 0.0000569 seconds
2021-08-13T20:38:05.475+0200: 116257.666: Total time for which application threads were stopped: 0.0003330 seconds, Stopping threads took: 0.0002067 seconds
2021-08-13T20:38:05.475+0200: 116257.666: Total time for which application threads were stopped: 0.0001009 seconds, Stopping threads took: 0.0000281 seconds
2021-08-13T20:38:05.476+0200: 116257.667: Total time for which application threads were stopped: 0.0003586 seconds, Stopping threads took: 0.0002765 seconds
2021-08-13T20:38:05.476+0200: 116257.667: Total time for which application threads were stopped: 0.0001117 seconds, Stopping threads took: 0.0000452 seconds
2021-08-13T20:38:05.476+0200: 116257.667: Total time for which application threads were stopped: 0.0001287 seconds, Stopping threads took: 0.0000576 seconds
2021-08-13T20:38:05.477+0200: 116257.668: Total time for which application threads were stopped: 0.0002815 seconds, Stopping threads took: 0.0001964 seconds
2021-08-13T20:38:05.477+0200: 116257.668: Total time for which application threads were stopped: 0.0002784 seconds, Stopping threads took: 0.0001839 seconds
2021-08-13T20:38:05.477+0200: 116257.668: Total time for which application threads were stopped: 0.0001432 seconds, Stopping threads took: 0.0000625 seconds
2021-08-13T20:38:05.478+0200: 116257.668: Total time for which application threads were stopped: 0.0001546 seconds, Stopping threads took: 0.0000589 seconds
2021-08-13T20:38:05.493+0200: 116257.684: Total time for which application threads were stopped: 0.0001772 seconds, Stopping threads took: 0.0000553 seconds
2021-08-13T20:38:05.494+0200: 116257.684: Total time for which application threads were stopped: 0.0001682 seconds, Stopping threads took: 0.0000327 seconds
2021-08-13T20:38:05.494+0200: 116257.685: Total time for which application threads were stopped: 0.0002531 seconds, Stopping threads took: 0.0001495 seconds
2021-08-13T20:38:05.495+0200: 116257.685: Total time for which application threads were stopped: 0.0001338 seconds, Stopping threads took: 0.0000457 seconds
2021-08-13T20:38:05.495+0200: 116257.686: Total time for which application threads were stopped: 0.0001282 seconds, Stopping threads took: 0.0000419 seconds
2021-08-13T20:38:05.495+0200: 116257.686: Total time for which application threads were stopped: 0.0001305 seconds, Stopping threads took: 0.0000454 seconds
2021-08-13T20:38:05.495+0200: 116257.686: Total time for which application threads were stopped: 0.0001391 seconds, Stopping threads took: 0.0000493 seconds
2021-08-13T20:38:05.495+0200: 116257.686: Total time for which application threads were stopped: 0.0001306 seconds, Stopping threads took: 0.0000448 seconds
2021-08-13T20:38:05.539+0200: 116257.730: Total time for which application threads were stopped: 0.0004382 seconds, Stopping threads took: 0.0001594 seconds
2021-08-13T20:38:05.540+0200: 116257.731: Total time for which application threads were stopped: 0.0003054 seconds, Stopping threads took: 0.0001511 seconds
2021-08-13T20:38:05.541+0200: 116257.731: Total time for which application threads were stopped: 0.0002628 seconds, Stopping threads took: 0.0001044 seconds
2021-08-13T20:38:05.566+0200: 116257.757: Total time for which application threads were stopped: 0.0002909 seconds, Stopping threads took: 0.0000687 seconds
2021-08-13T20:38:05.567+0200: 116257.757: Total time for which application threads were stopped: 0.0001259 seconds, Stopping threads took: 0.0000458 seconds
2021-08-13T20:38:05.567+0200: 116257.758: Total time for which application threads were stopped: 0.0002301 seconds, Stopping threads took: 0.0000962 seconds
2021-08-13T20:38:05.567+0200: 116257.758: Total time for which application threads were stopped: 0.0001525 seconds, Stopping threads took: 0.0000530 seconds
2021-08-13T20:38:05.568+0200: 116257.759: Total time for which application threads were stopped: 0.0001665 seconds, Stopping threads took: 0.0000675 seconds
2021-08-13T20:38:05.569+0200: 116257.759: Total time for which application threads were stopped: 0.0001982 seconds, Stopping threads took: 0.0001180 seconds
2021-08-13T20:38:05.569+0200: 116257.760: Total time for which application threads were stopped: 0.0002322 seconds, Stopping threads took: 0.0000974 seconds
2021-08-13T20:38:05.570+0200: 116257.761: Total time for which application threads were stopped: 0.0002488 seconds, Stopping threads took: 0.0001112 seconds
2021-08-13T20:38:05.570+0200: 116257.761: Total time for which application threads were stopped: 0.0001216 seconds, Stopping threads took: 0.0000409 seconds
2021-08-13T20:38:05.570+0200: 116257.761: Total time for which application threads were stopped: 0.0001332 seconds, Stopping threads took: 0.0000354 seconds
2021-08-13T20:38:05.571+0200: 116257.762: Total time for which application threads were stopped: 0.0001860 seconds, Stopping threads took: 0.0000922 seconds
2021-08-13T20:38:05.582+0200: 116257.773: Total time for which application threads were stopped: 0.0002539 seconds, Stopping threads took: 0.0000727 seconds
2021-08-13T20:38:05.850+0200: 116258.041: Total time for which application threads were stopped: 0.0004608 seconds, Stopping threads took: 0.0000615 seconds
2021-08-13T20:38:05.864+0200: 116258.054: Total time for which application threads were stopped: 0.0004338 seconds, Stopping threads took: 0.0001621 seconds
2021-08-13T20:38:05.864+0200: 116258.055: Total time for which application threads were stopped: 0.0003141 seconds, Stopping threads took: 0.0001338 seconds
2021-08-13T20:38:05.865+0200: 116258.056: Total time for which application threads were stopped: 0.0003198 seconds, Stopping threads took: 0.0001306 seconds
2021-08-13T20:38:05.866+0200: 116258.056: Total time for which application threads were stopped: 0.0003140 seconds, Stopping threads took: 0.0001069 seconds
2021-08-13T20:38:06.771+0200: 116258.961: Total time for which application threads were stopped: 0.0013735 seconds, Stopping threads took: 0.0009994 seconds
2021-08-13T20:38:06.783+0200: 116258.973: Total time for which application threads were stopped: 0.0004725 seconds, Stopping threads took: 0.0002350 seconds
2021-08-13T20:38:06.783+0200: 116258.974: Total time for which application threads were stopped: 0.0003173 seconds, Stopping threads took: 0.0001318 seconds
2021-08-13T20:38:06.784+0200: 116258.975: Total time for which application threads were stopped: 0.0003441 seconds, Stopping threads took: 0.0001013 seconds
2021-08-13T20:38:06.785+0200: 116258.975: Total time for which application threads were stopped: 0.0003052 seconds, Stopping threads took: 0.0001388 seconds
2021-08-13T20:38:06.786+0200: 116258.976: Total time for which application threads were stopped: 0.0003895 seconds, Stopping threads took: 0.0001308 seconds
2021-08-13T20:38:06.787+0200: 116258.978: Total time for which application threads were stopped: 0.0005776 seconds, Stopping threads took: 0.0003512 seconds
2021-08-13T20:38:07.788+0200: 116259.979: Total time for which application threads were stopped: 0.0005078 seconds, Stopping threads took: 0.0001103 seconds
2021-08-13T20:40:06.808+0200: 116378.999: Total time for which application threads were stopped: 0.0004850 seconds, Stopping threads took: 0.0000937 seconds
2021-08-13T20:43:05.857+0200: 116558.048: Total time for which application threads were stopped: 0.0006613 seconds, Stopping threads took: 0.0001325 seconds
2021-08-13T20:47:05.924+0200: 116798.115: Total time for which application threads were stopped: 0.0004102 seconds, Stopping threads took: 0.0000729 seconds
2021-08-13T20:52:06.018+0200: 117098.209: Total time for which application threads were stopped: 0.0016094 seconds, Stopping threads took: 0.0003070 seconds
2021-08-13T20:57:06.113+0200: 117398.304: Total time for which application threads were stopped: 0.0005490 seconds, Stopping threads took: 0.0001042 seconds
2021-08-13T21:02:06.195+0200: 117698.385: Total time for which application threads were stopped: 0.0005336 seconds, Stopping threads took: 0.0001459 seconds
2021-08-13T21:07:06.280+0200: 117998.470: Total time for which application threads were stopped: 0.0009437 seconds, Stopping threads took: 0.0002164 seconds
2021-08-13T21:12:06.375+0200: 118298.566: Total time for which application threads were stopped: 0.0008126 seconds, Stopping threads took: 0.0001889 seconds
2021-08-13T21:17:06.460+0200: 118598.651: Total time for which application threads were stopped: 0.0004456 seconds, Stopping threads took: 0.0000848 seconds
2021-08-13T21:20:30.497+0200: 118802.688: Total time for which application threads were stopped: 0.0015113 seconds, Stopping threads took: 0.0003640 seconds
2021-08-13T21:20:32.498+0200: 118804.689: Total time for which application threads were stopped: 0.0005975 seconds, Stopping threads took: 0.0001179 seconds
2021-08-13T21:22:06.566+0200: 118898.756: Total time for which application threads were stopped: 0.0026379 seconds, Stopping threads took: 0.0001194 seconds
2021-08-13T21:22:06.578+0200: 118898.768: Total time for which application threads were stopped: 0.0004058 seconds, Stopping threads took: 0.0000513 seconds
2021-08-13T21:27:06.662+0200: 119198.853: Total time for which application threads were stopped: 0.0006519 seconds, Stopping threads took: 0.0001585 seconds
2021-08-13T21:32:06.740+0200: 119498.931: Total time for which application threads were stopped: 0.0009456 seconds, Stopping threads took: 0.0000907 seconds
2021-08-13T21:33:06.757+0200: 119558.948: Total time for which application threads were stopped: 0.0011093 seconds, Stopping threads took: 0.0001350 seconds
2021-08-13T21:34:32.772+0200: 119644.962: Total time for which application threads were stopped: 0.0011234 seconds, Stopping threads took: 0.0003519 seconds
2021-08-13T21:37:06.859+0200: 119799.049: Total time for which application threads were stopped: 0.0008209 seconds, Stopping threads took: 0.0001553 seconds
2021-08-13T21:42:06.937+0200: 120099.128: Total time for which application threads were stopped: 0.0005560 seconds, Stopping threads took: 0.0002301 seconds
2021-08-13T21:42:29.941+0200: 120122.132: Total time for which application threads were stopped: 0.0003897 seconds, Stopping threads took: 0.0000798 seconds
2021-08-13T21:47:07.033+0200: 120399.224: Total time for which application threads were stopped: 0.0015149 seconds, Stopping threads took: 0.0003374 seconds
2021-08-13T21:52:07.118+0200: 120699.309: Total time for which application threads were stopped: 0.0006490 seconds, Stopping threads took: 0.0001515 seconds
2021-08-13T21:55:32.154+0200: 120904.345: Total time for which application threads were stopped: 0.0004196 seconds, Stopping threads took: 0.0000799 seconds
2021-08-13T21:57:07.194+0200: 120999.385: Total time for which application threads were stopped: 0.0005817 seconds, Stopping threads took: 0.0000988 seconds
2021-08-13T22:02:07.296+0200: 121299.486: Total time for which application threads were stopped: 0.0017476 seconds, Stopping threads took: 0.0004013 seconds
2021-08-13T22:07:07.382+0200: 121599.573: Total time for which application threads were stopped: 0.0005803 seconds, Stopping threads took: 0.0001217 seconds
2021-08-13T22:10:36.417+0200: 121808.607: Total time for which application threads were stopped: 0.0015739 seconds, Stopping threads took: 0.0004016 seconds
2021-08-13T22:12:07.490+0200: 121899.681: Total time for which application threads were stopped: 0.0007063 seconds, Stopping threads took: 0.0000921 seconds
2021-08-13T22:17:07.582+0200: 122199.773: Total time for which application threads were stopped: 0.0007193 seconds, Stopping threads took: 0.0001536 seconds
2021-08-13T22:22:07.689+0200: 122499.880: Total time for which application threads were stopped: 0.0015358 seconds, Stopping threads took: 0.0003747 seconds
2021-08-13T22:27:07.782+0200: 122799.973: Total time for which application threads were stopped: 0.0008952 seconds, Stopping threads took: 0.0002655 seconds
2021-08-13T22:32:07.873+0200: 123100.064: Total time for which application threads were stopped: 0.0016071 seconds, Stopping threads took: 0.0003312 seconds
2021-08-13T22:37:07.959+0200: 123400.150: Total time for which application threads were stopped: 0.0006348 seconds, Stopping threads took: 0.0001116 seconds
2021-08-13T22:42:08.047+0200: 123700.237: Total time for which application threads were stopped: 0.0017973 seconds, Stopping threads took: 0.0003836 seconds
2021-08-13T22:47:08.142+0200: 124000.333: Total time for which application threads were stopped: 0.0006852 seconds, Stopping threads took: 0.0001339 seconds
2021-08-13T22:52:08.220+0200: 124300.410: Total time for which application threads were stopped: 0.0008589 seconds, Stopping threads took: 0.0001246 seconds
2021-08-13T22:57:08.322+0200: 124600.513: Total time for which application threads were stopped: 0.0014509 seconds, Stopping threads took: 0.0003661 seconds
2021-08-13T23:02:08.399+0200: 124900.590: Total time for which application threads were stopped: 0.0017927 seconds, Stopping threads took: 0.0000759 seconds
2021-08-13T23:02:08.403+0200: 124900.594: Total time for which application threads were stopped: 0.0002836 seconds, Stopping threads took: 0.0000450 seconds
2021-08-13T23:07:08.508+0200: 125200.699: Total time for which application threads were stopped: 0.0024856 seconds, Stopping threads took: 0.0004121 seconds
2021-08-13T23:08:08.526+0200: 125260.716: Total time for which application threads were stopped: 0.0009370 seconds, Stopping threads took: 0.0001633 seconds
2021-08-13T23:12:08.595+0200: 125500.786: Total time for which application threads were stopped: 0.0003983 seconds, Stopping threads took: 0.0000738 seconds
2021-08-13T23:17:08.688+0200: 125800.879: Total time for which application threads were stopped: 0.0016885 seconds, Stopping threads took: 0.0003465 seconds
2021-08-13T23:22:08.795+0200: 126100.986: Total time for which application threads were stopped: 0.0007081 seconds, Stopping threads took: 0.0001789 seconds
2021-08-13T23:27:08.876+0200: 126401.067: Total time for which application threads were stopped: 0.0005801 seconds, Stopping threads took: 0.0000967 seconds
2021-08-13T23:32:08.981+0200: 126701.172: Total time for which application threads were stopped: 0.0017645 seconds, Stopping threads took: 0.0003689 seconds
2021-08-13T23:35:10.012+0200: 126882.203: Total time for which application threads were stopped: 0.0004509 seconds, Stopping threads took: 0.0001352 seconds
2021-08-13T23:36:10.022+0200: 126942.213: Total time for which application threads were stopped: 0.0003792 seconds, Stopping threads took: 0.0000827 seconds
2021-08-13T23:37:09.063+0200: 127001.254: Total time for which application threads were stopped: 0.0004238 seconds, Stopping threads took: 0.0000726 seconds
2021-08-13T23:42:09.158+0200: 127301.349: Total time for which application threads were stopped: 0.0017304 seconds, Stopping threads took: 0.0003376 seconds
2021-08-13T23:47:09.248+0200: 127601.438: Total time for which application threads were stopped: 0.0005884 seconds, Stopping threads took: 0.0001376 seconds
2021-08-13T23:52:09.324+0200: 127901.514: Total time for which application threads were stopped: 0.0004058 seconds, Stopping threads took: 0.0000728 seconds
2021-08-13T23:57:09.429+0200: 128201.620: Total time for which application threads were stopped: 0.0012386 seconds, Stopping threads took: 0.0002441 seconds
2021-08-13T23:57:10.429+0200: 128202.620: Total time for which application threads were stopped: 0.0003523 seconds, Stopping threads took: 0.0000702 seconds
2021-08-13T23:58:10.440+0200: 128262.631: Total time for which application threads were stopped: 0.0005541 seconds, Stopping threads took: 0.0001168 seconds
2021-08-14T00:02:09.512+0200: 128501.703: Total time for which application threads were stopped: 0.0004347 seconds, Stopping threads took: 0.0000902 seconds
2021-08-14T00:07:09.621+0200: 128801.811: Total time for which application threads were stopped: 0.0016142 seconds, Stopping threads took: 0.0003964 seconds
2021-08-14T00:12:09.704+0200: 129101.895: Total time for which application threads were stopped: 0.0006902 seconds, Stopping threads took: 0.0001772 seconds
2021-08-14T00:17:09.793+0200: 129401.984: Total time for which application threads were stopped: 0.0010538 seconds, Stopping threads took: 0.0003063 seconds
2021-08-14T00:18:10.803+0200: 129462.994: Total time for which application threads were stopped: 0.0005611 seconds, Stopping threads took: 0.0001249 seconds
2021-08-14T00:22:09.911+0200: 129702.102: Total time for which application threads were stopped: 0.0005202 seconds, Stopping threads took: 0.0001135 seconds
2021-08-14T00:27:09.994+0200: 130002.185: Total time for which application threads were stopped: 0.0006664 seconds, Stopping threads took: 0.0002623 seconds
2021-08-14T00:29:42.018+0200: 130154.208: Total time for which application threads were stopped: 0.0004148 seconds, Stopping threads took: 0.0000710 seconds
2021-08-14T00:31:33.998+0200: 130266.189: Total time for which application threads were stopped: 0.0013206 seconds, Stopping threads took: 0.0002959 seconds
2021-08-14T00:31:34.006+0200: 130266.197: Total time for which application threads were stopped: 0.0002165 seconds, Stopping threads took: 0.0000323 seconds
2021-08-14T00:31:34.449+0200: 130266.640: Total time for which application threads were stopped: 0.0006911 seconds, Stopping threads took: 0.0004270 seconds
2021-08-14T00:31:34.450+0200: 130266.640: Total time for which application threads were stopped: 0.0002277 seconds, Stopping threads took: 0.0001332 seconds
2021-08-14T00:31:34.450+0200: 130266.641: Total time for which application threads were stopped: 0.0001812 seconds, Stopping threads took: 0.0001012 seconds
2021-08-14T00:31:34.451+0200: 130266.642: Total time for which application threads were stopped: 0.0001686 seconds, Stopping threads took: 0.0000751 seconds
2021-08-14T00:31:34.451+0200: 130266.642: Total time for which application threads were stopped: 0.0000956 seconds, Stopping threads took: 0.0000197 seconds
2021-08-14T00:31:34.451+0200: 130266.642: Total time for which application threads were stopped: 0.0000844 seconds, Stopping threads took: 0.0000181 seconds
2021-08-14T00:31:34.452+0200: 130266.642: Total time for which application threads were stopped: 0.0001424 seconds, Stopping threads took: 0.0000701 seconds
2021-08-14T00:31:34.452+0200: 130266.643: Total time for which application threads were stopped: 0.0004151 seconds, Stopping threads took: 0.0000571 seconds
2021-08-14T00:31:34.453+0200: 130266.643: Total time for which application threads were stopped: 0.0001276 seconds, Stopping threads took: 0.0000357 seconds
2021-08-14T00:31:34.453+0200: 130266.643: Total time for which application threads were stopped: 0.0001986 seconds, Stopping threads took: 0.0000916 seconds
2021-08-14T00:31:34.473+0200: 130266.664: Total time for which application threads were stopped: 0.0003583 seconds, Stopping threads took: 0.0001426 seconds
2021-08-14T00:31:34.474+0200: 130266.664: Total time for which application threads were stopped: 0.0001937 seconds, Stopping threads took: 0.0001081 seconds
2021-08-14T00:31:34.475+0200: 130266.665: Total time for which application threads were stopped: 0.0001939 seconds, Stopping threads took: 0.0000925 seconds
2021-08-14T00:31:34.475+0200: 130266.666: Total time for which application threads were stopped: 0.0003874 seconds, Stopping threads took: 0.0000861 seconds
2021-08-14T00:31:34.480+0200: 130266.671: Total time for which application threads were stopped: 0.0002242 seconds, Stopping threads took: 0.0001257 seconds
2021-08-14T00:31:34.481+0200: 130266.672: Total time for which application threads were stopped: 0.0002666 seconds, Stopping threads took: 0.0001292 seconds
2021-08-14T00:31:34.482+0200: 130266.672: Total time for which application threads were stopped: 0.0001762 seconds, Stopping threads took: 0.0000925 seconds
2021-08-14T00:31:34.503+0200: 130266.694: Total time for which application threads were stopped: 0.0003255 seconds, Stopping threads took: 0.0001037 seconds
2021-08-14T00:31:34.504+0200: 130266.694: Total time for which application threads were stopped: 0.0001668 seconds, Stopping threads took: 0.0000837 seconds
2021-08-14T00:31:34.504+0200: 130266.695: Total time for which application threads were stopped: 0.0001550 seconds, Stopping threads took: 0.0000738 seconds
2021-08-14T00:31:34.504+0200: 130266.695: Total time for which application threads were stopped: 0.0001830 seconds, Stopping threads took: 0.0001166 seconds
2021-08-14T00:31:34.505+0200: 130266.695: Total time for which application threads were stopped: 0.0001942 seconds, Stopping threads took: 0.0001255 seconds
2021-08-14T00:31:34.505+0200: 130266.696: Total time for which application threads were stopped: 0.0001433 seconds, Stopping threads took: 0.0000765 seconds
2021-08-14T00:31:34.505+0200: 130266.696: Total time for which application threads were stopped: 0.0001419 seconds, Stopping threads took: 0.0000742 seconds
2021-08-14T00:31:34.505+0200: 130266.696: Total time for which application threads were stopped: 0.0001110 seconds, Stopping threads took: 0.0000488 seconds
2021-08-14T00:31:34.506+0200: 130266.696: Total time for which application threads were stopped: 0.0001295 seconds, Stopping threads took: 0.0000663 seconds
2021-08-14T00:31:34.506+0200: 130266.697: Total time for which application threads were stopped: 0.0001630 seconds, Stopping threads took: 0.0000765 seconds
2021-08-14T00:31:34.506+0200: 130266.697: Total time for which application threads were stopped: 0.0001356 seconds, Stopping threads took: 0.0000671 seconds
2021-08-14T00:31:34.507+0200: 130266.697: Total time for which application threads were stopped: 0.0001323 seconds, Stopping threads took: 0.0000565 seconds
2021-08-14T00:31:34.507+0200: 130266.697: Total time for which application threads were stopped: 0.0001148 seconds, Stopping threads took: 0.0000519 seconds
2021-08-14T00:31:34.507+0200: 130266.698: Total time for which application threads were stopped: 0.0001227 seconds, Stopping threads took: 0.0000597 seconds
2021-08-14T00:31:34.507+0200: 130266.698: Total time for which application threads were stopped: 0.0001190 seconds, Stopping threads took: 0.0000501 seconds
2021-08-14T00:31:34.566+0200: 130266.756: Total time for which application threads were stopped: 0.0004025 seconds, Stopping threads took: 0.0001285 seconds
2021-08-14T00:31:34.566+0200: 130266.757: Total time for which application threads were stopped: 0.0002243 seconds, Stopping threads took: 0.0000822 seconds
2021-08-14T00:31:34.684+0200: 130266.874: Total time for which application threads were stopped: 0.0003153 seconds, Stopping threads took: 0.0000622 seconds
2021-08-14T00:31:34.684+0200: 130266.875: Total time for which application threads were stopped: 0.0001329 seconds, Stopping threads took: 0.0000234 seconds
2021-08-14T00:31:34.686+0200: 130266.876: Total time for which application threads were stopped: 0.0005827 seconds, Stopping threads took: 0.0000442 seconds
2021-08-14T00:31:34.687+0200: 130266.878: Total time for which application threads were stopped: 0.0007376 seconds, Stopping threads took: 0.0002550 seconds
2021-08-14T00:31:34.689+0200: 130266.879: Total time for which application threads were stopped: 0.0002317 seconds, Stopping threads took: 0.0000420 seconds
2021-08-14T00:31:34.694+0200: 130266.885: Total time for which application threads were stopped: 0.0004794 seconds, Stopping threads took: 0.0002150 seconds
2021-08-14T00:31:34.704+0200: 130266.895: Total time for which application threads were stopped: 0.0003001 seconds, Stopping threads took: 0.0001340 seconds
2021-08-14T00:31:34.705+0200: 130266.896: Total time for which application threads were stopped: 0.0003180 seconds, Stopping threads took: 0.0001645 seconds
2021-08-14T00:31:34.709+0200: 130266.900: Total time for which application threads were stopped: 0.0003356 seconds, Stopping threads took: 0.0001546 seconds
2021-08-14T00:31:34.710+0200: 130266.901: Total time for which application threads were stopped: 0.0003189 seconds, Stopping threads took: 0.0001380 seconds
2021-08-14T00:31:34.711+0200: 130266.902: Total time for which application threads were stopped: 0.0002859 seconds, Stopping threads took: 0.0001574 seconds
2021-08-14T00:31:34.712+0200: 130266.903: Total time for which application threads were stopped: 0.0002918 seconds, Stopping threads took: 0.0001297 seconds
2021-08-14T00:31:34.712+0200: 130266.903: Total time for which application threads were stopped: 0.0001853 seconds, Stopping threads took: 0.0000545 seconds
2021-08-14T00:31:34.713+0200: 130266.904: Total time for which application threads were stopped: 0.0002581 seconds, Stopping threads took: 0.0001106 seconds
2021-08-14T00:31:34.714+0200: 130266.905: Total time for which application threads were stopped: 0.0002945 seconds, Stopping threads took: 0.0000690 seconds
2021-08-14T00:31:34.715+0200: 130266.906: Total time for which application threads were stopped: 0.0002234 seconds, Stopping threads took: 0.0000551 seconds
2021-08-14T00:31:35.716+0200: 130267.907: Total time for which application threads were stopped: 0.0004731 seconds, Stopping threads took: 0.0000782 seconds
2021-08-14T00:31:36.717+0200: 130268.907: Total time for which application threads were stopped: 0.0003857 seconds, Stopping threads took: 0.0000767 seconds
{Heap before GC invocations=14 (full 0):
 garbage-first heap   total 524288K, used 340014K [0x00000000e0000000, 0x00000000e0101000, 0x0000000100000000)
  region size 1024K, 307 young (314368K), 30 survivors (30720K)
 Metaspace       used 59864K, capacity 62880K, committed 63000K, reserved 1103872K
  class space    used 7276K, capacity 7848K, committed 7960K, reserved 1048576K
2021-08-14T00:31:43.627+0200: 130275.818: [GC pause (G1 Evacuation Pause) (young)
Desired survivor size 20447232 bytes, new threshold 6 (max 15)
- age   1:    4951504 bytes,    4951504 total
- age   2:    4185224 bytes,    9136728 total
- age   3:      22232 bytes,    9158960 total
- age   4:    1076344 bytes,   10235304 total
- age   5:    4053376 bytes,   14288680 total
- age   6:    6856360 bytes,   21145040 total
, 0.0711197 secs]
   [Parallel Time: 32.9 ms, GC Workers: 8]
      [GC Worker Start (ms): Min: 130275818.7, Avg: 130275819.8, Max: 130275822.5, Diff: 3.8]
      [Ext Root Scanning (ms): Min: 0.0, Avg: 1.8, Max: 8.7, Diff: 8.7, Sum: 14.4]
      [Update RS (ms): Min: 0.0, Avg: 0.9, Max: 1.6, Diff: 1.6, Sum: 7.2]
         [Processed Buffers: Min: 0, Avg: 4.2, Max: 14, Diff: 14, Sum: 34]
      [Scan RS (ms): Min: 0.0, Avg: 0.1, Max: 0.1, Diff: 0.1, Sum: 0.4]
      [Code Root Scanning (ms): Min: 0.0, Avg: 3.6, Max: 12.0, Diff: 12.0, Sum: 29.2]
      [Object Copy (ms): Min: 17.3, Avg: 24.6, Max: 28.7, Diff: 11.3, Sum: 197.0]
      [Termination (ms): Min: 0.0, Avg: 0.3, Max: 0.7, Diff: 0.7, Sum: 2.1]
         [Termination Attempts: Min: 1, Avg: 1.4, Max: 2, Diff: 1, Sum: 11]
      [GC Worker Other (ms): Min: 0.0, Avg: 0.1, Max: 0.1, Diff: 0.0, Sum: 0.5]
      [GC Worker Total (ms): Min: 28.6, Avg: 31.4, Max: 32.8, Diff: 4.2, Sum: 250.8]
      [GC Worker End (ms): Min: 130275851.0, Avg: 130275851.1, Max: 130275851.5, Diff: 0.5]
   [Code Root Fixup: 0.3 ms]
   [Code Root Purge: 0.0 ms]
   [Clear CT: 1.0 ms]
   [Other: 36.9 ms]
      [Choose CSet: 0.0 ms]
      [Ref Proc: 32.4 ms]
      [Ref Enq: 2.0 ms]
      [Redirty Cards: 0.7 ms]
      [Humongous Register: 0.5 ms]
      [Humongous Reclaim: 0.0 ms]
      [Free CSet: 1.1 ms]
   [Eden: 277.0M(277.0M)->0.0B(281.0M) Survivors: 30720.0K->26624.0K Heap: 332.0M(512.0M)->58531.8K(512.0M)]
Heap after GC invocations=15 (full 0):
 garbage-first heap   total 524288K, used 58531K [0x00000000e0000000, 0x00000000e0101000, 0x0000000100000000)
  region size 1024K, 26 young (26624K), 26 survivors (26624K)
 Metaspace       used 59864K, capacity 62880K, committed 63000K, reserved 1103872K
  class space    used 7276K, capacity 7848K, committed 7960K, reserved 1048576K
}
 [Times: user=0.32 sys=0.00, real=0.07 secs] 
2021-08-14T00:31:43.699+0200: 130275.889: Total time for which application threads were stopped: 0.0717228 seconds, Stopping threads took: 0.0000658 seconds
2021-08-14T00:31:43.700+0200: 130275.891: Total time for which application threads were stopped: 0.0003007 seconds, Stopping threads took: 0.0000546 seconds
2021-08-14T00:31:43.703+0200: 130275.893: Total time for which application threads were stopped: 0.0006838 seconds, Stopping threads took: 0.0001952 seconds
2021-08-14T00:31:43.703+0200: 130275.894: Total time for which application threads were stopped: 0.0003351 seconds, Stopping threads took: 0.0002050 seconds
2021-08-14T00:31:43.704+0200: 130275.894: Total time for which application threads were stopped: 0.0003862 seconds, Stopping threads took: 0.0000532 seconds
2021-08-14T00:31:43.704+0200: 130275.895: Total time for which application threads were stopped: 0.0001587 seconds, Stopping threads took: 0.0000592 seconds
2021-08-14T00:31:43.705+0200: 130275.895: Total time for which application threads were stopped: 0.0001773 seconds, Stopping threads took: 0.0000796 seconds
2021-08-14T00:31:43.705+0200: 130275.896: Total time for which application threads were stopped: 0.0001800 seconds, Stopping threads took: 0.0000560 seconds
2021-08-14T00:31:43.711+0200: 130275.902: Total time for which application threads were stopped: 0.0001952 seconds, Stopping threads took: 0.0000530 seconds
2021-08-14T00:31:43.712+0200: 130275.903: Total time for which application threads were stopped: 0.0003740 seconds, Stopping threads took: 0.0002001 seconds
2021-08-14T00:31:44.014+0200: 130276.205: Total time for which application threads were stopped: 0.0004455 seconds, Stopping threads took: 0.0001416 seconds
2021-08-14T00:31:44.014+0200: 130276.205: Total time for which application threads were stopped: 0.0001226 seconds, Stopping threads took: 0.0000420 seconds
2021-08-14T00:31:44.014+0200: 130276.205: Total time for which application threads were stopped: 0.0001242 seconds, Stopping threads took: 0.0000407 seconds
2021-08-14T00:31:44.014+0200: 130276.205: Total time for which application threads were stopped: 0.0001685 seconds, Stopping threads took: 0.0000727 seconds
2021-08-14T00:31:44.015+0200: 130276.206: Total time for which application threads were stopped: 0.0001667 seconds, Stopping threads took: 0.0000808 seconds
2021-08-14T00:31:44.015+0200: 130276.206: Total time for which application threads were stopped: 0.0002410 seconds, Stopping threads took: 0.0001509 seconds
2021-08-14T00:31:44.015+0200: 130276.206: Total time for which application threads were stopped: 0.0002123 seconds, Stopping threads took: 0.0001143 seconds
2021-08-14T00:31:44.016+0200: 130276.206: Total time for which application threads were stopped: 0.0001268 seconds, Stopping threads took: 0.0000516 seconds
2021-08-14T00:31:44.016+0200: 130276.207: Total time for which application threads were stopped: 0.0003046 seconds, Stopping threads took: 0.0001902 seconds
2021-08-14T00:31:44.016+0200: 130276.207: Total time for which application threads were stopped: 0.0001533 seconds, Stopping threads took: 0.0000739 seconds
2021-08-14T00:31:44.039+0200: 130276.230: Total time for which application threads were stopped: 0.0004610 seconds, Stopping threads took: 0.0002263 seconds
2021-08-14T00:31:44.041+0200: 130276.232: Total time for which application threads were stopped: 0.0004547 seconds, Stopping threads took: 0.0002649 seconds
2021-08-14T00:31:44.042+0200: 130276.232: Total time for which application threads were stopped: 0.0003634 seconds, Stopping threads took: 0.0002195 seconds
2021-08-14T00:31:44.063+0200: 130276.253: Total time for which application threads were stopped: 0.0006703 seconds, Stopping threads took: 0.0001248 seconds
2021-08-14T00:31:44.063+0200: 130276.254: Total time for which application threads were stopped: 0.0001584 seconds, Stopping threads took: 0.0000490 seconds
2021-08-14T00:31:44.064+0200: 130276.255: Total time for which application threads were stopped: 0.0003791 seconds, Stopping threads took: 0.0000600 seconds
2021-08-14T00:31:44.065+0200: 130276.255: Total time for which application threads were stopped: 0.0002480 seconds, Stopping threads took: 0.0000555 seconds
2021-08-14T00:31:44.065+0200: 130276.256: Total time for which application threads were stopped: 0.0001747 seconds, Stopping threads took: 0.0000507 seconds
2021-08-14T00:31:44.065+0200: 130276.256: Total time for which application threads were stopped: 0.0002090 seconds, Stopping threads took: 0.0000908 seconds
2021-08-14T00:31:44.066+0200: 130276.256: Total time for which application threads were stopped: 0.0001632 seconds, Stopping threads took: 0.0000447 seconds
2021-08-14T00:31:44.066+0200: 130276.257: Total time for which application threads were stopped: 0.0001805 seconds, Stopping threads took: 0.0000741 seconds
2021-08-14T00:31:44.123+0200: 130276.314: Total time for which application threads were stopped: 0.0003778 seconds, Stopping threads took: 0.0000915 seconds
2021-08-14T00:31:44.124+0200: 130276.315: Total time for which application threads were stopped: 0.0001931 seconds, Stopping threads took: 0.0000657 seconds
2021-08-14T00:31:44.124+0200: 130276.315: Total time for which application threads were stopped: 0.0001577 seconds, Stopping threads took: 0.0000450 seconds
2021-08-14T00:31:44.125+0200: 130276.315: Total time for which application threads were stopped: 0.0002319 seconds, Stopping threads took: 0.0001035 seconds
2021-08-14T00:31:44.125+0200: 130276.316: Total time for which application threads were stopped: 0.0002095 seconds, Stopping threads took: 0.0001025 seconds
2021-08-14T00:31:44.125+0200: 130276.316: Total time for which application threads were stopped: 0.0001814 seconds, Stopping threads took: 0.0000651 seconds
2021-08-14T00:31:44.125+0200: 130276.316: Total time for which application threads were stopped: 0.0001790 seconds, Stopping threads took: 0.0000553 seconds
2021-08-14T00:31:44.126+0200: 130276.317: Total time for which application threads were stopped: 0.0002841 seconds, Stopping threads took: 0.0000988 seconds
2021-08-14T00:31:44.137+0200: 130276.328: Total time for which application threads were stopped: 0.0002722 seconds, Stopping threads took: 0.0001012 seconds
2021-08-14T00:31:44.147+0200: 130276.337: Total time for which application threads were stopped: 0.0002706 seconds, Stopping threads took: 0.0001095 seconds
2021-08-14T00:31:44.149+0200: 130276.339: Total time for which application threads were stopped: 0.0001846 seconds, Stopping threads took: 0.0000814 seconds
2021-08-14T00:31:44.149+0200: 130276.340: Total time for which application threads were stopped: 0.0001358 seconds, Stopping threads took: 0.0000435 seconds
2021-08-14T00:31:44.172+0200: 130276.362: Total time for which application threads were stopped: 0.0004087 seconds, Stopping threads took: 0.0000889 seconds
2021-08-14T00:31:44.173+0200: 130276.363: Total time for which application threads were stopped: 0.0001946 seconds, Stopping threads took: 0.0000753 seconds
2021-08-14T00:31:44.173+0200: 130276.364: Total time for which application threads were stopped: 0.0001474 seconds, Stopping threads took: 0.0000445 seconds
2021-08-14T00:31:44.173+0200: 130276.364: Total time for which application threads were stopped: 0.0001290 seconds, Stopping threads took: 0.0000485 seconds
2021-08-14T00:31:44.173+0200: 130276.364: Total time for which application threads were stopped: 0.0001901 seconds, Stopping threads took: 0.0001128 seconds
2021-08-14T00:31:44.234+0200: 130276.425: Total time for which application threads were stopped: 0.0003590 seconds, Stopping threads took: 0.0000733 seconds
2021-08-14T00:31:44.370+0200: 130276.561: Total time for which application threads were stopped: 0.0003845 seconds, Stopping threads took: 0.0000644 seconds
2021-08-14T00:31:44.380+0200: 130276.570: Total time for which application threads were stopped: 0.0004622 seconds, Stopping threads took: 0.0001853 seconds
2021-08-14T00:31:44.380+0200: 130276.571: Total time for which application threads were stopped: 0.0002292 seconds, Stopping threads took: 0.0000820 seconds
2021-08-14T00:31:44.381+0200: 130276.572: Total time for which application threads were stopped: 0.0006736 seconds, Stopping threads took: 0.0001127 seconds
2021-08-14T00:31:46.604+0200: 130278.794: Total time for which application threads were stopped: 0.0004447 seconds, Stopping threads took: 0.0001006 seconds
2021-08-14T00:31:46.615+0200: 130278.806: Total time for which application threads were stopped: 0.0003161 seconds, Stopping threads took: 0.0000736 seconds
2021-08-14T00:31:46.616+0200: 130278.807: Total time for which application threads were stopped: 0.0003149 seconds, Stopping threads took: 0.0000836 seconds
2021-08-14T00:31:46.617+0200: 130278.808: Total time for which application threads were stopped: 0.0003363 seconds, Stopping threads took: 0.0000960 seconds
2021-08-14T00:31:46.618+0200: 130278.808: Total time for which application threads were stopped: 0.0002538 seconds, Stopping threads took: 0.0000778 seconds
2021-08-14T00:31:46.618+0200: 130278.809: Total time for which application threads were stopped: 0.0002519 seconds, Stopping threads took: 0.0000674 seconds
2021-08-14T00:31:46.620+0200: 130278.811: Total time for which application threads were stopped: 0.0002411 seconds, Stopping threads took: 0.0000626 seconds
2021-08-14T00:32:10.083+0200: 130302.273: Total time for which application threads were stopped: 0.0004377 seconds, Stopping threads took: 0.0000875 seconds
2021-08-14T00:33:47.100+0200: 130399.290: Total time for which application threads were stopped: 0.0006976 seconds, Stopping threads took: 0.0001633 seconds
2021-08-14T00:37:10.156+0200: 130602.347: Total time for which application threads were stopped: 0.0003923 seconds, Stopping threads took: 0.0000749 seconds
2021-08-14T00:38:30.170+0200: 130682.361: Total time for which application threads were stopped: 0.0003884 seconds, Stopping threads took: 0.0000816 seconds
2021-08-14T00:42:10.226+0200: 130902.417: Total time for which application threads were stopped: 0.0004883 seconds, Stopping threads took: 0.0001390 seconds
2021-08-14T00:47:10.326+0200: 131202.517: Total time for which application threads were stopped: 0.0015440 seconds, Stopping threads took: 0.0003105 seconds
2021-08-14T00:52:10.409+0200: 131502.599: Total time for which application threads were stopped: 0.0006664 seconds, Stopping threads took: 0.0001324 seconds
2021-08-14T00:57:10.491+0200: 131802.681: Total time for which application threads were stopped: 0.0010808 seconds, Stopping threads took: 0.0001456 seconds
2021-08-14T01:02:10.591+0200: 132102.782: Total time for which application threads were stopped: 0.0012634 seconds, Stopping threads took: 0.0002848 seconds
2021-08-14T01:07:10.672+0200: 132402.863: Total time for which application threads were stopped: 0.0004291 seconds, Stopping threads took: 0.0001353 seconds
2021-08-14T01:12:10.769+0200: 132702.960: Total time for which application threads were stopped: 0.0017914 seconds, Stopping threads took: 0.0003698 seconds
2021-08-14T01:17:10.857+0200: 133003.047: Total time for which application threads were stopped: 0.0005417 seconds, Stopping threads took: 0.0001188 seconds
2021-08-14T01:22:10.951+0200: 133303.142: Total time for which application threads were stopped: 0.0019938 seconds, Stopping threads took: 0.0004120 seconds
2021-08-14T01:27:11.038+0200: 133603.229: Total time for which application threads were stopped: 0.0006588 seconds, Stopping threads took: 0.0001584 seconds
2021-08-14T01:32:11.118+0200: 133903.309: Total time for which application threads were stopped: 0.0006391 seconds, Stopping threads took: 0.0001497 seconds
2021-08-14T01:37:11.206+0200: 134203.397: Total time for which application threads were stopped: 0.0017495 seconds, Stopping threads took: 0.0003631 seconds
2021-08-14T01:42:11.293+0200: 134503.484: Total time for which application threads were stopped: 0.0005931 seconds, Stopping threads took: 0.0001342 seconds
2021-08-14T01:47:11.365+0200: 134803.555: Total time for which application threads were stopped: 0.0004050 seconds, Stopping threads took: 0.0000740 seconds
2021-08-14T01:52:11.462+0200: 135103.652: Total time for which application threads were stopped: 0.0015179 seconds, Stopping threads took: 0.0003114 seconds
2021-08-14T01:57:11.547+0200: 135403.738: Total time for which application threads were stopped: 0.0006020 seconds, Stopping threads took: 0.0001595 seconds
2021-08-14T02:00:22.580+0200: 135594.770: Total time for which application threads were stopped: 0.0004120 seconds, Stopping threads took: 0.0000732 seconds
2021-08-14T02:00:23.690+0200: 135595.881: Total time for which application threads were stopped: 0.0003853 seconds, Stopping threads took: 0.0001410 seconds
2021-08-14T02:00:23.691+0200: 135595.881: Total time for which application threads were stopped: 0.0001820 seconds, Stopping threads took: 0.0000762 seconds
2021-08-14T02:00:23.691+0200: 135595.882: Total time for which application threads were stopped: 0.0001801 seconds, Stopping threads took: 0.0000575 seconds
2021-08-14T02:00:23.691+0200: 135595.882: Total time for which application threads were stopped: 0.0001558 seconds, Stopping threads took: 0.0000684 seconds
2021-08-14T02:00:23.692+0200: 135595.882: Total time for which application threads were stopped: 0.0001356 seconds, Stopping threads took: 0.0000513 seconds
2021-08-14T02:00:23.692+0200: 135595.883: Total time for which application threads were stopped: 0.0001531 seconds, Stopping threads took: 0.0000557 seconds
2021-08-14T02:00:23.692+0200: 135595.883: Total time for which application threads were stopped: 0.0002160 seconds, Stopping threads took: 0.0001056 seconds
2021-08-14T02:00:23.692+0200: 135595.883: Total time for which application threads were stopped: 0.0001527 seconds, Stopping threads took: 0.0000554 seconds
2021-08-14T02:00:23.693+0200: 135595.883: Total time for which application threads were stopped: 0.0001299 seconds, Stopping threads took: 0.0000312 seconds
2021-08-14T02:00:23.693+0200: 135595.884: Total time for which application threads were stopped: 0.0001414 seconds, Stopping threads took: 0.0000442 seconds
2021-08-14T02:00:23.696+0200: 135595.887: Total time for which application threads were stopped: 0.0014074 seconds, Stopping threads took: 0.0012790 seconds
2021-08-14T02:00:23.697+0200: 135595.887: Total time for which application threads were stopped: 0.0002092 seconds, Stopping threads took: 0.0000900 seconds
2021-08-14T02:00:23.701+0200: 135595.892: Total time for which application threads were stopped: 0.0002129 seconds, Stopping threads took: 0.0001022 seconds
2021-08-14T02:00:23.702+0200: 135595.893: Total time for which application threads were stopped: 0.0001955 seconds, Stopping threads took: 0.0001064 seconds
2021-08-14T02:00:23.703+0200: 135595.894: Total time for which application threads were stopped: 0.0001990 seconds, Stopping threads took: 0.0001120 seconds
2021-08-14T02:00:23.704+0200: 135595.894: Total time for which application threads were stopped: 0.0001936 seconds, Stopping threads took: 0.0001072 seconds
2021-08-14T02:00:23.704+0200: 135595.895: Total time for which application threads were stopped: 0.0002556 seconds, Stopping threads took: 0.0001535 seconds
2021-08-14T02:00:23.704+0200: 135595.895: Total time for which application threads were stopped: 0.0001373 seconds, Stopping threads took: 0.0000618 seconds
2021-08-14T02:00:23.705+0200: 135595.895: Total time for which application threads were stopped: 0.0002348 seconds, Stopping threads took: 0.0001582 seconds
2021-08-14T02:00:23.709+0200: 135595.900: Total time for which application threads were stopped: 0.0003034 seconds, Stopping threads took: 0.0002004 seconds
2021-08-14T02:00:23.710+0200: 135595.901: Total time for which application threads were stopped: 0.0001655 seconds, Stopping threads took: 0.0000592 seconds
2021-08-14T02:00:23.710+0200: 135595.901: Total time for which application threads were stopped: 0.0001395 seconds, Stopping threads took: 0.0000582 seconds
2021-08-14T02:00:23.710+0200: 135595.901: Total time for which application threads were stopped: 0.0001413 seconds, Stopping threads took: 0.0000671 seconds
2021-08-14T02:00:23.711+0200: 135595.901: Total time for which application threads were stopped: 0.0001636 seconds, Stopping threads took: 0.0000732 seconds
2021-08-14T02:00:23.711+0200: 135595.902: Total time for which application threads were stopped: 0.0001442 seconds, Stopping threads took: 0.0000627 seconds
2021-08-14T02:00:23.711+0200: 135595.902: Total time for which application threads were stopped: 0.0002082 seconds, Stopping threads took: 0.0001351 seconds
2021-08-14T02:00:23.718+0200: 135595.909: Total time for which application threads were stopped: 0.0045445 seconds, Stopping threads took: 0.0044304 seconds
2021-08-14T02:00:23.719+0200: 135595.910: Total time for which application threads were stopped: 0.0006987 seconds, Stopping threads took: 0.0006284 seconds
2021-08-14T02:00:23.719+0200: 135595.910: Total time for which application threads were stopped: 0.0001491 seconds, Stopping threads took: 0.0000636 seconds
2021-08-14T02:00:23.722+0200: 135595.913: Total time for which application threads were stopped: 0.0001114 seconds, Stopping threads took: 0.0000283 seconds
2021-08-14T02:00:23.722+0200: 135595.913: Total time for which application threads were stopped: 0.0001026 seconds, Stopping threads took: 0.0000180 seconds
2021-08-14T02:00:23.723+0200: 135595.914: Total time for which application threads were stopped: 0.0001030 seconds, Stopping threads took: 0.0000216 seconds
2021-08-14T02:00:23.723+0200: 135595.914: Total time for which application threads were stopped: 0.0000787 seconds, Stopping threads took: 0.0000171 seconds
2021-08-14T02:00:23.724+0200: 135595.914: Total time for which application threads were stopped: 0.0000937 seconds, Stopping threads took: 0.0000213 seconds
2021-08-14T02:00:23.724+0200: 135595.914: Total time for which application threads were stopped: 0.0000769 seconds, Stopping threads took: 0.0000159 seconds
2021-08-14T02:00:23.724+0200: 135595.915: Total time for which application threads were stopped: 0.0000752 seconds, Stopping threads took: 0.0000152 seconds
2021-08-14T02:00:23.724+0200: 135595.915: Total time for which application threads were stopped: 0.0000743 seconds, Stopping threads took: 0.0000151 seconds
2021-08-14T02:00:23.724+0200: 135595.915: Total time for which application threads were stopped: 0.0000941 seconds, Stopping threads took: 0.0000215 seconds
2021-08-14T02:00:23.725+0200: 135595.915: Total time for which application threads were stopped: 0.0000932 seconds, Stopping threads took: 0.0000207 seconds
2021-08-14T02:00:23.725+0200: 135595.916: Total time for which application threads were stopped: 0.0000779 seconds, Stopping threads took: 0.0000164 seconds
2021-08-14T02:00:23.725+0200: 135595.916: Total time for which application threads were stopped: 0.0001251 seconds, Stopping threads took: 0.0000625 seconds
2021-08-14T02:00:23.726+0200: 135595.916: Total time for which application threads were stopped: 0.0001991 seconds, Stopping threads took: 0.0000458 seconds
2021-08-14T02:00:23.726+0200: 135595.917: Total time for which application threads were stopped: 0.0001569 seconds, Stopping threads took: 0.0000880 seconds
2021-08-14T02:00:23.726+0200: 135595.917: Total time for which application threads were stopped: 0.0001904 seconds, Stopping threads took: 0.0000540 seconds
2021-08-14T02:00:23.727+0200: 135595.917: Total time for which application threads were stopped: 0.0001407 seconds, Stopping threads took: 0.0000692 seconds
2021-08-14T02:00:23.751+0200: 135595.942: Total time for which application threads were stopped: 0.0003340 seconds, Stopping threads took: 0.0000855 seconds
2021-08-14T02:00:23.860+0200: 135596.051: Total time for which application threads were stopped: 0.0002040 seconds, Stopping threads took: 0.0000446 seconds
2021-08-14T02:00:23.861+0200: 135596.051: Total time for which application threads were stopped: 0.0001007 seconds, Stopping threads took: 0.0000278 seconds
2021-08-14T02:00:23.862+0200: 135596.052: Total time for which application threads were stopped: 0.0001369 seconds, Stopping threads took: 0.0000554 seconds
2021-08-14T02:00:23.862+0200: 135596.052: Total time for which application threads were stopped: 0.0001210 seconds, Stopping threads took: 0.0000569 seconds
2021-08-14T02:00:23.862+0200: 135596.053: Total time for which application threads were stopped: 0.0001246 seconds, Stopping threads took: 0.0000508 seconds
2021-08-14T02:00:23.863+0200: 135596.053: Total time for which application threads were stopped: 0.0001295 seconds, Stopping threads took: 0.0000465 seconds
Heap
 garbage-first heap   total 524288K, used 183459K [0x00000000e0000000, 0x00000000e0101000, 0x0000000100000000)
  region size 1024K, 149 young (152576K), 26 survivors (26624K)
 Metaspace       used 60157K, capacity 63280K, committed 63512K, reserved 1105920K
  class space    used 7313K, capacity 7902K, committed 7960K, reserved 1048576K
